Archive member included to satisfy reference by file (symbol)

../../MCSDK_v5.4.5/MotorControl/lib\libmc-gcc_M4_NoCCMRAM.lib(revup_ctrl.o)
                              Application/User/mc_tasks.o (RUC_Init)
../../MCSDK_v5.4.5/MotorControl/lib\libmc-gcc_M4_NoCCMRAM.lib(sto_pll_speed_pos_fdbk.o)
                              Application/User/mc_tasks.o (STO_PLL_CalcElAngle)
c:/st/stm32cubeide_1.6.0/stm32cubeide/plugins/com.st.stm32cube.ide.mcu.externaltools.gnu-tools-for-stm32.9-2020-q2-update.win32_1.5.0.202011040924/tools/bin/../lib/gcc/arm-none-eabi/9.3.1/../../../../arm-none-eabi/lib/thumb/v7e-m+fp/hard\libc_nano.a(lib_a-errno.o)
                              Application/User/syscalls.o (__errno)
c:/st/stm32cubeide_1.6.0/stm32cubeide/plugins/com.st.stm32cube.ide.mcu.externaltools.gnu-tools-for-stm32.9-2020-q2-update.win32_1.5.0.202011040924/tools/bin/../lib/gcc/arm-none-eabi/9.3.1/../../../../arm-none-eabi/lib/thumb/v7e-m+fp/hard\libc_nano.a(lib_a-exit.o)
                              c:/st/stm32cubeide_1.6.0/stm32cubeide/plugins/com.st.stm32cube.ide.mcu.externaltools.gnu-tools-for-stm32.9-2020-q2-update.win32_1.5.0.202011040924/tools/bin/../lib/gcc/arm-none-eabi/9.3.1/../../../../arm-none-eabi/lib/thumb/v7e-m+fp/hard/crt0.o (exit)
c:/st/stm32cubeide_1.6.0/stm32cubeide/plugins/com.st.stm32cube.ide.mcu.externaltools.gnu-tools-for-stm32.9-2020-q2-update.win32_1.5.0.202011040924/tools/bin/../lib/gcc/arm-none-eabi/9.3.1/../../../../arm-none-eabi/lib/thumb/v7e-m+fp/hard\libc_nano.a(lib_a-impure.o)
                              c:/st/stm32cubeide_1.6.0/stm32cubeide/plugins/com.st.stm32cube.ide.mcu.externaltools.gnu-tools-for-stm32.9-2020-q2-update.win32_1.5.0.202011040924/tools/bin/../lib/gcc/arm-none-eabi/9.3.1/../../../../arm-none-eabi/lib/thumb/v7e-m+fp/hard\libc_nano.a(lib_a-exit.o) (_global_impure_ptr)
c:/st/stm32cubeide_1.6.0/stm32cubeide/plugins/com.st.stm32cube.ide.mcu.externaltools.gnu-tools-for-stm32.9-2020-q2-update.win32_1.5.0.202011040924/tools/bin/../lib/gcc/arm-none-eabi/9.3.1/../../../../arm-none-eabi/lib/thumb/v7e-m+fp/hard\libc_nano.a(lib_a-init.o)
                              c:/st/stm32cubeide_1.6.0/stm32cubeide/plugins/com.st.stm32cube.ide.mcu.externaltools.gnu-tools-for-stm32.9-2020-q2-update.win32_1.5.0.202011040924/tools/bin/../lib/gcc/arm-none-eabi/9.3.1/../../../../arm-none-eabi/lib/thumb/v7e-m+fp/hard/crt0.o (__libc_init_array)
c:/st/stm32cubeide_1.6.0/stm32cubeide/plugins/com.st.stm32cube.ide.mcu.externaltools.gnu-tools-for-stm32.9-2020-q2-update.win32_1.5.0.202011040924/tools/bin/../lib/gcc/arm-none-eabi/9.3.1/../../../../arm-none-eabi/lib/thumb/v7e-m+fp/hard\libc_nano.a(lib_a-memset.o)
                              c:/st/stm32cubeide_1.6.0/stm32cubeide/plugins/com.st.stm32cube.ide.mcu.externaltools.gnu-tools-for-stm32.9-2020-q2-update.win32_1.5.0.202011040924/tools/bin/../lib/gcc/arm-none-eabi/9.3.1/../../../../arm-none-eabi/lib/thumb/v7e-m+fp/hard/crt0.o (memset)
c:/st/stm32cubeide_1.6.0/stm32cubeide/plugins/com.st.stm32cube.ide.mcu.externaltools.gnu-tools-for-stm32.9-2020-q2-update.win32_1.5.0.202011040924/tools/bin/../lib/gcc/arm-none-eabi/9.3.1/../../../../arm-none-eabi/lib/thumb/v7e-m+fp/hard\libc_nano.a(lib_a-sprintf.o)
                              Application/User/main.o (sprintf)
c:/st/stm32cubeide_1.6.0/stm32cubeide/plugins/com.st.stm32cube.ide.mcu.externaltools.gnu-tools-for-stm32.9-2020-q2-update.win32_1.5.0.202011040924/tools/bin/../lib/gcc/arm-none-eabi/9.3.1/../../../../arm-none-eabi/lib/thumb/v7e-m+fp/hard\libc_nano.a(lib_a-strlen.o)
                              Application/User/main.o (strlen)
c:/st/stm32cubeide_1.6.0/stm32cubeide/plugins/com.st.stm32cube.ide.mcu.externaltools.gnu-tools-for-stm32.9-2020-q2-update.win32_1.5.0.202011040924/tools/bin/../lib/gcc/arm-none-eabi/9.3.1/../../../../arm-none-eabi/lib/thumb/v7e-m+fp/hard\libc_nano.a(lib_a-nano-svfprintf.o)
                              c:/st/stm32cubeide_1.6.0/stm32cubeide/plugins/com.st.stm32cube.ide.mcu.externaltools.gnu-tools-for-stm32.9-2020-q2-update.win32_1.5.0.202011040924/tools/bin/../lib/gcc/arm-none-eabi/9.3.1/../../../../arm-none-eabi/lib/thumb/v7e-m+fp/hard\libc_nano.a(lib_a-sprintf.o) (_svfprintf_r)
c:/st/stm32cubeide_1.6.0/stm32cubeide/plugins/com.st.stm32cube.ide.mcu.externaltools.gnu-tools-for-stm32.9-2020-q2-update.win32_1.5.0.202011040924/tools/bin/../lib/gcc/arm-none-eabi/9.3.1/../../../../arm-none-eabi/lib/thumb/v7e-m+fp/hard\libc_nano.a(lib_a-nano-vfprintf_i.o)
                              c:/st/stm32cubeide_1.6.0/stm32cubeide/plugins/com.st.stm32cube.ide.mcu.externaltools.gnu-tools-for-stm32.9-2020-q2-update.win32_1.5.0.202011040924/tools/bin/../lib/gcc/arm-none-eabi/9.3.1/../../../../arm-none-eabi/lib/thumb/v7e-m+fp/hard\libc_nano.a(lib_a-nano-svfprintf.o) (_printf_i)
[...]
Memory Configuration

Name             Origin             Length             Attributes
RAM              0x0000000020000000 0x0000000000020000 xrw
FLASH            0x0000000008000000 0x0000000000080000 xr
*default*        0x0000000000000000 0xffffffffffffffff

Linker script and memory map

LOAD c:/st/stm32cubeide_1.6.0/stm32cubeide/plugins/com.st.stm32cube.ide.mcu.externaltools.gnu-tools-for-stm32.9-2020-q2-update.win32_1.5.0.202011040924/tools/bin/../lib/gcc/arm-none-eabi/9.3.1/thumb/v7e-m+fp/hard/crti.o
LOAD c:/st/stm32cubeide_1.6.0/stm32cubeide/plugins/com.st.stm32cube.ide.mcu.externaltools.gnu-tools-for-stm32.9-2020-q2-update.win32_1.5.0.202011040924/tools/bin/../lib/gcc/arm-none-eabi/9.3.1/thumb/v7e-m+fp/hard/crtbegin.o
LOAD c:/st/stm32cubeide_1.6.0/stm32cubeide/plugins/com.st.stm32cube.ide.mcu.externaltools.gnu-tools-for-stm32.9-2020-q2-update.win32_1.5.0.202011040924/tools/bin/../lib/gcc/arm-none-eabi/9.3.1/../../../../arm-none-eabi/lib/thumb/v7e-m+fp/hard/crt0.o
LOAD Application/Startup/startup_stm32f446retx.o
LOAD Application/User/dac_ui.o
LOAD Application/User/main.o
LOAD Application/User/mc_api.o
LOAD Application/User/mc_config.o
LOAD Application/User/mc_interface.o
LOAD Application/User/mc_math.o
LOAD Application/User/mc_parameters.o
LOAD Application/User/mc_tasks.o
LOAD Application/User/motor_control_protocol.o
LOAD Application/User/motorcontrol.o
LOAD Application/User/regular_conversion_manager.o
LOAD Application/User/stm32f4xx_hal_msp.o
LOAD Application/User/stm32f4xx_it.o
LOAD Application/User/stm32f4xx_mc_it.o
LOAD Application/User/syscalls.o
LOAD Application/User/sysmem.o
LOAD Application/User/ui_task.o
LOAD Application/User/user_interface.o
LOAD Drivers/CMSIS/system_stm32f4xx.o
LOAD Drivers/STM32F4xx_HAL_Driver/stm32f4xx_hal.o
LOAD Drivers/STM32F4xx_HAL_Driver/stm32f4xx_hal_adc.o
LOAD Drivers/STM32F4xx_HAL_Driver/stm32f4xx_hal_adc_ex.o
LOAD Drivers/STM32F4xx_HAL_Driver/stm32f4xx_hal_cortex.o
LOAD Drivers/STM32F4xx_HAL_Driver/stm32f4xx_hal_dac.o
LOAD Drivers/STM32F4xx_HAL_Driver/stm32f4xx_hal_dac_ex.o
LOAD Drivers/STM32F4xx_HAL_Driver/stm32f4xx_hal_dma.o
LOAD Drivers/STM32F4xx_HAL_Driver/stm32f4xx_hal_dma_ex.o
LOAD Drivers/STM32F4xx_HAL_Driver/stm32f4xx_hal_exti.o
LOAD Drivers/STM32F4xx_HAL_Driver/stm32f4xx_hal_flash.o
LOAD Drivers/STM32F4xx_HAL_Driver/stm32f4xx_hal_flash_ex.o
LOAD Drivers/STM32F4xx_HAL_Driver/stm32f4xx_hal_flash_ramfunc.o
LOAD Drivers/STM32F4xx_HAL_Driver/stm32f4xx_hal_gpio.o
LOAD Drivers/STM32F4xx_HAL_Driver/stm32f4xx_hal_pwr.o
LOAD Drivers/STM32F4xx_HAL_Driver/stm32f4xx_hal_pwr_ex.o
LOAD Drivers/STM32F4xx_HAL_Driver/stm32f4xx_hal_rcc.o
LOAD Drivers/STM32F4xx_HAL_Driver/stm32f4xx_hal_rcc_ex.o
LOAD Drivers/STM32F4xx_HAL_Driver/stm32f4xx_hal_tim.o
LOAD Drivers/STM32F4xx_HAL_Driver/stm32f4xx_hal_tim_ex.o
LOAD Drivers/STM32F4xx_HAL_Driver/stm32f4xx_hal_uart.o
LOAD Drivers/STM32F4xx_HAL_Driver/stm32f4xx_ll_adc.o
LOAD Middlewares/MotorControl/bus_voltage_sensor.o
LOAD Middlewares/MotorControl/circle_limitation.o
LOAD Middlewares/MotorControl/dac_common_ui.o
LOAD Middlewares/MotorControl/digital_output.o
LOAD Middlewares/MotorControl/frame_communication_protocol.o
LOAD Middlewares/MotorControl/ics_f4xx_pwm_curr_fdbk.o
LOAD Middlewares/MotorControl/motor_power_measurement.o
LOAD Middlewares/MotorControl/ntc_temperature_sensor.o
LOAD Middlewares/MotorControl/open_loop.o
LOAD Middlewares/MotorControl/pid_regulator.o
LOAD Middlewares/MotorControl/pqd_motor_power_measurement.o
LOAD Middlewares/MotorControl/pwm_common.o
LOAD Middlewares/MotorControl/pwm_curr_fdbk.o
LOAD Middlewares/MotorControl/r_divider_bus_voltage_sensor.o
LOAD Middlewares/MotorControl/ramp_ext_mngr.o
LOAD Middlewares/MotorControl/speed_pos_fdbk.o
LOAD Middlewares/MotorControl/speed_torq_ctrl.o
LOAD Middlewares/MotorControl/state_machine.o
LOAD Middlewares/MotorControl/ui_irq_handler.o
LOAD Middlewares/MotorControl/usart_frame_communication_protocol.o
LOAD Middlewares/MotorControl/virtual_speed_sensor.o
LOAD ../../MCSDK_v5.4.5/MotorControl/lib\libmc-gcc_M4_NoCCMRAM.lib
START GROUP
LOAD ../../MCSDK_v5.4.5/MotorControl/lib\libmc-gcc_M4_NoCCMRAM.lib
END GROUP
START GROUP
LOAD c:/st/stm32cubeide_1.6.0/stm32cubeide/plugins/com.st.stm32cube.ide.mcu.externaltools.gnu-tools-for-stm32.9-2020-q2-update.win32_1.5.0.202011040924/tools/bin/../lib/gcc/arm-none-eabi/9.3.1/../../../../arm-none-eabi/lib/thumb/v7e-m+fp/hard\libc_nano.a
LOAD c:/st/stm32cubeide_1.6.0/stm32cubeide/plugins/com.st.stm32cube.ide.mcu.externaltools.gnu-tools-for-stm32.9-2020-q2-update.win32_1.5.0.202011040924/tools/bin/../lib/gcc/arm-none-eabi/9.3.1/../../../../arm-none-eabi/lib/thumb/v7e-m+fp/hard\libm.a
END GROUP
START GROUP
LOAD c:/st/stm32cubeide_1.6.0/stm32cubeide/plugins/com.st.stm32cube.ide.mcu.externaltools.gnu-tools-for-stm32.9-2020-q2-update.win32_1.5.0.202011040924/tools/bin/../lib/gcc/arm-none-eabi/9.3.1/thumb/v7e-m+fp/hard\libgcc.a
LOAD c:/st/stm32cubeide_1.6.0/stm32cubeide/plugins/com.st.stm32cube.ide.mcu.externaltools.gnu-tools-for-stm32.9-2020-q2-update.win32_1.5.0.202011040924/tools/bin/../lib/gcc/arm-none-eabi/9.3.1/../../../../arm-none-eabi/lib/thumb/v7e-m+fp/hard\libc_nano.a
END GROUP
START GROUP
LOAD c:/st/stm32cubeide_1.6.0/stm32cubeide/plugins/com.st.stm32cube.ide.mcu.externaltools.gnu-tools-for-stm32.9-2020-q2-update.win32_1.5.0.202011040924/tools/bin/../lib/gcc/arm-none-eabi/9.3.1/thumb/v7e-m+fp/hard\libgcc.a
LOAD c:/st/stm32cubeide_1.6.0/stm32cubeide/plugins/com.st.stm32cube.ide.mcu.externaltools.gnu-tools-for-stm32.9-2020-q2-update.win32_1.5.0.202011040924/tools/bin/../lib/gcc/arm-none-eabi/9.3.1/../../../../arm-none-eabi/lib/thumb/v7e-m+fp/hard\libc_nano.a
LOAD c:/st/stm32cubeide_1.6.0/stm32cubeide/plugins/com.st.stm32cube.ide.mcu.externaltools.gnu-tools-for-stm32.9-2020-q2-update.win32_1.5.0.202011040924/tools/bin/../lib/gcc/arm-none-eabi/9.3.1/../../../../arm-none-eabi/lib/thumb/v7e-m+fp/hard\libnosys.a
END GROUP
START GROUP
LOAD c:/st/stm32cubeide_1.6.0/stm32cubeide/plugins/com.st.stm32cube.ide.mcu.externaltools.gnu-tools-for-stm32.9-2020-q2-update.win32_1.5.0.202011040924/tools/bin/../lib/gcc/arm-none-eabi/9.3.1/thumb/v7e-m+fp/hard\libgcc.a
LOAD c:/st/stm32cubeide_1.6.0/stm32cubeide/plugins/com.st.stm32cube.ide.mcu.externaltools.gnu-tools-for-stm32.9-2020-q2-update.win32_1.5.0.202011040924/tools/bin/../lib/gcc/arm-none-eabi/9.3.1/../../../../arm-none-eabi/lib/thumb/v7e-m+fp/hard\libc_nano.a
LOAD c:/st/stm32cubeide_1.6.0/stm32cubeide/plugins/com.st.stm32cube.ide.mcu.externaltools.gnu-tools-for-stm32.9-2020-q2-update.win32_1.5.0.202011040924/tools/bin/../lib/gcc/arm-none-eabi/9.3.1/../../../../arm-none-eabi/lib/thumb/v7e-m+fp/hard\libnosys.a
END GROUP
LOAD c:/st/stm32cubeide_1.6.0/stm32cubeide/plugins/com.st.stm32cube.ide.mcu.externaltools.gnu-tools-for-stm32.9-2020-q2-update.win32_1.5.0.202011040924/tools/bin/../lib/gcc/arm-none-eabi/9.3.1/thumb/v7e-m+fp/hard/crtend.o
LOAD c:/st/stm32cubeide_1.6.0/stm32cubeide/plugins/com.st.stm32cube.ide.mcu.externaltools.gnu-tools-for-stm32.9-2020-q2-update.win32_1.5.0.202011040924/tools/bin/../lib/gcc/arm-none-eabi/9.3.1/thumb/v7e-m+fp/hard/crtn.o
                0x0000000020020000                _estack = (ORIGIN (RAM) + LENGTH (RAM))
                0x0000000000000200                _Min_Heap_Size = 0x200
                0x0000000000000400                _Min_Stack_Size = 0x400

.isr_vector     0x0000000008000000      0x1c4
                0x0000000008000000                . = ALIGN (0x4)
 *(.isr_vector)
 .isr_vector    0x0000000008000000      0x1c4 Application/Startup/startup_stm32f446retx.o
                0x0000000008000000                g_pfnVectors
                0x00000000080001c4                . = ALIGN (0x4)

.text           0x00000000080001d0     0x9dd8
                0x00000000080001d0                . = ALIGN (0x4)
 *(.text)
 .text          0x00000000080001d0       0x40 c:/st/stm32cubeide_1.6.0/stm32cubeide/plugins/com.st.stm32cube.ide.mcu.externaltools.gnu-tools-for-stm32.9-2020-q2-update.win32_1.5.0.202011040924/tools/bin/../lib/gcc/arm-none-eabi/9.3.1/thumb/v7e-m+fp/hard/crtbegin.o
 .text          0x0000000008000210       0x10 c:/st/stm32cubeide_1.6.0/stm32cubeide/plugins/com.st.stm32cube.ide.mcu.externaltools.gnu-tools-for-stm32.9-2020-q2-update.win32_1.5.0.202011040924/tools/bin/../lib/gcc/arm-none-eabi/9.3.1/../../../../arm-none-eabi/lib/thumb/v7e-m+fp/hard\libc_nano.a(lib_a-strlen.o)
                0x0000000008000210                strlen
 .text          0x0000000008000220       0xa0 c:/st/stm32cubeide_1.6.0/stm32cubeide/plugins/com.st.stm32cube.ide.mcu.externaltools.gnu-tools-for-stm32.9-2020-q2-update.win32_1.5.0.202011040924/tools/bin/../lib/gcc/arm-none-eabi/9.3.1/../../../../arm-none-eabi/lib/thumb/v7e-m+fp/hard\libc_nano.a(lib_a-memchr.o)
                0x0000000008000220                memchr
 .text          0x00000000080002c0      0x378 c:/st/stm32cubeide_1.6.0/stm32cubeide/plugins/com.st.stm32cube.ide.mcu.externaltools.gnu-tools-for-stm32.9-2020-q2-update.win32_1.5.0.202011040924/tools/bin/../lib/gcc/arm-none-eabi/9.3.1/thumb/v7e-m+fp/hard\libgcc.a(_arm_addsubdf3.o)
                0x00000000080002c0                __aeabi_drsub
                0x00000000080002c8                __aeabi_dsub
                0x00000000080002c8                __subdf3
                0x00000000080002cc                __aeabi_dadd
                0x00000000080002cc                __adddf3
                0x0000000008000544                __floatunsidf
                0x0000000008000544                __aeabi_ui2d
                0x0000000008000564                __floatsidf
                0x0000000008000564                __aeabi_i2d
                0x0000000008000588                __aeabi_f2d
                0x0000000008000588                __extendsfdf2
                0x00000000080005cc                __floatundidf
                0x00000000080005cc                __aeabi_ul2d
                0x00000000080005dc                __floatdidf
                0x00000000080005dc                __aeabi_l2d
 .text          0x0000000008000638      0x424 c:/st/stm32cubeide_1.6.0/stm32cubeide/plugins/com.st.stm32cube.ide.mcu.externaltools.gnu-tools-for-stm32.9-2020-q2-update.win32_1.5.0.202011040924/tools/bin/../lib/gcc/arm-none-eabi/9.3.1/thumb/v7e-m+fp/hard\libgcc.a(_arm_muldivdf3.o)
                0x0000000008000638                __aeabi_dmul
                0x0000000008000638                __muldf3
                0x000000000800088c                __divdf3
                0x000000000800088c                __aeabi_ddiv
 .text          0x0000000008000a5c      0x110 c:/st/stm32cubeide_1.6.0/stm32cubeide/plugins/com.st.stm32cube.ide.mcu.externaltools.gnu-tools-for-stm32.9-2020-q2-update.win32_1.5.0.202011040924/tools/bin/../lib/gcc/arm-none-eabi/9.3.1/thumb/v7e-m+fp/hard\libgcc.a(_arm_cmpdf2.o)
                0x0000000008000a5c                __gtdf2
                0x0000000008000a5c                __gedf2
                0x0000000008000a64                __ltdf2
                0x0000000008000a64                __ledf2
                0x0000000008000a6c                __nedf2
                0x0000000008000a6c                __eqdf2
                0x0000000008000a6c                __cmpdf2
                0x0000000008000ae8                __aeabi_cdrcmple
                0x0000000008000af8                __aeabi_cdcmpeq
                0x0000000008000af8                __aeabi_cdcmple
                0x0000000008000b08                __aeabi_dcmpeq
                0x0000000008000b1c                __aeabi_dcmplt
                0x0000000008000b30                __aeabi_dcmple
                0x0000000008000b44                __aeabi_dcmpge
                0x0000000008000b58                __aeabi_dcmpgt
 .text          0x0000000008000b6c       0x2c c:/st/stm32cubeide_1.6.0/stm32cubeide/plugins/com.st.stm32cube.ide.mcu.externaltools.gnu-tools-for-stm32.9-2020-q2-update.win32_1.5.0.202011040924/tools/bin/../lib/gcc/arm-none-eabi/9.3.1/thumb/v7e-m+fp/hard\libgcc.a(_arm_unorddf2.o)
                0x0000000008000b6c                __unorddf2
                0x0000000008000b6c                __aeabi_dcmpun
 .text          0x0000000008000b98       0x50 c:/st/stm32cubeide_1.6.0/stm32cubeide/plugins/com.st.stm32cube.ide.mcu.externaltools.gnu-tools-for-stm32.9-2020-q2-update.win32_1.5.0.202011040924/tools/bin/../lib/gcc/arm-none-eabi/9.3.1/thumb/v7e-m+fp/hard\libgcc.a(_arm_fixdfsi.o)
                0x0000000008000b98                __aeabi_d2iz
                0x0000000008000b98                __fixdfsi
 .text          0x0000000008000be8       0x40 c:/st/stm32cubeide_1.6.0/stm32cubeide/plugins/com.st.stm32cube.ide.mcu.externaltools.gnu-tools-for-stm32.9-2020-q2-update.win32_1.5.0.202011040924/tools/bin/../lib/gcc/arm-none-eabi/9.3.1/thumb/v7e-m+fp/hard\libgcc.a(_arm_fixunsdfsi.o)
                0x0000000008000be8                __aeabi_d2uiz
                0x0000000008000be8                __fixunsdfsi
 .text          0x0000000008000c28       0xa0 c:/st/stm32cubeide_1.6.0/stm32cubeide/plugins/com.st.stm32cube.ide.mcu.externaltools.gnu-tools-for-stm32.9-2020-q2-update.win32_1.5.0.202011040924/tools/bin/../lib/gcc/arm-none-eabi/9.3.1/thumb/v7e-m+fp/hard\libgcc.a(_arm_truncdfsf2.o)
                0x0000000008000c28                __truncdfsf2
                0x0000000008000c28                __aeabi_d2f
 .text          0x0000000008000cc8       0x30 c:/st/stm32cubeide_1.6.0/stm32cubeide/plugins/com.st.stm32cube.ide.mcu.externaltools.gnu-tools-for-stm32.9-2020-q2-update.win32_1.5.0.202011040924/tools/bin/../lib/gcc/arm-none-eabi/9.3.1/thumb/v7e-m+fp/hard\libgcc.a(_aeabi_uldivmod.o)
                0x0000000008000cc8                __aeabi_uldivmod
 .text          0x0000000008000cf8      0x2c4 c:/st/stm32cubeide_1.6.0/stm32cubeide/plugins/com.st.stm32cube.ide.mcu.externaltools.gnu-tools-for-stm32.9-2020-q2-update.win32_1.5.0.202011040924/tools/bin/../lib/gcc/arm-none-eabi/9.3.1/thumb/v7e-m+fp/hard\libgcc.a(_udivmoddi4.o)
                0x0000000008000cf8                __udivmoddi4
 .text          0x0000000008000fbc        0x4 c:/st/stm32cubeide_1.6.0/stm32cubeide/plugins/com.st.stm32cube.ide.mcu.externaltools.gnu-tools-for-stm32.9-2020-q2-update.win32_1.5.0.202011040924/tools/bin/../lib/gcc/arm-none-eabi/9.3.1/thumb/v7e-m+fp/hard\libgcc.a(_dvmd_tls.o)
                0x0000000008000fbc                __aeabi_idiv0
                0x0000000008000fbc                __aeabi_ldiv0
 *(.text*)
 .text.Reset_Handler
                0x0000000008000fc0       0x50 Application/Startup/startup_stm32f446retx.o
                0x0000000008000fc0                Reset_Handler
 .text.Default_Handler
                0x0000000008001010        0x2 Application/Startup/startup_stm32f446retx.o
                0x0000000008001010                RTC_Alarm_IRQHandler
                0x0000000008001010                EXTI2_IRQHandler
                0x0000000008001010                TIM8_CC_IRQHandler
                0x0000000008001010                DebugMon_Handler
                0x0000000008001010                FMPI2C1_EV_IRQHandler
                0x0000000008001010                SPI4_IRQHandler
                0x0000000008001010                TIM1_CC_IRQHandler
                0x0000000008001010                DMA2_Stream5_IRQHandler
                0x0000000008001010                DMA1_Stream5_IRQHandler
                0x0000000008001010                PVD_IRQHandler
                0x0000000008001010                SDIO_IRQHandler
                0x0000000008001010                TAMP_STAMP_IRQHandler
                0x0000000008001010                PendSV_Handler
                0x0000000008001010                NMI_Handler
                0x0000000008001010                CAN2_RX1_IRQHandler
                0x0000000008001010                EXTI3_IRQHandler
                0x0000000008001010                TIM8_TRG_COM_TIM14_IRQHandler
                0x0000000008001010                TIM8_UP_TIM13_IRQHandler
                0x0000000008001010                I2C3_ER_IRQHandler
                0x0000000008001010                EXTI0_IRQHandler
                0x0000000008001010                I2C2_EV_IRQHandler
                0x0000000008001010                DMA1_Stream2_IRQHandler
                0x0000000008001010                CAN1_RX0_IRQHandler
                0x0000000008001010                FPU_IRQHandler
                0x0000000008001010                OTG_HS_WKUP_IRQHandler
                0x0000000008001010                UsageFault_Handler
                0x0000000008001010                CAN2_SCE_IRQHandler
                0x0000000008001010                DMA2_Stream2_IRQHandler
                0x0000000008001010                SPI1_IRQHandler
                0x0000000008001010                TIM6_DAC_IRQHandler
                0x0000000008001010                DCMI_IRQHandler
                0x0000000008001010                CAN2_RX0_IRQHandler
                0x0000000008001010                DMA2_Stream3_IRQHandler
                0x0000000008001010                SAI2_IRQHandler
                0x0000000008001010                USART6_IRQHandler
                0x0000000008001010                USART3_IRQHandler
                0x0000000008001010                CAN1_RX1_IRQHandler
                0x0000000008001010                UART5_IRQHandler
                0x0000000008001010                DMA2_Stream0_IRQHandler
                0x0000000008001010                TIM4_IRQHandler
                0x0000000008001010                QUADSPI_IRQHandler
                0x0000000008001010                I2C1_EV_IRQHandler
                0x0000000008001010                DMA1_Stream6_IRQHandler
                0x0000000008001010                DMA1_Stream1_IRQHandler
                0x0000000008001010                UART4_IRQHandler
                0x0000000008001010                TIM3_IRQHandler
                0x0000000008001010                RCC_IRQHandler
                0x0000000008001010                TIM8_BRK_TIM12_IRQHandler
                0x0000000008001010                Default_Handler
                0x0000000008001010                CEC_IRQHandler
                0x0000000008001010                EXTI15_10_IRQHandler
                0x0000000008001010                DMA1_Stream7_IRQHandler
                0x0000000008001010                TIM7_IRQHandler
                0x0000000008001010                CAN2_TX_IRQHandler
                0x0000000008001010                TIM5_IRQHandler
                0x0000000008001010                DMA2_Stream7_IRQHandler
                0x0000000008001010                I2C3_EV_IRQHandler
                0x0000000008001010                EXTI9_5_IRQHandler
                0x0000000008001010                RTC_WKUP_IRQHandler
                0x0000000008001010                SPDIF_RX_IRQHandler
                0x0000000008001010                SPI2_IRQHandler
                0x0000000008001010                OTG_HS_EP1_IN_IRQHandler
                0x0000000008001010                MemManage_Handler
                0x0000000008001010                DMA1_Stream0_IRQHandler
                0x0000000008001010                CAN1_TX_IRQHandler
                0x0000000008001010                SVC_Handler
                0x0000000008001010                FMPI2C1_ER_IRQHandler
                0x0000000008001010                EXTI4_IRQHandler
                0x0000000008001010                OTG_HS_EP1_OUT_IRQHandler
                0x0000000008001010                WWDG_IRQHandler
                0x0000000008001010                TIM2_IRQHandler
                0x0000000008001010                OTG_FS_WKUP_IRQHandler
                0x0000000008001010                TIM1_TRG_COM_TIM11_IRQHandler
                0x0000000008001010                OTG_HS_IRQHandler
                0x0000000008001010                EXTI1_IRQHandler
                0x0000000008001010                I2C2_ER_IRQHandler
                0x0000000008001010                DMA2_Stream1_IRQHandler
                0x0000000008001010                CAN1_SCE_IRQHandler
                0x0000000008001010                FLASH_IRQHandler
                0x0000000008001010                DMA2_Stream4_IRQHandler
                0x0000000008001010                BusFault_Handler
                0x0000000008001010                USART1_IRQHandler
                0x0000000008001010                OTG_FS_IRQHandler
                0x0000000008001010                SPI3_IRQHandler
                0x0000000008001010                DMA1_Stream4_IRQHandler
                0x0000000008001010                I2C1_ER_IRQHandler
                0x0000000008001010                FMC_IRQHandler
                0x0000000008001010                DMA2_Stream6_IRQHandler
                0x0000000008001010                SAI1_IRQHandler
                0x0000000008001010                DMA1_Stream3_IRQHandler
 *fill*         0x0000000008001012        0x2 
 .text.DAC_Init
                0x0000000008001014       0x10 Application/User/dac_ui.o
                0x0000000008001014                DAC_Init
 .text.DAC_Exec
                0x0000000008001024       0x38 Application/User/dac_ui.o
                0x0000000008001024                DAC_Exec
 .text.SystemClock_Config
                0x000000000800105c       0xb4 Application/User/main.o
                0x000000000800105c                SystemClock_Config
 .text.state001
                0x0000000008001110      0x130 Application/User/main.o
                0x0000000008001110                state001
 .text.state002
                0x0000000008001240       0xcc Application/User/main.o
                0x0000000008001240                state002
 .text.state101
                0x000000000800130c       0xbc Application/User/main.o
                0x000000000800130c                state101
 .text.state102
                0x00000000080013c8       0x7c Application/User/main.o
                0x00000000080013c8                state102
 *fill*         0x0000000008001444        0x4 
 .text.state103
                0x0000000008001448       0x58 Application/User/main.o
                0x0000000008001448                state103
 .text.state104
                0x00000000080014a0       0x80 Application/User/main.o
                0x00000000080014a0                state104
 .text.state105
                0x0000000008001520       0xec Application/User/main.o
                0x0000000008001520                state105
 *fill*         0x000000000800160c        0x4 
 .text.state106
                0x0000000008001610       0xec Application/User/main.o
                0x0000000008001610                state106
 *fill*         0x00000000080016fc        0x4 
 .text.state107
                0x0000000008001700      0x120 Application/User/main.o
                0x0000000008001700                state107
 .text.state108
                0x0000000008001820      0x120 Application/User/main.o
                0x0000000008001820                state108
 .text.state109
                0x0000000008001940      0x120 Application/User/main.o
                0x0000000008001940                state109
 .text.state201
                0x0000000008001a60       0x34 Application/User/main.o
                0x0000000008001a60                state201
 *fill*         0x0000000008001a94        0x4 
 .text.state202
                0x0000000008001a98       0xa8 Application/User/main.o
                0x0000000008001a98                state202
 .text.state204
                0x0000000008001b40      0x108 Application/User/main.o
                0x0000000008001b40                state204
 .text.state298
                0x0000000008001c48       0xa8 Application/User/main.o
                0x0000000008001c48                state298
 .text.state301
                0x0000000008001cf0       0x74 Application/User/main.o
                0x0000000008001cf0                state301
 *fill*         0x0000000008001d64        0x4 
 .text.state302
                0x0000000008001d68       0x9c Application/User/main.o
                0x0000000008001d68                state302
 .text.state303
                0x0000000008001e04       0xa0 Application/User/main.o
                0x0000000008001e04                state303
 *fill*         0x0000000008001ea4        0x4 
 .text.state304
                0x0000000008001ea8      0x210 Application/User/main.o
                0x0000000008001ea8                state304
 .text.state401
                0x00000000080020b8       0x60 Application/User/main.o
                0x00000000080020b8                state401
 .text.state403
                0x0000000008002118       0x58 Application/User/main.o
                0x0000000008002118                state403
 .text.state404
                0x0000000008002170       0x58 Application/User/main.o
                0x0000000008002170                state404
 .text.state406
                0x00000000080021c8       0x28 Application/User/main.o
                0x00000000080021c8                state406
 .text.state700
                0x00000000080021f0       0x84 Application/User/main.o
                0x00000000080021f0                state700
 .text.state705
                0x0000000008002274       0x4c Application/User/main.o
                0x0000000008002274                state705
 .text.state707
                0x00000000080022c0       0xc8 Application/User/main.o
                0x00000000080022c0                state707
 .text.printState
                0x0000000008002388       0x40 Application/User/main.o
                0x0000000008002388                printState
 .text.startup.main
                0x00000000080023c8      0x98c Application/User/main.o
                0x00000000080023c8                main
 .text.MC_StartMotor1
                0x0000000008002d54        0xc Application/User/mc_api.o
                0x0000000008002d54                MC_StartMotor1
 .text.MC_StopMotor1
                0x0000000008002d60        0xc Application/User/mc_api.o
                0x0000000008002d60                MC_StopMotor1
 .text.MC_ProgramSpeedRampMotor1
                0x0000000008002d6c       0x10 Application/User/mc_api.o
                0x0000000008002d6c                MC_ProgramSpeedRampMotor1
 .text.MC_ProgramTorqueRampMotor1
                0x0000000008002d7c       0x10 Application/User/mc_api.o
                0x0000000008002d7c                MC_ProgramTorqueRampMotor1
 .text.MC_GetMecSpeedAverageMotor1
                0x0000000008002d8c        0xc Application/User/mc_api.o
                0x0000000008002d8c                MC_GetMecSpeedAverageMotor1
 .text.MC_GetPhaseCurrentAmplitudeMotor1
                0x0000000008002d98        0xc Application/User/mc_api.o
                0x0000000008002d98                MC_GetPhaseCurrentAmplitudeMotor1
 .text.MC_GetOccurredFaultsMotor1
                0x0000000008002da4        0xc Application/User/mc_api.o
                0x0000000008002da4                MC_GetOccurredFaultsMotor1
 .text.MC_GetCurrentFaultsMotor1
                0x0000000008002db0        0xc Application/User/mc_api.o
                0x0000000008002db0                MC_GetCurrentFaultsMotor1
 .text.MC_GetSTMStateMotor1
                0x0000000008002dbc        0xc Application/User/mc_api.o
                0x0000000008002dbc                MC_GetSTMStateMotor1
 .text.MCI_Init
                0x0000000008002dc8       0x1c Application/User/mc_interface.o
                0x0000000008002dc8                MCI_Init
 .text.MCI_ExecSpeedRamp
                0x0000000008002de4       0x18 Application/User/mc_interface.o
                0x0000000008002de4                MCI_ExecSpeedRamp
 .text.MCI_ExecTorqueRamp
                0x0000000008002dfc       0x14 Application/User/mc_interface.o
                0x0000000008002dfc                MCI_ExecTorqueRamp
 .text.MCI_SetCurrentReferences
                0x0000000008002e10       0x14 Application/User/mc_interface.o
                0x0000000008002e10                MCI_SetCurrentReferences
 .text.MCI_StartMotor
                0x0000000008002e24       0x14 Application/User/mc_interface.o
                0x0000000008002e24                MCI_StartMotor
 .text.MCI_StopMotor
                0x0000000008002e38        0x8 Application/User/mc_interface.o
                0x0000000008002e38                MCI_StopMotor
 .text.MCI_FaultAcknowledged
                0x0000000008002e40        0x8 Application/User/mc_interface.o
                0x0000000008002e40                MCI_FaultAcknowledged
 .text.MCI_EncoderAlign
                0x0000000008002e48        0x8 Application/User/mc_interface.o
                0x0000000008002e48                MCI_EncoderAlign
 .text.MCI_ExecBufferedCommands
                0x0000000008002e50       0x78 Application/User/mc_interface.o
                0x0000000008002e50                MCI_ExecBufferedCommands
 .text.MCI_GetSTMState
                0x0000000008002ec8        0x8 Application/User/mc_interface.o
                0x0000000008002ec8                MCI_GetSTMState
 .text.MCI_GetOccurredFaults
                0x0000000008002ed0        0xc Application/User/mc_interface.o
                0x0000000008002ed0                MCI_GetOccurredFaults
 .text.MCI_GetCurrentFaults
                0x0000000008002edc        0xc Application/User/mc_interface.o
                0x0000000008002edc                MCI_GetCurrentFaults
 .text.MCI_GetControlMode
                0x0000000008002ee8        0x4 Application/User/mc_interface.o
                0x0000000008002ee8                MCI_GetControlMode
 .text.MCI_GetImposedMotorDirection
                0x0000000008002eec       0x44 Application/User/mc_interface.o
                0x0000000008002eec                MCI_GetImposedMotorDirection
 .text.MCI_GetLastRampFinalSpeed
                0x0000000008002f30       0x10 Application/User/mc_interface.o
                0x0000000008002f30                MCI_GetLastRampFinalSpeed
 .text.MCI_StopRamp
                0x0000000008002f40        0x8 Application/User/mc_interface.o
                0x0000000008002f40                MCI_StopRamp
 .text.MCI_GetAvrgMecSpeedUnit
                0x0000000008002f48       0x10 Application/User/mc_interface.o
                0x0000000008002f48                MCI_GetAvrgMecSpeedUnit
 .text.MCI_GetMecSpeedRefUnit
                0x0000000008002f58        0x8 Application/User/mc_interface.o
                0x0000000008002f58                MCI_GetMecSpeedRefUnit
 .text.MCI_GetIab
                0x0000000008002f60       0x1c Application/User/mc_interface.o
                0x0000000008002f60                MCI_GetIab
 .text.MCI_GetIalphabeta
                0x0000000008002f7c       0x1c Application/User/mc_interface.o
                0x0000000008002f7c                MCI_GetIalphabeta
 .text.MCI_GetIqd
                0x0000000008002f98       0x1c Application/User/mc_interface.o
                0x0000000008002f98                MCI_GetIqd
 .text.MCI_GetIqdref
                0x0000000008002fb4       0x1c Application/User/mc_interface.o
                0x0000000008002fb4                MCI_GetIqdref
 .text.MCI_GetVqd
                0x0000000008002fd0       0x1c Application/User/mc_interface.o
                0x0000000008002fd0                MCI_GetVqd
 .text.MCI_GetValphabeta
                0x0000000008002fec       0x1c Application/User/mc_interface.o
                0x0000000008002fec                MCI_GetValphabeta
 .text.MCI_GetTeref
                0x0000000008003008        0x8 Application/User/mc_interface.o
                0x0000000008003008                MCI_GetTeref
 .text.MCI_GetPhaseCurrentAmplitude
                0x0000000008003010       0x28 Application/User/mc_interface.o
                0x0000000008003010                MCI_GetPhaseCurrentAmplitude
 .text.MCI_SetIdref
                0x0000000008003038       0x14 Application/User/mc_interface.o
                0x0000000008003038                MCI_SetIdref
 .text.MCI_Clear_Iqdref
                0x000000000800304c       0x14 Application/User/mc_interface.o
                0x000000000800304c                MCI_Clear_Iqdref
 .text.MCM_Clarke
                0x0000000008003060       0x54 Application/User/mc_math.o
                0x0000000008003060                MCM_Clarke
 .text.MCM_Trig_Functions
                0x00000000080030b4       0x98 Application/User/mc_math.o
                0x00000000080030b4                MCM_Trig_Functions
 .text.MCM_Park
                0x000000000800314c       0x84 Application/User/mc_math.o
                0x000000000800314c                MCM_Park
 .text.MCM_Rev_Park
                0x00000000080031d0       0x40 Application/User/mc_math.o
                0x00000000080031d0                MCM_Rev_Park
 .text.MCM_Sqrt
                0x0000000008003210       0x70 Application/User/mc_math.o
                0x0000000008003210                MCM_Sqrt
 .text.FOC_Clear
                0x0000000008003280       0x88 Application/User/mc_tasks.o
                0x0000000008003280                FOC_Clear
 .text.MCboot   0x0000000008003308      0x214 Application/User/mc_tasks.o
                0x0000000008003308                MCboot
 .text.FOC_InitAdditionalMethods
                0x000000000800351c        0x4 Application/User/mc_tasks.o
                0x000000000800351c                FOC_InitAdditionalMethods
 .text.FOC_CalcCurrRef
                0x0000000008003520       0x2c Application/User/mc_tasks.o
                0x0000000008003520                FOC_CalcCurrRef
 .text.TSK_SetStopPermanencyTimeM1
                0x000000000800354c        0xc Application/User/mc_tasks.o
                0x000000000800354c                TSK_SetStopPermanencyTimeM1
 .text.TSK_StopPermanencyTimeHasElapsedM1
                0x0000000008003558       0x14 Application/User/mc_tasks.o
                0x0000000008003558                TSK_StopPermanencyTimeHasElapsedM1
 .text.TSK_MediumFrequencyTaskM1
                0x000000000800356c      0x26c Application/User/mc_tasks.o
                0x000000000800356c                TSK_MediumFrequencyTaskM1
 .text.MC_Scheduler
                0x00000000080037d8       0x58 Application/User/mc_tasks.o
                0x00000000080037d8                MC_Scheduler
 .text.TSK_HighFrequencyTask
                0x0000000008003830      0x198 Application/User/mc_tasks.o
                0x0000000008003830                TSK_HighFrequencyTask
 .text.TSK_SafetyTask_PWMOFF
                0x00000000080039c8       0x98 Application/User/mc_tasks.o
                0x00000000080039c8                TSK_SafetyTask_PWMOFF
 .text.TSK_SafetyTask
                0x0000000008003a60       0x20 Application/User/mc_tasks.o
                0x0000000008003a60                TSK_SafetyTask
 .text.MC_RunMotorControlTasks
                0x0000000008003a80       0x20 Application/User/mc_tasks.o
                0x0000000008003a80                MC_RunMotorControlTasks
 .text.TSK_HardwareFaultTask
                0x0000000008003aa0       0x20 Application/User/mc_tasks.o
                0x0000000008003aa0                TSK_HardwareFaultTask
 .text.mc_lock_pins
                0x0000000008003ac0      0x168 Application/User/mc_tasks.o
                0x0000000008003ac0                mc_lock_pins
 .text.MCP_ReceivedFrame
                0x0000000008003c28      0x670 Application/User/motor_control_protocol.o
                0x0000000008003c28                MCP_ReceivedFrame
 .text.MCP_WaitNextFrame
                0x0000000008004298       0x1c Application/User/motor_control_protocol.o
                0x0000000008004298                MCP_WaitNextFrame
 .text.MCP_Init
                0x00000000080042b4       0x44 Application/User/motor_control_protocol.o
                0x00000000080042b4                MCP_Init
 .text.MCP_OnTimeOut
                0x00000000080042f8        0x8 Application/User/motor_control_protocol.o
                0x00000000080042f8                MCP_OnTimeOut
 .text.MCP_SentFrame
                0x0000000008004300        0x8 Application/User/motor_control_protocol.o
                0x0000000008004300                MCP_SentFrame
 .text.MX_MotorControl_Init
                0x0000000008004308       0x4c Application/User/motorcontrol.o
                0x0000000008004308                MX_MotorControl_Init
 .text.RCM_RegisterRegConv
                0x0000000008004354      0x2d0 Application/User/regular_conversion_manager.o
                0x0000000008004354                RCM_RegisterRegConv
 .text.RCM_ExecRegularConv
                0x0000000008004624       0x74 Application/User/regular_conversion_manager.o
                0x0000000008004624                RCM_ExecRegularConv
 .text.RCM_RequestUserConv
                0x0000000008004698       0x20 Application/User/regular_conversion_manager.o
                0x0000000008004698                RCM_RequestUserConv
 .text.RCM_GetUserConv
                0x00000000080046b8       0x20 Application/User/regular_conversion_manager.o
                0x00000000080046b8                RCM_GetUserConv
 .text.RCM_ExecUserConv
                0x00000000080046d8       0x54 Application/User/regular_conversion_manager.o
                0x00000000080046d8                RCM_ExecUserConv
 .text.RCM_GetUserConvState
                0x000000000800472c        0xc Application/User/regular_conversion_manager.o
                0x000000000800472c                RCM_GetUserConvState
 .text.HAL_MspInit
                0x0000000008004738       0x3c Application/User/stm32f4xx_hal_msp.o
                0x0000000008004738                HAL_MspInit
 .text.HAL_ADC_MspInit
                0x0000000008004774      0x108 Application/User/stm32f4xx_hal_msp.o
                0x0000000008004774                HAL_ADC_MspInit
 .text.HAL_DAC_MspInit
                0x000000000800487c       0x68 Application/User/stm32f4xx_hal_msp.o
                0x000000000800487c                HAL_DAC_MspInit
 .text.HAL_TIM_Base_MspInit
                0x00000000080048e4       0xf8 Application/User/stm32f4xx_hal_msp.o
                0x00000000080048e4                HAL_TIM_Base_MspInit
 .text.HAL_TIM_MspPostInit
                0x00000000080049dc       0x90 Application/User/stm32f4xx_hal_msp.o
                0x00000000080049dc                HAL_TIM_MspPostInit
 .text.HAL_UART_MspInit
                0x0000000008004a6c       0x70 Application/User/stm32f4xx_hal_msp.o
                0x0000000008004a6c                HAL_UART_MspInit
 .text.ADC_IRQHandler
                0x0000000008004adc       0x3c Application/User/stm32f4xx_mc_it.o
                0x0000000008004adc                ADC_IRQHandler
 .text.TIM1_UP_TIM10_IRQHandler
                0x0000000008004b18       0x14 Application/User/stm32f4xx_mc_it.o
                0x0000000008004b18                TIM1_UP_TIM10_IRQHandler
 .text.TIM1_BRK_TIM9_IRQHandler
                0x0000000008004b2c       0x24 Application/User/stm32f4xx_mc_it.o
                0x0000000008004b2c                TIM1_BRK_TIM9_IRQHandler
 .text.USART2_IRQHandler
                0x0000000008004b50       0x84 Application/User/stm32f4xx_mc_it.o
                0x0000000008004b50                USART2_IRQHandler
 .text.HardFault_Handler
                0x0000000008004bd4       0x7c Application/User/stm32f4xx_mc_it.o
                0x0000000008004bd4                HardFault_Handler
 .text.SysTick_Handler
                0x0000000008004c50       0x30 Application/User/stm32f4xx_mc_it.o
                0x0000000008004c50                SysTick_Handler
 .text._sbrk    0x0000000008004c80       0x44 Application/User/sysmem.o
                0x0000000008004c80                _sbrk
 .text.UI_TaskInit
                0x0000000008004cc4       0xe0 Application/User/ui_task.o
                0x0000000008004cc4                UI_TaskInit
 .text.UI_Scheduler
                0x0000000008004da4       0x44 Application/User/ui_task.o
                0x0000000008004da4                UI_Scheduler
 .text.UI_DACUpdate
                0x0000000008004de8       0x20 Application/User/ui_task.o
                0x0000000008004de8                UI_DACUpdate
 .text.UI_SerialCommunicationTimeOutStop
                0x0000000008004e08        0xc Application/User/ui_task.o
                0x0000000008004e08                UI_SerialCommunicationTimeOutStop
 .text.UI_SerialCommunicationTimeOutStart
                0x0000000008004e14        0xc Application/User/ui_task.o
                0x0000000008004e14                UI_SerialCommunicationTimeOutStart
 .text.UI_Init  0x0000000008004e20       0x18 Application/User/user_interface.o
                0x0000000008004e20                UI_Init
 .text.UI_SelectMC
                0x0000000008004e38       0x10 Application/User/user_interface.o
                0x0000000008004e38                UI_SelectMC
 .text.UI_GetSelectedMC
                0x0000000008004e48        0x8 Application/User/user_interface.o
                0x0000000008004e48                UI_GetSelectedMC
 .text.UI_SetReg
                0x0000000008004e50      0x2dc Application/User/user_interface.o
                0x0000000008004e50                UI_SetReg
 .text.UI_ExecCmd
                0x000000000800512c       0x7c Application/User/user_interface.o
                0x000000000800512c                UI_ExecCmd
 .text.UI_ExecSpeedRamp
                0x00000000080051a8       0x24 Application/User/user_interface.o
                0x00000000080051a8                UI_ExecSpeedRamp
 .text.UI_ExecTorqueRamp
                0x00000000080051cc       0x14 Application/User/user_interface.o
                0x00000000080051cc                UI_ExecTorqueRamp
 .text.UI_GetRevupData
                0x00000000080051e0       0x3c Application/User/user_interface.o
                0x00000000080051e0                UI_GetRevupData
 .text.UI_SetRevupData
                0x000000000800521c       0x38 Application/User/user_interface.o
                0x000000000800521c                UI_SetRevupData
 .text.UI_SetCurrentReferences
                0x0000000008005254       0x24 Application/User/user_interface.o
                0x0000000008005254                UI_SetCurrentReferences
 .text.UI_GetMPInfo
                0x0000000008005278        0x4 Application/User/user_interface.o
                0x0000000008005278                UI_GetMPInfo
 .text.UI_DACInit
                0x000000000800527c        0x8 Application/User/user_interface.o
                0x000000000800527c                UI_DACInit
 .text.UI_DACExec
                0x0000000008005284        0x8 Application/User/user_interface.o
                0x0000000008005284                UI_DACExec
 .text.UI_SetDAC
                0x000000000800528c        0x8 Application/User/user_interface.o
                0x000000000800528c                UI_SetDAC
 .text.UI_GetDAC
                0x0000000008005294        0xc Application/User/user_interface.o
                0x0000000008005294                UI_GetDAC
 .text.UI_GetReg
                0x00000000080052a0      0x604 Application/User/user_interface.o
                0x00000000080052a0                UI_GetReg
 .text.SystemInit
                0x00000000080058a4       0x1c Drivers/CMSIS/system_stm32f4xx.o
                0x00000000080058a4                SystemInit
 .text.HAL_InitTick
                0x00000000080058c0       0x48 Drivers/STM32F4xx_HAL_Driver/stm32f4xx_hal.o
                0x00000000080058c0                HAL_InitTick
 .text.HAL_Init
                0x0000000008005908       0x34 Drivers/STM32F4xx_HAL_Driver/stm32f4xx_hal.o
                0x0000000008005908                HAL_Init
 .text.HAL_IncTick
                0x000000000800593c       0x18 Drivers/STM32F4xx_HAL_Driver/stm32f4xx_hal.o
                0x000000000800593c                HAL_IncTick
 .text.HAL_GetTick
                0x0000000008005954        0xc Drivers/STM32F4xx_HAL_Driver/stm32f4xx_hal.o
                0x0000000008005954                HAL_GetTick
 .text.HAL_Delay
                0x0000000008005960       0x24 Drivers/STM32F4xx_HAL_Driver/stm32f4xx_hal.o
                0x0000000008005960                HAL_Delay
 .text.HAL_ADC_Init
                0x0000000008005984      0x15c Drivers/STM32F4xx_HAL_Driver/stm32f4xx_hal_adc.o
                0x0000000008005984                HAL_ADC_Init
 .text.HAL_ADC_ConfigChannel
                0x0000000008005ae0      0x174 Drivers/STM32F4xx_HAL_Driver/stm32f4xx_hal_adc.o
                0x0000000008005ae0                HAL_ADC_ConfigChannel
 .text.HAL_ADCEx_InjectedConfigChannel
                0x0000000008005c54      0x1d8 Drivers/STM32F4xx_HAL_Driver/stm32f4xx_hal_adc_ex.o
                0x0000000008005c54                HAL_ADCEx_InjectedConfigChannel
 .text.HAL_NVIC_SetPriorityGrouping
                0x0000000008005e2c       0x28 Drivers/STM32F4xx_HAL_Driver/stm32f4xx_hal_cortex.o
                0x0000000008005e2c                HAL_NVIC_SetPriorityGrouping
 .text.HAL_NVIC_SetPriority
                0x0000000008005e54       0x70 Drivers/STM32F4xx_HAL_Driver/stm32f4xx_hal_cortex.o
                0x0000000008005e54                HAL_NVIC_SetPriority
 .text.HAL_NVIC_EnableIRQ
                0x0000000008005ec4       0x1c Drivers/STM32F4xx_HAL_Driver/stm32f4xx_hal_cortex.o
                0x0000000008005ec4                HAL_NVIC_EnableIRQ
 .text.HAL_SYSTICK_Config
                0x0000000008005ee0       0x34 Drivers/STM32F4xx_HAL_Driver/stm32f4xx_hal_cortex.o
                0x0000000008005ee0                HAL_SYSTICK_Config
 .text.HAL_SYSTICK_Callback
                0x0000000008005f14        0x4 Drivers/STM32F4xx_HAL_Driver/stm32f4xx_hal_cortex.o
                0x0000000008005f14                HAL_SYSTICK_Callback
 .text.HAL_SYSTICK_IRQHandler
                0x0000000008005f18        0x8 Drivers/STM32F4xx_HAL_Driver/stm32f4xx_hal_cortex.o
                0x0000000008005f18                HAL_SYSTICK_IRQHandler
 .text.HAL_DAC_Init
                0x0000000008005f20       0x2c Drivers/STM32F4xx_HAL_Driver/stm32f4xx_hal_dac.o
                0x0000000008005f20                HAL_DAC_Init
 .text.HAL_DAC_ConfigChannel
                0x0000000008005f4c       0x50 Drivers/STM32F4xx_HAL_Driver/stm32f4xx_hal_dac.o
                0x0000000008005f4c                HAL_DAC_ConfigChannel
 .text.HAL_GPIO_Init
                0x0000000008005f9c      0x20c Drivers/STM32F4xx_HAL_Driver/stm32f4xx_hal_gpio.o
                0x0000000008005f9c                HAL_GPIO_Init
 .text.HAL_GPIO_ReadPin
                0x00000000080061a8        0xc Drivers/STM32F4xx_HAL_Driver/stm32f4xx_hal_gpio.o
                0x00000000080061a8                HAL_GPIO_ReadPin
 .text.HAL_GPIO_WritePin
                0x00000000080061b4        0x8 Drivers/STM32F4xx_HAL_Driver/stm32f4xx_hal_gpio.o
                0x00000000080061b4                HAL_GPIO_WritePin
 .text.HAL_PWREx_EnableOverDrive
                0x00000000080061bc       0x7c Drivers/STM32F4xx_HAL_Driver/stm32f4xx_hal_pwr_ex.o
                0x00000000080061bc                HAL_PWREx_EnableOverDrive
 .text.HAL_RCC_ClockConfig
                0x0000000008006238      0x13c Drivers/STM32F4xx_HAL_Driver/stm32f4xx_hal_rcc.o
                0x0000000008006238                HAL_RCC_ClockConfig
 .text.HAL_RCC_GetHCLKFreq
                0x0000000008006374        0xc Drivers/STM32F4xx_HAL_Driver/stm32f4xx_hal_rcc.o
                0x0000000008006374                HAL_RCC_GetHCLKFreq
 .text.HAL_RCC_GetPCLK1Freq
                0x0000000008006380       0x20 Drivers/STM32F4xx_HAL_Driver/stm32f4xx_hal_rcc.o
                0x0000000008006380                HAL_RCC_GetPCLK1Freq
 .text.HAL_RCC_GetPCLK2Freq
                0x00000000080063a0       0x20 Drivers/STM32F4xx_HAL_Driver/stm32f4xx_hal_rcc.o
                0x00000000080063a0                HAL_RCC_GetPCLK2Freq
 .text.HAL_RCC_GetSysClockFreq
                0x00000000080063c0       0xb0 Drivers/STM32F4xx_HAL_Driver/stm32f4xx_hal_rcc_ex.o
                0x00000000080063c0                HAL_RCC_GetSysClockFreq
 .text.HAL_RCC_OscConfig
                0x0000000008006470      0x414 Drivers/STM32F4xx_HAL_Driver/stm32f4xx_hal_rcc_ex.o
                0x0000000008006470                HAL_RCC_OscConfig
 .text.HAL_TIM_Base_Init
                0x0000000008006884      0x11c Drivers/STM32F4xx_HAL_Driver/stm32f4xx_hal_tim.o
                0x0000000008006884                HAL_TIM_Base_Init
 .text.HAL_TIM_PWM_MspInit
                0x00000000080069a0        0x4 Drivers/STM32F4xx_HAL_Driver/stm32f4xx_hal_tim.o
                0x00000000080069a0                HAL_TIM_PWM_MspInit
 .text.HAL_TIM_PWM_Init
                0x00000000080069a4      0x11c Drivers/STM32F4xx_HAL_Driver/stm32f4xx_hal_tim.o
                0x00000000080069a4                HAL_TIM_PWM_Init
 .text.HAL_TIM_PWM_ConfigChannel
                0x0000000008006ac0      0x22c Drivers/STM32F4xx_HAL_Driver/stm32f4xx_hal_tim.o
                0x0000000008006ac0                HAL_TIM_PWM_ConfigChannel
 .text.HAL_TIM_ConfigClockSource
                0x0000000008006cec      0x148 Drivers/STM32F4xx_HAL_Driver/stm32f4xx_hal_tim.o
                0x0000000008006cec                HAL_TIM_ConfigClockSource
 .text.HAL_TIM_SlaveConfigSynchro
                0x0000000008006e34       0xf4 Drivers/STM32F4xx_HAL_Driver/stm32f4xx_hal_tim.o
                0x0000000008006e34                HAL_TIM_SlaveConfigSynchro
 .text.TIM_Base_SetConfig
                0x0000000008006f28       0xc4 Drivers/STM32F4xx_HAL_Driver/stm32f4xx_hal_tim.o
                0x0000000008006f28                TIM_Base_SetConfig
 .text.TIM_OC2_SetConfig
                0x0000000008006fec       0x64 Drivers/STM32F4xx_HAL_Driver/stm32f4xx_hal_tim.o
                0x0000000008006fec                TIM_OC2_SetConfig
 .text.TIM_TI1_SetConfig
                0x0000000008007050       0x78 Drivers/STM32F4xx_HAL_Driver/stm32f4xx_hal_tim.o
                0x0000000008007050                TIM_TI1_SetConfig
 .text.HAL_TIMEx_HallSensor_MspInit
                0x00000000080070c8        0x4 Drivers/STM32F4xx_HAL_Driver/stm32f4xx_hal_tim_ex.o
                0x00000000080070c8                HAL_TIMEx_HallSensor_MspInit
 .text.HAL_TIMEx_HallSensor_Init
                0x00000000080070cc       0xc8 Drivers/STM32F4xx_HAL_Driver/stm32f4xx_hal_tim_ex.o
                0x00000000080070cc                HAL_TIMEx_HallSensor_Init
 .text.HAL_TIMEx_MasterConfigSynchronization
                0x0000000008007194       0x84 Drivers/STM32F4xx_HAL_Driver/stm32f4xx_hal_tim_ex.o
                0x0000000008007194                HAL_TIMEx_MasterConfigSynchronization
 .text.HAL_TIMEx_ConfigBreakDeadTime
                0x0000000008007218       0x54 Drivers/STM32F4xx_HAL_Driver/stm32f4xx_hal_tim_ex.o
                0x0000000008007218                HAL_TIMEx_ConfigBreakDeadTime
 .text.HAL_UART_Init
                0x000000000800726c      0x138 Drivers/STM32F4xx_HAL_Driver/stm32f4xx_hal_uart.o
                0x000000000800726c                HAL_UART_Init
 .text.HAL_UART_Transmit
                0x00000000080073a4      0x110 Drivers/STM32F4xx_HAL_Driver/stm32f4xx_hal_uart.o
                0x00000000080073a4                HAL_UART_Transmit
 .text.VBS_GetAvBusVoltage_d
                0x00000000080074b4        0x4 Middlewares/MotorControl/bus_voltage_sensor.o
                0x00000000080074b4                VBS_GetAvBusVoltage_d
 .text.VBS_GetAvBusVoltage_V
                0x00000000080074b8        0xc Middlewares/MotorControl/bus_voltage_sensor.o
                0x00000000080074b8                VBS_GetAvBusVoltage_V
 .text.Circle_Limitation
                0x00000000080074c4       0x64 Middlewares/MotorControl/circle_limitation.o
                0x00000000080074c4                Circle_Limitation
 .text.DAC_SetChannelConfig
                0x0000000008007528        0x8 Middlewares/MotorControl/dac_common_ui.o
                0x0000000008007528                DAC_SetChannelConfig
 .text.DAC_GetChannelConfig
                0x0000000008007530        0x8 Middlewares/MotorControl/dac_common_ui.o
                0x0000000008007530                DAC_GetChannelConfig
 .text.DAC_SetUserChannelValue
                0x0000000008007538        0x8 Middlewares/MotorControl/dac_common_ui.o
                0x0000000008007538                DAC_SetUserChannelValue
 .text.DAC_GetUserChannelValue
                0x0000000008007540        0xc Middlewares/MotorControl/dac_common_ui.o
                0x0000000008007540                DAC_GetUserChannelValue
 .text.FCP_Init
                0x000000000800754c       0x18 Middlewares/MotorControl/frame_communication_protocol.o
                0x000000000800754c                FCP_Init
 .text.FCP_SetClient
                0x0000000008007564       0x10 Middlewares/MotorControl/frame_communication_protocol.o
                0x0000000008007564                FCP_SetClient
 .text.FCP_CalcCRC
                0x0000000008007574       0x2c Middlewares/MotorControl/frame_communication_protocol.o
                0x0000000008007574                FCP_CalcCRC
 .text.ICS_GetPhaseCurrents
                0x00000000080075a0       0x90 Middlewares/MotorControl/ics_f4xx_pwm_curr_fdbk.o
                0x00000000080075a0                ICS_GetPhaseCurrents
 .text.ICS_HFCurrentsCalibration
                0x0000000008007630       0x4c Middlewares/MotorControl/ics_f4xx_pwm_curr_fdbk.o
                0x0000000008007630                ICS_HFCurrentsCalibration
 .text.ICS_Init
                0x000000000800767c       0xcc Middlewares/MotorControl/ics_f4xx_pwm_curr_fdbk.o
                0x000000000800767c                ICS_Init
 .text.ICS_TurnOnLowSides
                0x0000000008007748       0x48 Middlewares/MotorControl/ics_f4xx_pwm_curr_fdbk.o
                0x0000000008007748                ICS_TurnOnLowSides
 .text.ICS_SwitchOnPWM
                0x0000000008007790       0x88 Middlewares/MotorControl/ics_f4xx_pwm_curr_fdbk.o
                0x0000000008007790                ICS_SwitchOnPWM
 .text.ICS_SwitchOffPWM
                0x0000000008007818       0x50 Middlewares/MotorControl/ics_f4xx_pwm_curr_fdbk.o
                0x0000000008007818                ICS_SwitchOffPWM
 .text.ICS_CurrentReadingCalibration
                0x0000000008007868       0xa0 Middlewares/MotorControl/ics_f4xx_pwm_curr_fdbk.o
                0x0000000008007868                ICS_CurrentReadingCalibration
 .text.ICS_WriteTIMRegisters
                0x0000000008007908       0x20 Middlewares/MotorControl/ics_f4xx_pwm_curr_fdbk.o
                0x0000000008007908                ICS_WriteTIMRegisters
 .text.ICS_TIMx_UP_IRQHandler
                0x0000000008007928       0x94 Middlewares/MotorControl/ics_f4xx_pwm_curr_fdbk.o
                0x0000000008007928                ICS_TIMx_UP_IRQHandler
 .text.ICS_BRK_IRQHandler
                0x00000000080079bc       0x38 Middlewares/MotorControl/ics_f4xx_pwm_curr_fdbk.o
                0x00000000080079bc                ICS_BRK_IRQHandler
 .text.ICS_IsOverCurrentOccurred
                0x00000000080079f4       0x14 Middlewares/MotorControl/ics_f4xx_pwm_curr_fdbk.o
                0x00000000080079f4                ICS_IsOverCurrentOccurred
 .text.MPM_Clear
                0x0000000008007a08       0x18 Middlewares/MotorControl/motor_power_measurement.o
                0x0000000008007a08                MPM_Clear
 .text.MPM_CalcElMotorPower
                0x0000000008007a20       0x44 Middlewares/MotorControl/motor_power_measurement.o
                0x0000000008007a20                MPM_CalcElMotorPower
 .text.MPM_GetAvrgElMotorPowerW
                0x0000000008007a64        0x8 Middlewares/MotorControl/motor_power_measurement.o
                0x0000000008007a64                MPM_GetAvrgElMotorPowerW
 .text.NTC_SetFaultState
                0x0000000008007a6c       0x1c Middlewares/MotorControl/ntc_temperature_sensor.o
                0x0000000008007a6c                NTC_SetFaultState
 .text.NTC_Clear
                0x0000000008007a88        0x8 Middlewares/MotorControl/ntc_temperature_sensor.o
                0x0000000008007a88                NTC_Clear
 .text.NTC_Init
                0x0000000008007a90       0x24 Middlewares/MotorControl/ntc_temperature_sensor.o
                0x0000000008007a90                NTC_Init
 .text.NTC_CalcAvTemp
                0x0000000008007ab4       0x38 Middlewares/MotorControl/ntc_temperature_sensor.o
                0x0000000008007ab4                NTC_CalcAvTemp
 .text.NTC_GetAvTemp_C
                0x0000000008007aec       0x2c Middlewares/MotorControl/ntc_temperature_sensor.o
                0x0000000008007aec                NTC_GetAvTemp_C
 .text.PID_HandleInit
                0x0000000008007b18       0x10 Middlewares/MotorControl/pid_regulator.o
                0x0000000008007b18                PID_HandleInit
 .text.PID_SetKP
                0x0000000008007b28        0x4 Middlewares/MotorControl/pid_regulator.o
                0x0000000008007b28                PID_SetKP
 .text.PID_SetKI
                0x0000000008007b2c        0x4 Middlewares/MotorControl/pid_regulator.o
                0x0000000008007b2c                PID_SetKI
 .text.PID_GetKP
                0x0000000008007b30        0x8 Middlewares/MotorControl/pid_regulator.o
                0x0000000008007b30                PID_GetKP
 .text.PID_GetKI
                0x0000000008007b38        0x8 Middlewares/MotorControl/pid_regulator.o
                0x0000000008007b38                PID_GetKI
 .text.PID_SetIntegralTerm
                0x0000000008007b40        0x4 Middlewares/MotorControl/pid_regulator.o
                0x0000000008007b40                PID_SetIntegralTerm
 .text.PID_GetKPDivisor
                0x0000000008007b44        0x4 Middlewares/MotorControl/pid_regulator.o
                0x0000000008007b44                PID_GetKPDivisor
 .text.PID_GetKIDivisor
                0x0000000008007b48        0x4 Middlewares/MotorControl/pid_regulator.o
                0x0000000008007b48                PID_GetKIDivisor
 .text.PID_SetKD
                0x0000000008007b4c        0x4 Middlewares/MotorControl/pid_regulator.o
                0x0000000008007b4c                PID_SetKD
 .text.PID_GetKD
                0x0000000008007b50        0x8 Middlewares/MotorControl/pid_regulator.o
                0x0000000008007b50                PID_GetKD
 .text.PI_Controller
                0x0000000008007b58       0x8c Middlewares/MotorControl/pid_regulator.o
                0x0000000008007b58                PI_Controller
 .text.PQD_CalcElMotorPower
                0x0000000008007be4       0x68 Middlewares/MotorControl/pqd_motor_power_measurement.o
                0x0000000008007be4                PQD_CalcElMotorPower
 .text.startTimers
                0x0000000008007c4c       0x64 Middlewares/MotorControl/pwm_common.o
                0x0000000008007c4c                startTimers
 .text.waitForPolarizationEnd
                0x0000000008007cb0       0x4c Middlewares/MotorControl/pwm_common.o
                0x0000000008007cb0                waitForPolarizationEnd
 .text.PWMC_GetPhaseCurrents
                0x0000000008007cfc        0x4 Middlewares/MotorControl/pwm_curr_fdbk.o
                0x0000000008007cfc                PWMC_GetPhaseCurrents
 .text.PWMC_SetPhaseVoltage
                0x0000000008007d00      0x250 Middlewares/MotorControl/pwm_curr_fdbk.o
                0x0000000008007d00                PWMC_SetPhaseVoltage
 .text.PWMC_SwitchOffPWM
                0x0000000008007f50        0x4 Middlewares/MotorControl/pwm_curr_fdbk.o
                0x0000000008007f50                PWMC_SwitchOffPWM
 .text.PWMC_SwitchOnPWM
                0x0000000008007f54        0x4 Middlewares/MotorControl/pwm_curr_fdbk.o
                0x0000000008007f54                PWMC_SwitchOnPWM
 .text.PWMC_CurrentReadingCalibr
                0x0000000008007f58       0x54 Middlewares/MotorControl/pwm_curr_fdbk.o
                0x0000000008007f58                PWMC_CurrentReadingCalibr
 .text.PWMC_TurnOnLowSides
                0x0000000008007fac        0x4 Middlewares/MotorControl/pwm_curr_fdbk.o
                0x0000000008007fac                PWMC_TurnOnLowSides
 .text.PWMC_CheckOverCurrent
                0x0000000008007fb0        0x4 Middlewares/MotorControl/pwm_curr_fdbk.o
                0x0000000008007fb0                PWMC_CheckOverCurrent
 .text.RVBS_Clear
                0x0000000008007fb4       0x38 Middlewares/MotorControl/r_divider_bus_voltage_sensor.o
                0x0000000008007fb4                RVBS_Clear
 .text.RVBS_Init
                0x0000000008007fec       0x18 Middlewares/MotorControl/r_divider_bus_voltage_sensor.o
                0x0000000008007fec                RVBS_Init
 .text.RVBS_CheckFaultState
                0x0000000008008004       0x18 Middlewares/MotorControl/r_divider_bus_voltage_sensor.o
                0x0000000008008004                RVBS_CheckFaultState
 .text.RVBS_CalcAvVbus
                0x000000000800801c       0x6c Middlewares/MotorControl/r_divider_bus_voltage_sensor.o
                0x000000000800801c                RVBS_CalcAvVbus
 .text.REMNG_Init
                0x0000000008008088       0x10 Middlewares/MotorControl/ramp_ext_mngr.o
                0x0000000008008088                REMNG_Init
 .text.REMNG_Calc
                0x0000000008008098       0x44 Middlewares/MotorControl/ramp_ext_mngr.o
                0x0000000008008098                REMNG_Calc
 .text.REMNG_RampCompleted
                0x00000000080080dc        0xc Middlewares/MotorControl/ramp_ext_mngr.o
                0x00000000080080dc                REMNG_RampCompleted
 .text.getScalingFactor
                0x00000000080080e8       0x2c Middlewares/MotorControl/ramp_ext_mngr.o
                0x00000000080080e8                getScalingFactor
 .text.REMNG_ExecRamp
                0x0000000008008114       0x84 Middlewares/MotorControl/ramp_ext_mngr.o
                0x0000000008008114                REMNG_ExecRamp
 .text.SPD_GetElAngle
                0x0000000008008198        0x8 Middlewares/MotorControl/speed_pos_fdbk.o
                0x0000000008008198                SPD_GetElAngle
 .text.SPD_GetAvrgMecSpeedUnit
                0x00000000080081a0        0x8 Middlewares/MotorControl/speed_pos_fdbk.o
                0x00000000080081a0                SPD_GetAvrgMecSpeedUnit
 .text.SPD_GetInstElSpeedDpp
                0x00000000080081a8        0x8 Middlewares/MotorControl/speed_pos_fdbk.o
                0x00000000080081a8                SPD_GetInstElSpeedDpp
 .text.SPD_IsMecSpeedReliable
                0x00000000080081b0       0x58 Middlewares/MotorControl/speed_pos_fdbk.o
                0x00000000080081b0                SPD_IsMecSpeedReliable
 .text.SPD_GetS16Speed
                0x0000000008008208       0x14 Middlewares/MotorControl/speed_pos_fdbk.o
                0x0000000008008208                SPD_GetS16Speed
 .text.STC_Init
                0x000000000800821c       0x28 Middlewares/MotorControl/speed_torq_ctrl.o
                0x000000000800821c                STC_Init
 .text.STC_SetSpeedSensor
                0x0000000008008244        0x4 Middlewares/MotorControl/speed_torq_ctrl.o
                0x0000000008008244                STC_SetSpeedSensor
 .text.STC_GetSpeedSensor
                0x0000000008008248        0x4 Middlewares/MotorControl/speed_torq_ctrl.o
                0x0000000008008248                STC_GetSpeedSensor
 .text.STC_Clear
                0x000000000800824c       0x10 Middlewares/MotorControl/speed_torq_ctrl.o
                0x000000000800824c                STC_Clear
 .text.STC_GetMecSpeedRefUnit
                0x000000000800825c       0x10 Middlewares/MotorControl/speed_torq_ctrl.o
                0x000000000800825c                STC_GetMecSpeedRefUnit
 .text.STC_GetTorqueRef
                0x000000000800826c       0x10 Middlewares/MotorControl/speed_torq_ctrl.o
                0x000000000800826c                STC_GetTorqueRef
 .text.STC_SetControlMode
                0x000000000800827c        0x8 Middlewares/MotorControl/speed_torq_ctrl.o
                0x000000000800827c                STC_SetControlMode
 .text.STC_ExecRamp
                0x0000000008008284       0x90 Middlewares/MotorControl/speed_torq_ctrl.o
                0x0000000008008284                STC_ExecRamp
 .text.STC_StopRamp
                0x0000000008008314        0x8 Middlewares/MotorControl/speed_torq_ctrl.o
                0x0000000008008314                STC_StopRamp
 .text.STC_CalcTorqueReference
                0x000000000800831c       0x64 Middlewares/MotorControl/speed_torq_ctrl.o
                0x000000000800831c                STC_CalcTorqueReference
 .text.STC_GetMecSpeedRefUnitDefault
                0x0000000008008380        0x8 Middlewares/MotorControl/speed_torq_ctrl.o
                0x0000000008008380                STC_GetMecSpeedRefUnitDefault
 .text.STC_GetMaxAppPositiveMecSpeedUnit
                0x0000000008008388        0x4 Middlewares/MotorControl/speed_torq_ctrl.o
                0x0000000008008388                STC_GetMaxAppPositiveMecSpeedUnit
 .text.STC_GetMinAppNegativeMecSpeedUnit
                0x000000000800838c        0x8 Middlewares/MotorControl/speed_torq_ctrl.o
                0x000000000800838c                STC_GetMinAppNegativeMecSpeedUnit
 .text.STC_GetDefaultIqdref
                0x0000000008008394       0x1c Middlewares/MotorControl/speed_torq_ctrl.o
                0x0000000008008394                STC_GetDefaultIqdref
 .text.STC_ForceSpeedReferenceToCurrentSpeed
                0x00000000080083b0       0x10 Middlewares/MotorControl/speed_torq_ctrl.o
                0x00000000080083b0                STC_ForceSpeedReferenceToCurrentSpeed
 .text.STM_Init
                0x00000000080083c0        0xc Middlewares/MotorControl/state_machine.o
                0x00000000080083c0                STM_Init
 .text.STM_FaultProcessing
                0x00000000080083cc       0x3c Middlewares/MotorControl/state_machine.o
                0x00000000080083cc                STM_FaultProcessing
 .text.STM_NextState
                0x0000000008008408       0xe8 Middlewares/MotorControl/state_machine.o
                0x0000000008008408                STM_NextState
 .text.STM_GetState
                0x00000000080084f0        0x4 Middlewares/MotorControl/state_machine.o
                0x00000000080084f0                STM_GetState
 .text.STM_FaultAcknowledged
                0x00000000080084f4       0x18 Middlewares/MotorControl/state_machine.o
                0x00000000080084f4                STM_FaultAcknowledged
 .text.STM_GetFaultState
                0x000000000800850c        0xc Middlewares/MotorControl/state_machine.o
                0x000000000800850c                STM_GetFaultState
 .text.UFCP_Init
                0x0000000008008518        0x4 Middlewares/MotorControl/usart_frame_communication_protocol.o
                0x0000000008008518                UFCP_Init
 .text.UFCP_TX_IRQ_Handler
                0x000000000800851c       0x60 Middlewares/MotorControl/usart_frame_communication_protocol.o
                0x000000000800851c                UFCP_TX_IRQ_Handler
 .text.UFCP_Receive
                0x000000000800857c       0x20 Middlewares/MotorControl/usart_frame_communication_protocol.o
                0x000000000800857c                UFCP_Receive
 .text.UFCP_Send
                0x000000000800859c       0xb0 Middlewares/MotorControl/usart_frame_communication_protocol.o
                0x000000000800859c                UFCP_Send
 .text.UFCP_RX_IRQ_Handler
                0x000000000800864c       0xc4 Middlewares/MotorControl/usart_frame_communication_protocol.o
                0x000000000800864c                UFCP_RX_IRQ_Handler
 .text.UFCP_OVR_IRQ_Handler
                0x0000000008008710       0x1c Middlewares/MotorControl/usart_frame_communication_protocol.o
                0x0000000008008710                UFCP_OVR_IRQ_Handler
 .text.UFCP_AbortReceive
                0x000000000800872c        0x8 Middlewares/MotorControl/usart_frame_communication_protocol.o
                0x000000000800872c                UFCP_AbortReceive
 .text.VSS_Clear
                0x0000000008008734       0x1c Middlewares/MotorControl/virtual_speed_sensor.o
                0x0000000008008734                VSS_Clear
 .text.VSS_Init
                0x0000000008008750        0x8 Middlewares/MotorControl/virtual_speed_sensor.o
                0x0000000008008750                VSS_Init
 .text.VSS_CalcElAngle
                0x0000000008008758       0xa0 Middlewares/MotorControl/virtual_speed_sensor.o
                0x0000000008008758                VSS_CalcElAngle
 .text.VSS_CalcAvrgMecSpeedUnit
                0x00000000080087f8       0x94 Middlewares/MotorControl/virtual_speed_sensor.o
                0x00000000080087f8                VSS_CalcAvrgMecSpeedUnit
 .text.VSS_SetMecAngle
                0x000000000800888c       0x10 Middlewares/MotorControl/virtual_speed_sensor.o
                0x000000000800888c                VSS_SetMecAngle
 .text.VSS_SetMecAcceleration
                0x000000000800889c       0x7c Middlewares/MotorControl/virtual_speed_sensor.o
                0x000000000800889c                VSS_SetMecAcceleration
 .text.VSS_SetStartTransition
                0x0000000008008918       0x1c Middlewares/MotorControl/virtual_speed_sensor.o
                0x0000000008008918                VSS_SetStartTransition
 .text.VSS_TransitionEnded
                0x0000000008008934        0x8 Middlewares/MotorControl/virtual_speed_sensor.o
                0x0000000008008934                VSS_TransitionEnded
 .text.VSS_SetCopyObserver
                0x000000000800893c        0x8 Middlewares/MotorControl/virtual_speed_sensor.o
                0x000000000800893c                VSS_SetCopyObserver
 .text.RUC_Init
                0x0000000008008944       0x7c ../../MCSDK_v5.4.5/MotorControl/lib\libmc-gcc_M4_NoCCMRAM.lib(revup_ctrl.o)
                0x0000000008008944                RUC_Init
 .text.RUC_Clear
                0x00000000080089c0       0x90 ../../MCSDK_v5.4.5/MotorControl/lib\libmc-gcc_M4_NoCCMRAM.lib(revup_ctrl.o)
                0x00000000080089c0                RUC_Clear
 .text.RUC_OTF_Exec
                0x0000000008008a50      0x234 ../../MCSDK_v5.4.5/MotorControl/lib\libmc-gcc_M4_NoCCMRAM.lib(revup_ctrl.o)
                0x0000000008008a50                RUC_OTF_Exec
 .text.RUC_FirstAccelerationStageReached
                0x0000000008008c84       0x14 ../../MCSDK_v5.4.5/MotorControl/lib\libmc-gcc_M4_NoCCMRAM.lib(revup_ctrl.o)
                0x0000000008008c84                RUC_FirstAccelerationStageReached
 .text.RUC_SetPhaseDurationms
                0x0000000008008c98        0xc ../../MCSDK_v5.4.5/MotorControl/lib\libmc-gcc_M4_NoCCMRAM.lib(revup_ctrl.o)
                0x0000000008008c98                RUC_SetPhaseDurationms
 .text.RUC_SetPhaseFinalMecSpeedUnit
                0x0000000008008ca4        0xc ../../MCSDK_v5.4.5/MotorControl/lib\libmc-gcc_M4_NoCCMRAM.lib(revup_ctrl.o)
                0x0000000008008ca4                RUC_SetPhaseFinalMecSpeedUnit
 .text.RUC_SetPhaseFinalTorque
                0x0000000008008cb0        0xc ../../MCSDK_v5.4.5/MotorControl/lib\libmc-gcc_M4_NoCCMRAM.lib(revup_ctrl.o)
                0x0000000008008cb0                RUC_SetPhaseFinalTorque
 .text.RUC_GetPhaseDurationms
                0x0000000008008cbc        0xc ../../MCSDK_v5.4.5/MotorControl/lib\libmc-gcc_M4_NoCCMRAM.lib(revup_ctrl.o)
                0x0000000008008cbc                RUC_GetPhaseDurationms
 .text.RUC_GetPhaseFinalMecSpeedUnit
                0x0000000008008cc8       0x10 ../../MCSDK_v5.4.5/MotorControl/lib\libmc-gcc_M4_NoCCMRAM.lib(revup_ctrl.o)
                0x0000000008008cc8                RUC_GetPhaseFinalMecSpeedUnit
 .text.RUC_GetPhaseFinalTorque
                0x0000000008008cd8       0x10 ../../MCSDK_v5.4.5/MotorControl/lib\libmc-gcc_M4_NoCCMRAM.lib(revup_ctrl.o)
                0x0000000008008cd8                RUC_GetPhaseFinalTorque
 .text.RUC_GetNumberOfPhases
                0x0000000008008ce8        0x8 ../../MCSDK_v5.4.5/MotorControl/lib\libmc-gcc_M4_NoCCMRAM.lib(revup_ctrl.o)
                0x0000000008008ce8                RUC_GetNumberOfPhases
 .text.RUC_Get_SCLowsideOTF_Status
                0x0000000008008cf0        0x8 ../../MCSDK_v5.4.5/MotorControl/lib\libmc-gcc_M4_NoCCMRAM.lib(revup_ctrl.o)
                0x0000000008008cf0                RUC_Get_SCLowsideOTF_Status
 .text.STO_PLL_CalcElAngle
                0x0000000008008cf8      0x1d4 ../../MCSDK_v5.4.5/MotorControl/lib\libmc-gcc_M4_NoCCMRAM.lib(sto_pll_speed_pos_fdbk.o)
                0x0000000008008cf8                STO_PLL_CalcElAngle
 .text.STO_PLL_CalcAvrgMecSpeedUnit
                0x0000000008008ecc      0x140 ../../MCSDK_v5.4.5/MotorControl/lib\libmc-gcc_M4_NoCCMRAM.lib(sto_pll_speed_pos_fdbk.o)
                0x0000000008008ecc                STO_PLL_CalcAvrgMecSpeedUnit
 .text.STO_PLL_CalcAvrgElSpeedDpp
                0x000000000800900c       0x54 ../../MCSDK_v5.4.5/MotorControl/lib\libmc-gcc_M4_NoCCMRAM.lib(sto_pll_speed_pos_fdbk.o)
                0x000000000800900c                STO_PLL_CalcAvrgElSpeedDpp
 .text.STO_PLL_Clear
                0x0000000008009060       0x5c ../../MCSDK_v5.4.5/MotorControl/lib\libmc-gcc_M4_NoCCMRAM.lib(sto_pll_speed_pos_fdbk.o)
                0x0000000008009060                STO_PLL_Clear
 .text.STO_PLL_Init
                0x00000000080090bc       0x74 ../../MCSDK_v5.4.5/MotorControl/lib\libmc-gcc_M4_NoCCMRAM.lib(sto_pll_speed_pos_fdbk.o)
                0x00000000080090bc                STO_PLL_Init
 .text.STO_PLL_IsObserverConverged
                0x0000000008009130       0xa8 ../../MCSDK_v5.4.5/MotorControl/lib\libmc-gcc_M4_NoCCMRAM.lib(sto_pll_speed_pos_fdbk.o)
                0x0000000008009130                STO_PLL_IsObserverConverged
 .text.STO_PLL_GetEstimatedBemf
                0x00000000080091d8       0x18 ../../MCSDK_v5.4.5/MotorControl/lib\libmc-gcc_M4_NoCCMRAM.lib(sto_pll_speed_pos_fdbk.o)
                0x00000000080091d8                STO_PLL_GetEstimatedBemf
 .text.STO_PLL_GetEstimatedCurrent
                0x00000000080091f0       0x28 ../../MCSDK_v5.4.5/MotorControl/lib\libmc-gcc_M4_NoCCMRAM.lib(sto_pll_speed_pos_fdbk.o)
                0x00000000080091f0                STO_PLL_GetEstimatedCurrent
 .text.STO_PLL_GetObserverGains
                0x0000000008009218       0x10 ../../MCSDK_v5.4.5/MotorControl/lib\libmc-gcc_M4_NoCCMRAM.lib(sto_pll_speed_pos_fdbk.o)
                0x0000000008009218                STO_PLL_GetObserverGains
 .text.STO_PLL_SetObserverGains
                0x0000000008009228        0x8 ../../MCSDK_v5.4.5/MotorControl/lib\libmc-gcc_M4_NoCCMRAM.lib(sto_pll_speed_pos_fdbk.o)
                0x0000000008009228                STO_PLL_SetObserverGains
 .text.STO_GetPLLGains
                0x0000000008009230       0x1c ../../MCSDK_v5.4.5/MotorControl/lib\libmc-gcc_M4_NoCCMRAM.lib(sto_pll_speed_pos_fdbk.o)
                0x0000000008009230                STO_GetPLLGains
 .text.STO_SetPLLGains
                0x000000000800924c       0x1c ../../MCSDK_v5.4.5/MotorControl/lib\libmc-gcc_M4_NoCCMRAM.lib(sto_pll_speed_pos_fdbk.o)
                0x000000000800924c                STO_SetPLLGains
 .text.STO_OTF_ResetPLL
                0x0000000008009268        0xc ../../MCSDK_v5.4.5/MotorControl/lib\libmc-gcc_M4_NoCCMRAM.lib(sto_pll_speed_pos_fdbk.o)
                0x0000000008009268                STO_OTF_ResetPLL
 .text.STO_ResetPLL
                0x0000000008009274        0x8 ../../MCSDK_v5.4.5/MotorControl/lib\libmc-gcc_M4_NoCCMRAM.lib(sto_pll_speed_pos_fdbk.o)
                0x0000000008009274                STO_ResetPLL
 .text.STO_PLL_GetEstimatedBemfLevel
                0x000000000800927c        0x8 ../../MCSDK_v5.4.5/MotorControl/lib\libmc-gcc_M4_NoCCMRAM.lib(sto_pll_speed_pos_fdbk.o)
                0x000000000800927c                STO_PLL_GetEstimatedBemfLevel
 .text.STO_PLL_GetObservedBemfLevel
                0x0000000008009284        0x8 ../../MCSDK_v5.4.5/MotorControl/lib\libmc-gcc_M4_NoCCMRAM.lib(sto_pll_speed_pos_fdbk.o)
                0x0000000008009284                STO_PLL_GetObservedBemfLevel
 .text.STO_PLL_IsVarianceTight
                0x000000000800928c        0x8 ../../MCSDK_v5.4.5/MotorControl/lib\libmc-gcc_M4_NoCCMRAM.lib(sto_pll_speed_pos_fdbk.o)
                0x000000000800928c                STO_PLL_IsVarianceTight
 .text.STO_PLL_ForceConvergency1
                0x0000000008009294        0xc ../../MCSDK_v5.4.5/MotorControl/lib\libmc-gcc_M4_NoCCMRAM.lib(sto_pll_speed_pos_fdbk.o)
                0x0000000008009294                STO_PLL_ForceConvergency1
 .text.STO_PLL_ForceConvergency2
                0x00000000080092a0        0xc ../../MCSDK_v5.4.5/MotorControl/lib\libmc-gcc_M4_NoCCMRAM.lib(sto_pll_speed_pos_fdbk.o)
                0x00000000080092a0                STO_PLL_ForceConvergency2
 .text.STO_SetDirection
                0x00000000080092ac        0x8 ../../MCSDK_v5.4.5/MotorControl/lib\libmc-gcc_M4_NoCCMRAM.lib(sto_pll_speed_pos_fdbk.o)
                0x00000000080092ac                STO_SetDirection
 .text.__errno  0x00000000080092b4        0xc c:/st/stm32cubeide_1.6.0/stm32cubeide/plugins/com.st.stm32cube.ide.mcu.externaltools.gnu-tools-for-stm32.9-2020-q2-update.win32_1.5.0.202011040924/tools/bin/../lib/gcc/arm-none-eabi/9.3.1/../../../../arm-none-eabi/lib/thumb/v7e-m+fp/hard\libc_nano.a(lib_a-errno.o)
                0x00000000080092b4                __errno
 .text.__libc_init_array
                0x00000000080092c0       0x48 c:/st/stm32cubeide_1.6.0/stm32cubeide/plugins/com.st.stm32cube.ide.mcu.externaltools.gnu-tools-for-stm32.9-2020-q2-update.win32_1.5.0.202011040924/tools/bin/../lib/gcc/arm-none-eabi/9.3.1/../../../../arm-none-eabi/lib/thumb/v7e-m+fp/hard\libc_nano.a(lib_a-init.o)
                0x00000000080092c0                __libc_init_array
 .text.memset   0x0000000008009308       0x10 c:/st/stm32cubeide_1.6.0/stm32cubeide/plugins/com.st.stm32cube.ide.mcu.externaltools.gnu-tools-for-stm32.9-2020-q2-update.win32_1.5.0.202011040924/tools/bin/../lib/gcc/arm-none-eabi/9.3.1/../../../../arm-none-eabi/lib/thumb/v7e-m+fp/hard\libc_nano.a(lib_a-memset.o)
                0x0000000008009308                memset
 .text.sprintf  0x0000000008009318       0x40 c:/st/stm32cubeide_1.6.0/stm32cubeide/plugins/com.st.stm32cube.ide.mcu.externaltools.gnu-tools-for-stm32.9-2020-q2-update.win32_1.5.0.202011040924/tools/bin/../lib/gcc/arm-none-eabi/9.3.1/../../../../arm-none-eabi/lib/thumb/v7e-m+fp/hard\libc_nano.a(lib_a-sprintf.o)
                0x0000000008009318                siprintf
                0x0000000008009318                sprintf
 .text.__ssputs_r
                0x0000000008009358       0xb6 c:/st/stm32cubeide_1.6.0/stm32cubeide/plugins/com.st.stm32cube.ide.mcu.externaltools.gnu-tools-for-stm32.9-2020-q2-update.win32_1.5.0.202011040924/tools/bin/../lib/gcc/arm-none-eabi/9.3.1/../../../../arm-none-eabi/lib/thumb/v7e-m+fp/hard\libc_nano.a(lib_a-nano-svfprintf.o)
                0x0000000008009358                __ssputs_r
 *fill*         0x000000000800940e        0x2 
 .text._svfprintf_r
                0x0000000008009410      0x200 c:/st/stm32cubeide_1.6.0/stm32cubeide/plugins/com.st.stm32cube.ide.mcu.externaltools.gnu-tools-for-stm32.9-2020-q2-update.win32_1.5.0.202011040924/tools/bin/../lib/gcc/arm-none-eabi/9.3.1/../../../../arm-none-eabi/lib/thumb/v7e-m+fp/hard\libc_nano.a(lib_a-nano-svfprintf.o)
                0x0000000008009410                _svfiprintf_r
                0x0000000008009410                _svfprintf_r
 .text._printf_common
                0x0000000008009610       0xda c:/st/stm32cubeide_1.6.0/stm32cubeide/plugins/com.st.stm32cube.ide.mcu.externaltools.gnu-tools-for-stm32.9-2020-q2-update.win32_1.5.0.202011040924/tools/bin/../lib/gcc/arm-none-eabi/9.3.1/../../../../arm-none-eabi/lib/thumb/v7e-m+fp/hard\libc_nano.a(lib_a-nano-vfprintf_i.o)
                0x0000000008009610                _printf_common
 *fill*         0x00000000080096ea        0x2 
 .text._printf_i
                0x00000000080096ec      0x24c c:/st/stm32cubeide_1.6.0/stm32cubeide/plugins/com.st.stm32cube.ide.mcu.externaltools.gnu-tools-for-stm32.9-2020-q2-update.win32_1.5.0.202011040924/tools/bin/../lib/gcc/arm-none-eabi/9.3.1/../../../../arm-none-eabi/lib/thumb/v7e-m+fp/hard\libc_nano.a(lib_a-nano-vfprintf_i.o)
                0x00000000080096ec                _printf_i
 .text.memcpy   0x0000000008009938       0x1c c:/st/stm32cubeide_1.6.0/stm32cubeide/plugins/com.st.stm32cube.ide.mcu.externaltools.gnu-tools-for-stm32.9-2020-q2-update.win32_1.5.0.202011040924/tools/bin/../lib/gcc/arm-none-eabi/9.3.1/../../../../arm-none-eabi/lib/thumb/v7e-m+fp/hard\libc_nano.a(lib_a-memcpy-stub.o)
                0x0000000008009938                memcpy
 .text.memmove  0x0000000008009954       0x34 c:/st/stm32cubeide_1.6.0/stm32cubeide/plugins/com.st.stm32cube.ide.mcu.externaltools.gnu-tools-for-stm32.9-2020-q2-update.win32_1.5.0.202011040924/tools/bin/../lib/gcc/arm-none-eabi/9.3.1/../../../../arm-none-eabi/lib/thumb/v7e-m+fp/hard\libc_nano.a(lib_a-memmove.o)
                0x0000000008009954                memmove
 .text._free_r  0x0000000008009988       0xa0 c:/st/stm32cubeide_1.6.0/stm32cubeide/plugins/com.st.stm32cube.ide.mcu.externaltools.gnu-tools-for-stm32.9-2020-q2-update.win32_1.5.0.202011040924/tools/bin/../lib/gcc/arm-none-eabi/9.3.1/../../../../arm-none-eabi/lib/thumb/v7e-m+fp/hard\libc_nano.a(lib_a-nano-freer.o)
                0x0000000008009988                _free_r
 .text._malloc_r
                0x0000000008009a28       0xb4 c:/st/stm32cubeide_1.6.0/stm32cubeide/plugins/com.st.stm32cube.ide.mcu.externaltools.gnu-tools-for-stm32.9-2020-q2-update.win32_1.5.0.202011040924/tools/bin/../lib/gcc/arm-none-eabi/9.3.1/../../../../arm-none-eabi/lib/thumb/v7e-m+fp/hard\libc_nano.a(lib_a-nano-mallocr.o)
                0x0000000008009a28                _malloc_r
 .text._realloc_r
                0x0000000008009adc       0x4c c:/st/stm32cubeide_1.6.0/stm32cubeide/plugins/com.st.stm32cube.ide.mcu.externaltools.gnu-tools-for-stm32.9-2020-q2-update.win32_1.5.0.202011040924/tools/bin/../lib/gcc/arm-none-eabi/9.3.1/../../../../arm-none-eabi/lib/thumb/v7e-m+fp/hard\libc_nano.a(lib_a-nano-reallocr.o)
                0x0000000008009adc                _realloc_r
 .text._sbrk_r  0x0000000008009b28       0x20 c:/st/stm32cubeide_1.6.0/stm32cubeide/plugins/com.st.stm32cube.ide.mcu.externaltools.gnu-tools-for-stm32.9-2020-q2-update.win32_1.5.0.202011040924/tools/bin/../lib/gcc/arm-none-eabi/9.3.1/../../../../arm-none-eabi/lib/thumb/v7e-m+fp/hard\libc_nano.a(lib_a-sbrkr.o)
                0x0000000008009b28                _sbrk_r
 .text.__malloc_lock
                0x0000000008009b48        0xc c:/st/stm32cubeide_1.6.0/stm32cubeide/plugins/com.st.stm32cube.ide.mcu.externaltools.gnu-tools-for-stm32.9-2020-q2-update.win32_1.5.0.202011040924/tools/bin/../lib/gcc/arm-none-eabi/9.3.1/../../../../arm-none-eabi/lib/thumb/v7e-m+fp/hard\libc_nano.a(lib_a-mlock.o)
                0x0000000008009b48                __malloc_lock
 .text.__malloc_unlock
                0x0000000008009b54        0xc c:/st/stm32cubeide_1.6.0/stm32cubeide/plugins/com.st.stm32cube.ide.mcu.externaltools.gnu-tools-for-stm32.9-2020-q2-update.win32_1.5.0.202011040924/tools/bin/../lib/gcc/arm-none-eabi/9.3.1/../../../../arm-none-eabi/lib/thumb/v7e-m+fp/hard\libc_nano.a(lib_a-mlock.o)
                0x0000000008009b54                __malloc_unlock
 .text._malloc_usable_size_r
                0x0000000008009b60       0x10 c:/st/stm32cubeide_1.6.0/stm32cubeide/plugins/com.st.stm32cube.ide.mcu.externaltools.gnu-tools-for-stm32.9-2020-q2-update.win32_1.5.0.202011040924/tools/bin/../lib/gcc/arm-none-eabi/9.3.1/../../../../arm-none-eabi/lib/thumb/v7e-m+fp/hard\libc_nano.a(lib_a-nano-msizer.o)
                0x0000000008009b60                _malloc_usable_size_r
 .text.__retarget_lock_acquire_recursive
                0x0000000008009b70        0x2 c:/st/stm32cubeide_1.6.0/stm32cubeide/plugins/com.st.stm32cube.ide.mcu.externaltools.gnu-tools-for-stm32.9-2020-q2-update.win32_1.5.0.202011040924/tools/bin/../lib/gcc/arm-none-eabi/9.3.1/../../../../arm-none-eabi/lib/thumb/v7e-m+fp/hard\libc_nano.a(lib_a-lock.o)
                0x0000000008009b70                __retarget_lock_acquire_recursive
 .text.__retarget_lock_release_recursive
                0x0000000008009b72        0x2 c:/st/stm32cubeide_1.6.0/stm32cubeide/plugins/com.st.stm32cube.ide.mcu.externaltools.gnu-tools-for-stm32.9-2020-q2-update.win32_1.5.0.202011040924/tools/bin/../lib/gcc/arm-none-eabi/9.3.1/../../../../arm-none-eabi/lib/thumb/v7e-m+fp/hard\libc_nano.a(lib_a-lock.o)
                0x0000000008009b72                __retarget_lock_release_recursive
 *fill*         0x0000000008009b74        0x4 
 .text.log      0x0000000008009b78       0x90 c:/st/stm32cubeide_1.6.0/stm32cubeide/plugins/com.st.stm32cube.ide.mcu.externaltools.gnu-tools-for-stm32.9-2020-q2-update.win32_1.5.0.202011040924/tools/bin/../lib/gcc/arm-none-eabi/9.3.1/../../../../arm-none-eabi/lib/thumb/v7e-m+fp/hard\libm.a(lib_a-w_log.o)
                0x0000000008009b78                log
 .text.__ieee754_log
                0x0000000008009c08      0x374 c:/st/stm32cubeide_1.6.0/stm32cubeide/plugins/com.st.stm32cube.ide.mcu.externaltools.gnu-tools-for-stm32.9-2020-q2-update.win32_1.5.0.202011040924/tools/bin/../lib/gcc/arm-none-eabi/9.3.1/../../../../arm-none-eabi/lib/thumb/v7e-m+fp/hard\libm.a(lib_a-e_log.o)
                0x0000000008009c08                __ieee754_log
 *fill*         0x0000000008009f7c        0x4 
 .text.nan      0x0000000008009f80       0x10 c:/st/stm32cubeide_1.6.0/stm32cubeide/plugins/com.st.stm32cube.ide.mcu.externaltools.gnu-tools-for-stm32.9-2020-q2-update.win32_1.5.0.202011040924/tools/bin/../lib/gcc/arm-none-eabi/9.3.1/../../../../arm-none-eabi/lib/thumb/v7e-m+fp/hard\libm.a(lib_a-s_nan.o)
                0x0000000008009f80                nan
 *(.glue_7)
 .glue_7        0x0000000008009f90        0x0 linker stubs
 *(.glue_7t)
 .glue_7t       0x0000000008009f90        0x0 linker stubs
 *(.eh_frame)
 .eh_frame      0x0000000008009f90        0x0 c:/st/stm32cubeide_1.6.0/stm32cubeide/plugins/com.st.stm32cube.ide.mcu.externaltools.gnu-tools-for-stm32.9-2020-q2-update.win32_1.5.0.202011040924/tools/bin/../lib/gcc/arm-none-eabi/9.3.1/thumb/v7e-m+fp/hard/crtbegin.o
 *(.init)
 .init          0x0000000008009f90        0x4 c:/st/stm32cubeide_1.6.0/stm32cubeide/plugins/com.st.stm32cube.ide.mcu.externaltools.gnu-tools-for-stm32.9-2020-q2-update.win32_1.5.0.202011040924/tools/bin/../lib/gcc/arm-none-eabi/9.3.1/thumb/v7e-m+fp/hard/crti.o
                0x0000000008009f90                _init
 .init          0x0000000008009f94        0x8 c:/st/stm32cubeide_1.6.0/stm32cubeide/plugins/com.st.stm32cube.ide.mcu.externaltools.gnu-tools-for-stm32.9-2020-q2-update.win32_1.5.0.202011040924/tools/bin/../lib/gcc/arm-none-eabi/9.3.1/thumb/v7e-m+fp/hard/crtn.o
 *(.fini)
 .fini          0x0000000008009f9c        0x4 c:/st/stm32cubeide_1.6.0/stm32cubeide/plugins/com.st.stm32cube.ide.mcu.externaltools.gnu-tools-for-stm32.9-2020-q2-update.win32_1.5.0.202011040924/tools/bin/../lib/gcc/arm-none-eabi/9.3.1/thumb/v7e-m+fp/hard/crti.o
                0x0000000008009f9c                _fini
 .fini          0x0000000008009fa0        0x8 c:/st/stm32cubeide_1.6.0/stm32cubeide/plugins/com.st.stm32cube.ide.mcu.externaltools.gnu-tools-for-stm32.9-2020-q2-update.win32_1.5.0.202011040924/tools/bin/../lib/gcc/arm-none-eabi/9.3.1/thumb/v7e-m+fp/hard/crtn.o
                0x0000000008009fa8                . = ALIGN (0x4)
                0x0000000008009fa8                _etext = .

.vfp11_veneer   0x0000000008009fa8        0x0
 .vfp11_veneer  0x0000000008009fa8        0x0 linker stubs

.v4_bx          0x0000000008009fa8        0x0
 .v4_bx         0x0000000008009fa8        0x0 linker stubs

.iplt           0x0000000008009fa8        0x0
 .iplt          0x0000000008009fa8        0x0 c:/st/stm32cubeide_1.6.0/stm32cubeide/plugins/com.st.stm32cube.ide.mcu.externaltools.gnu-tools-for-stm32.9-2020-q2-update.win32_1.5.0.202011040924/tools/bin/../lib/gcc/arm-none-eabi/9.3.1/thumb/v7e-m+fp/hard/crtbegin.o

.rodata         0x0000000008009fa8      0x534
                0x0000000008009fa8                . = ALIGN (0x4)
 *(.rodata)
 *(.rodata*)
 .rodata.state001.str1.4
                0x0000000008009fa8       0x4f Application/User/main.o
 *fill*         0x0000000008009ff7        0x1 
 .rodata.state002.str1.4
                0x0000000008009ff8       0x2f Application/User/main.o
 *fill*         0x000000000800a027        0x1 
 .rodata.state003.str1.4
                0x000000000800a028        0xc Application/User/main.o
 .rodata.state101.str1.4
                0x000000000800a034       0x12 Application/User/main.o
                                         0x2a (size before relaxing)
 *fill*         0x000000000800a046        0x2 
 .rodata.state104.str1.4
                0x000000000800a048       0x1d Application/User/main.o
 *fill*         0x000000000800a065        0x3 
 .rodata.state202.str1.4
                0x000000000800a068       0x26 Application/User/main.o
 *fill*         0x000000000800a08e        0x2 
 .rodata.state204.str1.4
                0x000000000800a090        0xc Application/User/main.o
 .rodata.state298.str1.4
                0x000000000800a09c       0x28 Application/User/main.o
 .rodata.state301.str1.4
                0x000000000800a0c4       0x19 Application/User/main.o
 *fill*         0x000000000800a0dd        0x3 
 .rodata.state302.str1.4
                0x000000000800a0e0       0x1e Application/User/main.o
 *fill*         0x000000000800a0fe        0x2 
 .rodata.state304.str1.4
                0x000000000800a100       0xc8 Application/User/main.o
 .rodata.state401.str1.4
                0x000000000800a1c8        0xb Application/User/main.o
 *fill*         0x000000000800a1d3        0x1 
 .rodata.state403.str1.4
                0x000000000800a1d4        0xc Application/User/main.o
 .rodata.state404.str1.4
                0x000000000800a1e0        0x9 Application/User/main.o
 *fill*         0x000000000800a1e9        0x3 
 .rodata.state700.str1.4
                0x000000000800a1ec        0x7 Application/User/main.o
 *fill*         0x000000000800a1f3        0x1 
 .rodata.state707.str1.4
                0x000000000800a1f4       0x41 Application/User/main.o
 *fill*         0x000000000800a235        0x3 
 .rodata.hSin_Cos_Table
                0x000000000800a238      0x200 Application/User/mc_math.o
                0x000000000800a238                hSin_Cos_Table
 .rodata.ICS_ParamsM1
                0x000000000800a438       0x30 Application/User/mc_parameters.o
                0x000000000800a438                ICS_ParamsM1
 .rodata.s_fwVer
                0x000000000800a468       0x20 Application/User/motorcontrol.o
                0x000000000800a468                s_fwVer
 .rodata.AHBPrescTable
                0x000000000800a488       0x10 Drivers/CMSIS/system_stm32f4xx.o
                0x000000000800a488                AHBPrescTable
 .rodata.APBPrescTable
                0x000000000800a498        0x8 Drivers/CMSIS/system_stm32f4xx.o
                0x000000000800a498                APBPrescTable
 .rodata.UFCP_Usart_Timeout_none
                0x000000000800a4a0        0x2 Middlewares/MotorControl/usart_frame_communication_protocol.o
 .rodata.UFCP_Usart_Timeout_start
                0x000000000800a4a2        0x2 Middlewares/MotorControl/usart_frame_communication_protocol.o
 .rodata.UFCP_Usart_Timeout_stop
                0x000000000800a4a4        0x2 Middlewares/MotorControl/usart_frame_communication_protocol.o
 .rodata._svfprintf_r.str1.1
                0x000000000800a4a6       0x11 c:/st/stm32cubeide_1.6.0/stm32cubeide/plugins/com.st.stm32cube.ide.mcu.externaltools.gnu-tools-for-stm32.9-2020-q2-update.win32_1.5.0.202011040924/tools/bin/../lib/gcc/arm-none-eabi/9.3.1/../../../../arm-none-eabi/lib/thumb/v7e-m+fp/hard\libc_nano.a(lib_a-nano-svfprintf.o)
 .rodata._printf_i.str1.1
                0x000000000800a4b7       0x22 c:/st/stm32cubeide_1.6.0/stm32cubeide/plugins/com.st.stm32cube.ide.mcu.externaltools.gnu-tools-for-stm32.9-2020-q2-update.win32_1.5.0.202011040924/tools/bin/../lib/gcc/arm-none-eabi/9.3.1/../../../../arm-none-eabi/lib/thumb/v7e-m+fp/hard\libc_nano.a(lib_a-nano-vfprintf_i.o)
 .rodata.log.str1.1
                0x000000000800a4d9       0x22 c:/st/stm32cubeide_1.6.0/stm32cubeide/plugins/com.st.stm32cube.ide.mcu.externaltools.gnu-tools-for-stm32.9-2020-q2-update.win32_1.5.0.202011040924/tools/bin/../lib/gcc/arm-none-eabi/9.3.1/../../../../arm-none-eabi/lib/thumb/v7e-m+fp/hard\libm.a(lib_a-w_log.o)
                                          0x1 (size before relaxing)
                0x000000000800a4fc                . = ALIGN (0x4)
 *fill*         0x000000000800a4d9        0x3 

.ARM.extab      0x000000000800a4dc        0x0
                0x000000000800a4dc                . = ALIGN (0x4)
 *(.ARM.extab* .gnu.linkonce.armextab.*)
                0x000000000800a4dc                . = ALIGN (0x4)

.ARM            0x000000000800a4dc        0x8
                0x000000000800a4dc                . = ALIGN (0x4)
                0x000000000800a4dc                __exidx_start = .
 *(.ARM.exidx*)
 .ARM.exidx     0x000000000800a4dc        0x8 c:/st/stm32cubeide_1.6.0/stm32cubeide/plugins/com.st.stm32cube.ide.mcu.externaltools.gnu-tools-for-stm32.9-2020-q2-update.win32_1.5.0.202011040924/tools/bin/../lib/gcc/arm-none-eabi/9.3.1/thumb/v7e-m+fp/hard\libgcc.a(_udivmoddi4.o)
                0x000000000800a4e4                __exidx_end = .
                0x000000000800a4e4                . = ALIGN (0x4)

.rel.dyn        0x000000000800a4e4        0x0
 .rel.iplt      0x000000000800a4e4        0x0 c:/st/stm32cubeide_1.6.0/stm32cubeide/plugins/com.st.stm32cube.ide.mcu.externaltools.gnu-tools-for-stm32.9-2020-q2-update.win32_1.5.0.202011040924/tools/bin/../lib/gcc/arm-none-eabi/9.3.1/thumb/v7e-m+fp/hard/crtbegin.o

.preinit_array  0x000000000800a4e4        0x0
                0x000000000800a4e4                . = ALIGN (0x4)
                0x000000000800a4e4                PROVIDE (__preinit_array_start = .)
 *(.preinit_array*)
                0x000000000800a4e4                PROVIDE (__preinit_array_end = .)
                0x000000000800a4e4                . = ALIGN (0x4)

.init_array     0x000000000800a4e4        0x4
                0x000000000800a4e4                . = ALIGN (0x4)