Archive member included to satisfy reference by file (symbol)

../../MCSDK_v5.4.5/MotorControl/lib\libmc-gcc_M4_NoCCMRAM.lib(revup_ctrl.o)
                              Application/User/mc_tasks.o (RUC_Init)
../../MCSDK_v5.4.5/MotorControl/lib\libmc-gcc_M4_NoCCMRAM.lib(sto_pll_speed_pos_fdbk.o)
                              Application/User/mc_tasks.o (STO_PLL_CalcElAngle)
c:/st/stm32cubeide_1.6.0/stm32cubeide/plugins/com.st.stm32cube.ide.mcu.externaltools.gnu-tools-for-stm32.9-2020-q2-update.win32_1.5.0.202011040924/tools/bin/../lib/gcc/arm-none-eabi/9.3.1/../../../../arm-none-eabi/lib/thumb/v7e-m+fp/hard\libc_nano.a(lib_a-errno.o)
                              Application/User/syscalls.o (__errno)
c:/st/stm32cubeide_1.6.0/stm32cubeide/plugins/com.st.stm32cube.ide.mcu.externaltools.gnu-tools-for-stm32.9-2020-q2-update.win32_1.5.0.202011040924/tools/bin/../lib/gcc/arm-none-eabi/9.3.1/../../../../arm-none-eabi/lib/thumb/v7e-m+fp/hard\libc_nano.a(lib_a-exit.o)
                              c:/st/stm32cubeide_1.6.0/stm32cubeide/plugins/com.st.stm32cube.ide.mcu.externaltools.gnu-tools-for-stm32.9-2020-q2-update.win32_1.5.0.202011040924/tools/bin/../lib/gcc/arm-none-eabi/9.3.1/../../../../arm-none-eabi/lib/thumb/v7e-m+fp/hard/crt0.o (exit)
c:/st/stm32cubeide_1.6.0/stm32cubeide/plugins/com.st.stm32cube.ide.mcu.externaltools.gnu-tools-for-stm32.9-2020-q2-update.win32_1.5.0.202011040924/tools/bin/../lib/gcc/arm-none-eabi/9.3.1/../../../../arm-none-eabi/lib/thumb/v7e-m+fp/hard\libc_nano.a(lib_a-impure.o)
                              c:/st/stm32cubeide_1.6.0/stm32cubeide/plugins/com.st.stm32cube.ide.mcu.externaltools.gnu-tools-for-stm32.9-2020-q2-update.win32_1.5.0.202011040924/tools/bin/../lib/gcc/arm-none-eabi/9.3.1/../../../../arm-none-eabi/lib/thumb/v7e-m+fp/hard\libc_nano.a(lib_a-exit.o) (_global_impure_ptr)
c:/st/stm32cubeide_1.6.0/stm32cubeide/plugins/com.st.stm32cube.ide.mcu.externaltools.gnu-tools-for-stm32.9-2020-q2-update.win32_1.5.0.202011040924/tools/bin/../lib/gcc/arm-none-eabi/9.3.1/../../../../arm-none-eabi/lib/thumb/v7e-m+fp/hard\libc_nano.a(lib_a-init.o)
                              c:/st/stm32cubeide_1.6.0/stm32cubeide/plugins/com.st.stm32cube.ide.mcu.externaltools.gnu-tools-for-stm32.9-2020-q2-update.win32_1.5.0.202011040924/tools/bin/../lib/gcc/arm-none-eabi/9.3.1/../../../../arm-none-eabi/lib/thumb/v7e-m+fp/hard/crt0.o (__libc_init_array)
c:/st/stm32cubeide_1.6.0/stm32cubeide/plugins/com.st.stm32cube.ide.mcu.externaltools.gnu-tools-for-stm32.9-2020-q2-update.win32_1.5.0.202011040924/tools/bin/../lib/gcc/arm-none-eabi/9.3.1/../../../../arm-none-eabi/lib/thumb/v7e-m+fp/hard\libc_nano.a(lib_a-memset.o)
                              c:/st/stm32cubeide_1.6.0/stm32cubeide/plugins/com.st.stm32cube.ide.mcu.externaltools.gnu-tools-for-stm32.9-2020-q2-update.win32_1.5.0.202011040924/tools/bin/../lib/gcc/arm-none-eabi/9.3.1/../../../../arm-none-eabi/lib/thumb/v7e-m+fp/hard/crt0.o (memset)
c:/st/stm32cubeide_1.6.0/stm32cubeide/plugins/com.st.stm32cube.ide.mcu.externaltools.gnu-tools-for-stm32.9-2020-q2-update.win32_1.5.0.202011040924/tools/bin/../lib/gcc/arm-none-eabi/9.3.1/thumb/v7e-m+fp/hard\libgcc.a(_aeabi_ldivmod.o)
                              Drivers/STM32F4xx_HAL_Driver/stm32f4xx_hal_rcc.o (__aeabi_ldivmod)
c:/st/stm32cubeide_1.6.0/stm32cubeide/plugins/com.st.stm32cube.ide.mcu.externaltools.gnu-tools-for-stm32.9-2020-q2-update.win32_1.5.0.202011040924/tools/bin/../lib/gcc/arm-none-eabi/9.3.1/thumb/v7e-m+fp/hard\libgcc.a(_aeabi_uldivmod.o)
                              Drivers/STM32F4xx_HAL_Driver/stm32f4xx_hal_rcc.o (__aeabi_uldivmod)
c:/st/stm32cubeide_1.6.0/stm32cubeide/plugins/com.st.stm32cube.ide.mcu.externaltools.gnu-tools-for-stm32.9-2020-q2-update.win32_1.5.0.202011040924/tools/bin/../lib/gcc/arm-none-eabi/9.3.1/thumb/v7e-m+fp/hard\libgcc.a(_udivmoddi4.o)
                              c:/st/stm32cubeide_1.6.0/stm32cubeide/plugins/com.st.stm32cube.ide.mcu.externaltools.gnu-tools-for-stm32.9-2020-q2-update.win32_1.5.0.202011040924/tools/bin/../lib/gcc/arm-none-eabi/9.3.1/thumb/v7e-m+fp/hard\libgcc.a(_aeabi_ldivmod.o) (__udivmoddi4)
c:/st/stm32cubeide_1.6.0/stm32cubeide/plugins/com.st.stm32cube.ide.mcu.externaltools.gnu-tools-for-stm32.9-2020-q2-update.win32_1.5.0.202011040924/tools/bin/../lib/gcc/arm-none-eabi/9.3.1/thumb/v7e-m+fp/hard\libgcc.a(_dvmd_tls.o)
                              c:/st/stm32cubeide_1.6.0/stm32cubeide/plugins/com.st.stm32cube.ide.mcu.externaltools.gnu-tools-for-stm32.9-2020-q2-update.win32_1.5.0.202011040924/tools/bin/../lib/gcc/arm-none-eabi/9.3.1/thumb/v7e-m+fp/hard\libgcc.a(_aeabi_ldivmod.o) (__aeabi_ldiv0)

Allocating common symbols
Common symbol       size              file

pOCPDisabling       0x4               Application/User/mc_tasks.o
pTemperatureSensor  0x4               Application/User/mc_tasks.o
pwmcHandle          0x4               Application/User/mc_tasks.o
pPIDSpeed           0x4               Application/User/mc_tasks.o
[...]
Memory Configuration

Name             Origin             Length             Attributes
RAM              0x0000000020000000 0x0000000000020000 xrw
FLASH            0x0000000008000000 0x0000000000080000 xr
*default*        0x0000000000000000 0xffffffffffffffff

Linker script and memory map

LOAD c:/st/stm32cubeide_1.6.0/stm32cubeide/plugins/com.st.stm32cube.ide.mcu.externaltools.gnu-tools-for-stm32.9-2020-q2-update.win32_1.5.0.202011040924/tools/bin/../lib/gcc/arm-none-eabi/9.3.1/thumb/v7e-m+fp/hard/crti.o
LOAD c:/st/stm32cubeide_1.6.0/stm32cubeide/plugins/com.st.stm32cube.ide.mcu.externaltools.gnu-tools-for-stm32.9-2020-q2-update.win32_1.5.0.202011040924/tools/bin/../lib/gcc/arm-none-eabi/9.3.1/thumb/v7e-m+fp/hard/crtbegin.o
LOAD c:/st/stm32cubeide_1.6.0/stm32cubeide/plugins/com.st.stm32cube.ide.mcu.externaltools.gnu-tools-for-stm32.9-2020-q2-update.win32_1.5.0.202011040924/tools/bin/../lib/gcc/arm-none-eabi/9.3.1/../../../../arm-none-eabi/lib/thumb/v7e-m+fp/hard/crt0.o
LOAD Application/Startup/startup_stm32f446retx.o
LOAD Application/User/dac_ui.o
LOAD Application/User/main.o
LOAD Application/User/mc_api.o
LOAD Application/User/mc_config.o
LOAD Application/User/mc_interface.o
LOAD Application/User/mc_math.o
LOAD Application/User/mc_parameters.o
LOAD Application/User/mc_tasks.o
LOAD Application/User/motor_control_protocol.o
LOAD Application/User/motorcontrol.o
LOAD Application/User/regular_conversion_manager.o
LOAD Application/User/stm32f4xx_hal_msp.o
LOAD Application/User/stm32f4xx_it.o
LOAD Application/User/stm32f4xx_mc_it.o
LOAD Application/User/syscalls.o
LOAD Application/User/sysmem.o
LOAD Application/User/ui_task.o
LOAD Application/User/user_interface.o
LOAD Drivers/CMSIS/system_stm32f4xx.o
LOAD Drivers/STM32F4xx_HAL_Driver/stm32f4xx_hal.o
LOAD Drivers/STM32F4xx_HAL_Driver/stm32f4xx_hal_adc.o
LOAD Drivers/STM32F4xx_HAL_Driver/stm32f4xx_hal_adc_ex.o
LOAD Drivers/STM32F4xx_HAL_Driver/stm32f4xx_hal_cortex.o
LOAD Drivers/STM32F4xx_HAL_Driver/stm32f4xx_hal_dac.o
LOAD Drivers/STM32F4xx_HAL_Driver/stm32f4xx_hal_dac_ex.o
LOAD Drivers/STM32F4xx_HAL_Driver/stm32f4xx_hal_dma.o
LOAD Drivers/STM32F4xx_HAL_Driver/stm32f4xx_hal_dma_ex.o
LOAD Drivers/STM32F4xx_HAL_Driver/stm32f4xx_hal_exti.o
LOAD Drivers/STM32F4xx_HAL_Driver/stm32f4xx_hal_flash.o
LOAD Drivers/STM32F4xx_HAL_Driver/stm32f4xx_hal_flash_ex.o
LOAD Drivers/STM32F4xx_HAL_Driver/stm32f4xx_hal_flash_ramfunc.o
LOAD Drivers/STM32F4xx_HAL_Driver/stm32f4xx_hal_gpio.o
LOAD Drivers/STM32F4xx_HAL_Driver/stm32f4xx_hal_pwr.o
LOAD Drivers/STM32F4xx_HAL_Driver/stm32f4xx_hal_pwr_ex.o
LOAD Drivers/STM32F4xx_HAL_Driver/stm32f4xx_hal_rcc.o
LOAD Drivers/STM32F4xx_HAL_Driver/stm32f4xx_hal_rcc_ex.o
LOAD Drivers/STM32F4xx_HAL_Driver/stm32f4xx_hal_tim.o
LOAD Drivers/STM32F4xx_HAL_Driver/stm32f4xx_hal_tim_ex.o
LOAD Drivers/STM32F4xx_HAL_Driver/stm32f4xx_hal_uart.o
LOAD Drivers/STM32F4xx_HAL_Driver/stm32f4xx_ll_adc.o
LOAD Middlewares/MotorControl/bus_voltage_sensor.o
LOAD Middlewares/MotorControl/circle_limitation.o
LOAD Middlewares/MotorControl/dac_common_ui.o
LOAD Middlewares/MotorControl/digital_output.o
LOAD Middlewares/MotorControl/frame_communication_protocol.o
LOAD Middlewares/MotorControl/ics_f4xx_pwm_curr_fdbk.o
LOAD Middlewares/MotorControl/motor_power_measurement.o
LOAD Middlewares/MotorControl/ntc_temperature_sensor.o
LOAD Middlewares/MotorControl/open_loop.o
LOAD Middlewares/MotorControl/pid_regulator.o
LOAD Middlewares/MotorControl/pqd_motor_power_measurement.o
LOAD Middlewares/MotorControl/pwm_common.o
LOAD Middlewares/MotorControl/pwm_curr_fdbk.o
LOAD Middlewares/MotorControl/r_divider_bus_voltage_sensor.o
LOAD Middlewares/MotorControl/ramp_ext_mngr.o
LOAD Middlewares/MotorControl/speed_pos_fdbk.o
LOAD Middlewares/MotorControl/speed_torq_ctrl.o
LOAD Middlewares/MotorControl/state_machine.o
LOAD Middlewares/MotorControl/ui_irq_handler.o
LOAD Middlewares/MotorControl/usart_frame_communication_protocol.o
LOAD Middlewares/MotorControl/virtual_speed_sensor.o
LOAD ../../MCSDK_v5.4.5/MotorControl/lib\libmc-gcc_M4_NoCCMRAM.lib
START GROUP
LOAD ../../MCSDK_v5.4.5/MotorControl/lib\libmc-gcc_M4_NoCCMRAM.lib
END GROUP
START GROUP
LOAD c:/st/stm32cubeide_1.6.0/stm32cubeide/plugins/com.st.stm32cube.ide.mcu.externaltools.gnu-tools-for-stm32.9-2020-q2-update.win32_1.5.0.202011040924/tools/bin/../lib/gcc/arm-none-eabi/9.3.1/../../../../arm-none-eabi/lib/thumb/v7e-m+fp/hard\libc_nano.a
LOAD c:/st/stm32cubeide_1.6.0/stm32cubeide/plugins/com.st.stm32cube.ide.mcu.externaltools.gnu-tools-for-stm32.9-2020-q2-update.win32_1.5.0.202011040924/tools/bin/../lib/gcc/arm-none-eabi/9.3.1/../../../../arm-none-eabi/lib/thumb/v7e-m+fp/hard\libm.a
END GROUP
START GROUP
LOAD c:/st/stm32cubeide_1.6.0/stm32cubeide/plugins/com.st.stm32cube.ide.mcu.externaltools.gnu-tools-for-stm32.9-2020-q2-update.win32_1.5.0.202011040924/tools/bin/../lib/gcc/arm-none-eabi/9.3.1/thumb/v7e-m+fp/hard\libgcc.a
LOAD c:/st/stm32cubeide_1.6.0/stm32cubeide/plugins/com.st.stm32cube.ide.mcu.externaltools.gnu-tools-for-stm32.9-2020-q2-update.win32_1.5.0.202011040924/tools/bin/../lib/gcc/arm-none-eabi/9.3.1/../../../../arm-none-eabi/lib/thumb/v7e-m+fp/hard\libc_nano.a
END GROUP
START GROUP
LOAD c:/st/stm32cubeide_1.6.0/stm32cubeide/plugins/com.st.stm32cube.ide.mcu.externaltools.gnu-tools-for-stm32.9-2020-q2-update.win32_1.5.0.202011040924/tools/bin/../lib/gcc/arm-none-eabi/9.3.1/thumb/v7e-m+fp/hard\libgcc.a
LOAD c:/st/stm32cubeide_1.6.0/stm32cubeide/plugins/com.st.stm32cube.ide.mcu.externaltools.gnu-tools-for-stm32.9-2020-q2-update.win32_1.5.0.202011040924/tools/bin/../lib/gcc/arm-none-eabi/9.3.1/../../../../arm-none-eabi/lib/thumb/v7e-m+fp/hard\libc_nano.a
LOAD c:/st/stm32cubeide_1.6.0/stm32cubeide/plugins/com.st.stm32cube.ide.mcu.externaltools.gnu-tools-for-stm32.9-2020-q2-update.win32_1.5.0.202011040924/tools/bin/../lib/gcc/arm-none-eabi/9.3.1/../../../../arm-none-eabi/lib/thumb/v7e-m+fp/hard\libnosys.a
END GROUP
START GROUP
LOAD c:/st/stm32cubeide_1.6.0/stm32cubeide/plugins/com.st.stm32cube.ide.mcu.externaltools.gnu-tools-for-stm32.9-2020-q2-update.win32_1.5.0.202011040924/tools/bin/../lib/gcc/arm-none-eabi/9.3.1/thumb/v7e-m+fp/hard\libgcc.a
LOAD c:/st/stm32cubeide_1.6.0/stm32cubeide/plugins/com.st.stm32cube.ide.mcu.externaltools.gnu-tools-for-stm32.9-2020-q2-update.win32_1.5.0.202011040924/tools/bin/../lib/gcc/arm-none-eabi/9.3.1/../../../../arm-none-eabi/lib/thumb/v7e-m+fp/hard\libc_nano.a
LOAD c:/st/stm32cubeide_1.6.0/stm32cubeide/plugins/com.st.stm32cube.ide.mcu.externaltools.gnu-tools-for-stm32.9-2020-q2-update.win32_1.5.0.202011040924/tools/bin/../lib/gcc/arm-none-eabi/9.3.1/../../../../arm-none-eabi/lib/thumb/v7e-m+fp/hard\libnosys.a
END GROUP
LOAD c:/st/stm32cubeide_1.6.0/stm32cubeide/plugins/com.st.stm32cube.ide.mcu.externaltools.gnu-tools-for-stm32.9-2020-q2-update.win32_1.5.0.202011040924/tools/bin/../lib/gcc/arm-none-eabi/9.3.1/thumb/v7e-m+fp/hard/crtend.o
LOAD c:/st/stm32cubeide_1.6.0/stm32cubeide/plugins/com.st.stm32cube.ide.mcu.externaltools.gnu-tools-for-stm32.9-2020-q2-update.win32_1.5.0.202011040924/tools/bin/../lib/gcc/arm-none-eabi/9.3.1/thumb/v7e-m+fp/hard/crtn.o
                0x0000000020020000                _estack = (ORIGIN (RAM) + LENGTH (RAM))
                0x0000000000000200                _Min_Heap_Size = 0x200
                0x0000000000000400                _Min_Stack_Size = 0x400

.isr_vector     0x0000000008000000      0x1c4
                0x0000000008000000                . = ALIGN (0x4)
 *(.isr_vector)
 .isr_vector    0x0000000008000000      0x1c4 Application/Startup/startup_stm32f446retx.o
                0x0000000008000000                g_pfnVectors
                0x00000000080001c4                . = ALIGN (0x4)

.text           0x00000000080001c4     0x6814
                0x00000000080001c4                . = ALIGN (0x4)
 *(.text)
 .text          0x00000000080001c4       0x40 c:/st/stm32cubeide_1.6.0/stm32cubeide/plugins/com.st.stm32cube.ide.mcu.externaltools.gnu-tools-for-stm32.9-2020-q2-update.win32_1.5.0.202011040924/tools/bin/../lib/gcc/arm-none-eabi/9.3.1/thumb/v7e-m+fp/hard/crtbegin.o
 .text          0x0000000008000204       0x30 c:/st/stm32cubeide_1.6.0/stm32cubeide/plugins/com.st.stm32cube.ide.mcu.externaltools.gnu-tools-for-stm32.9-2020-q2-update.win32_1.5.0.202011040924/tools/bin/../lib/gcc/arm-none-eabi/9.3.1/thumb/v7e-m+fp/hard\libgcc.a(_aeabi_uldivmod.o)
                0x0000000008000204                __aeabi_uldivmod
 .text          0x0000000008000234      0x2c4 c:/st/stm32cubeide_1.6.0/stm32cubeide/plugins/com.st.stm32cube.ide.mcu.externaltools.gnu-tools-for-stm32.9-2020-q2-update.win32_1.5.0.202011040924/tools/bin/../lib/gcc/arm-none-eabi/9.3.1/thumb/v7e-m+fp/hard\libgcc.a(_udivmoddi4.o)
                0x0000000008000234                __udivmoddi4
 .text          0x00000000080004f8        0x4 c:/st/stm32cubeide_1.6.0/stm32cubeide/plugins/com.st.stm32cube.ide.mcu.externaltools.gnu-tools-for-stm32.9-2020-q2-update.win32_1.5.0.202011040924/tools/bin/../lib/gcc/arm-none-eabi/9.3.1/thumb/v7e-m+fp/hard\libgcc.a(_dvmd_tls.o)
                0x00000000080004f8                __aeabi_idiv0
                0x00000000080004f8                __aeabi_ldiv0
 *(.text*)
 .text.Reset_Handler
                0x00000000080004fc       0x50 Application/Startup/startup_stm32f446retx.o
                0x00000000080004fc                Reset_Handler
 .text.Default_Handler
                0x000000000800054c        0x2 Application/Startup/startup_stm32f446retx.o
                0x000000000800054c                RTC_Alarm_IRQHandler
                0x000000000800054c                EXTI2_IRQHandler
                0x000000000800054c                TIM8_CC_IRQHandler
                0x000000000800054c                DebugMon_Handler
                0x000000000800054c                FMPI2C1_EV_IRQHandler
                0x000000000800054c                SPI4_IRQHandler
                0x000000000800054c                TIM1_CC_IRQHandler
                0x000000000800054c                DMA2_Stream5_IRQHandler
                0x000000000800054c                DMA1_Stream5_IRQHandler
                0x000000000800054c                PVD_IRQHandler
                0x000000000800054c                SDIO_IRQHandler
                0x000000000800054c                TAMP_STAMP_IRQHandler
                0x000000000800054c                PendSV_Handler
                0x000000000800054c                NMI_Handler
                0x000000000800054c                CAN2_RX1_IRQHandler
                0x000000000800054c                EXTI3_IRQHandler
                0x000000000800054c                TIM8_TRG_COM_TIM14_IRQHandler
                0x000000000800054c                TIM8_UP_TIM13_IRQHandler
                0x000000000800054c                I2C3_ER_IRQHandler
                0x000000000800054c                EXTI0_IRQHandler
                0x000000000800054c                I2C2_EV_IRQHandler
                0x000000000800054c                DMA1_Stream2_IRQHandler
                0x000000000800054c                CAN1_RX0_IRQHandler
                0x000000000800054c                FPU_IRQHandler
                0x000000000800054c                OTG_HS_WKUP_IRQHandler
                0x000000000800054c                UsageFault_Handler
                0x000000000800054c                CAN2_SCE_IRQHandler
                0x000000000800054c                DMA2_Stream2_IRQHandler
                0x000000000800054c                SPI1_IRQHandler
                0x000000000800054c                TIM6_DAC_IRQHandler
                0x000000000800054c                DCMI_IRQHandler
                0x000000000800054c                CAN2_RX0_IRQHandler
                0x000000000800054c                DMA2_Stream3_IRQHandler
                0x000000000800054c                SAI2_IRQHandler
                0x000000000800054c                USART6_IRQHandler
                0x000000000800054c                USART3_IRQHandler
                0x000000000800054c                CAN1_RX1_IRQHandler
                0x000000000800054c                UART5_IRQHandler
                0x000000000800054c                DMA2_Stream0_IRQHandler
                0x000000000800054c                TIM4_IRQHandler
                0x000000000800054c                QUADSPI_IRQHandler
                0x000000000800054c                I2C1_EV_IRQHandler
                0x000000000800054c                DMA1_Stream6_IRQHandler
                0x000000000800054c                DMA1_Stream1_IRQHandler
                0x000000000800054c                UART4_IRQHandler
                0x000000000800054c                TIM3_IRQHandler
                0x000000000800054c                RCC_IRQHandler
                0x000000000800054c                TIM8_BRK_TIM12_IRQHandler
                0x000000000800054c                Default_Handler
                0x000000000800054c                CEC_IRQHandler
                0x000000000800054c                EXTI15_10_IRQHandler
                0x000000000800054c                DMA1_Stream7_IRQHandler
                0x000000000800054c                TIM7_IRQHandler
                0x000000000800054c                CAN2_TX_IRQHandler
                0x000000000800054c                TIM5_IRQHandler
                0x000000000800054c                DMA2_Stream7_IRQHandler
                0x000000000800054c                I2C3_EV_IRQHandler
                0x000000000800054c                EXTI9_5_IRQHandler
                0x000000000800054c                RTC_WKUP_IRQHandler
                0x000000000800054c                SPDIF_RX_IRQHandler
                0x000000000800054c                SPI2_IRQHandler
                0x000000000800054c                OTG_HS_EP1_IN_IRQHandler
                0x000000000800054c                MemManage_Handler
                0x000000000800054c                DMA1_Stream0_IRQHandler
                0x000000000800054c                CAN1_TX_IRQHandler
                0x000000000800054c                SVC_Handler
                0x000000000800054c                FMPI2C1_ER_IRQHandler
                0x000000000800054c                EXTI4_IRQHandler
                0x000000000800054c                OTG_HS_EP1_OUT_IRQHandler
                0x000000000800054c                WWDG_IRQHandler
                0x000000000800054c                TIM2_IRQHandler
                0x000000000800054c                OTG_FS_WKUP_IRQHandler
                0x000000000800054c                TIM1_TRG_COM_TIM11_IRQHandler
                0x000000000800054c                OTG_HS_IRQHandler
                0x000000000800054c                EXTI1_IRQHandler
                0x000000000800054c                I2C2_ER_IRQHandler
                0x000000000800054c                DMA2_Stream1_IRQHandler
                0x000000000800054c                CAN1_SCE_IRQHandler
                0x000000000800054c                FLASH_IRQHandler
                0x000000000800054c                DMA2_Stream4_IRQHandler
                0x000000000800054c                BusFault_Handler
                0x000000000800054c                USART1_IRQHandler
                0x000000000800054c                OTG_FS_IRQHandler
                0x000000000800054c                SPI3_IRQHandler
                0x000000000800054c                DMA1_Stream4_IRQHandler
                0x000000000800054c                I2C1_ER_IRQHandler
                0x000000000800054c                FMC_IRQHandler
                0x000000000800054c                DMA2_Stream6_IRQHandler
                0x000000000800054c                SAI1_IRQHandler
                0x000000000800054c                DMA1_Stream3_IRQHandler
 *fill*         0x000000000800054e        0x2 
 .text.DAC_Init
                0x0000000008000550       0x10 Application/User/dac_ui.o
                0x0000000008000550                DAC_Init
 .text.DAC_Exec
                0x0000000008000560       0x4c Application/User/dac_ui.o
                0x0000000008000560                DAC_Exec
 .text.SystemClock_Config
                0x00000000080005ac       0xb4 Application/User/main.o
                0x00000000080005ac                SystemClock_Config
 .text.startup.main
                0x0000000008000660      0x438 Application/User/main.o
                0x0000000008000660                main
 .text.MC_StartMotor1
                0x0000000008000a98        0xc Application/User/mc_api.o
                0x0000000008000a98                MC_StartMotor1
 .text.MC_ProgramSpeedRampMotor1
                0x0000000008000aa4       0x10 Application/User/mc_api.o
                0x0000000008000aa4                MC_ProgramSpeedRampMotor1
 .text.MCI_Init
                0x0000000008000ab4       0x1c Application/User/mc_interface.o
                0x0000000008000ab4                MCI_Init
 .text.MCI_ExecSpeedRamp
                0x0000000008000ad0       0x18 Application/User/mc_interface.o
                0x0000000008000ad0                MCI_ExecSpeedRamp
 .text.MCI_ExecTorqueRamp
                0x0000000008000ae8       0x14 Application/User/mc_interface.o
                0x0000000008000ae8                MCI_ExecTorqueRamp
 .text.MCI_SetCurrentReferences
                0x0000000008000afc       0x14 Application/User/mc_interface.o
                0x0000000008000afc                MCI_SetCurrentReferences
 .text.MCI_StartMotor
                0x0000000008000b10       0x14 Application/User/mc_interface.o
                0x0000000008000b10                MCI_StartMotor
 .text.MCI_StopMotor
                0x0000000008000b24        0x8 Application/User/mc_interface.o
                0x0000000008000b24                MCI_StopMotor
 .text.MCI_FaultAcknowledged
                0x0000000008000b2c        0x8 Application/User/mc_interface.o
                0x0000000008000b2c                MCI_FaultAcknowledged
 .text.MCI_EncoderAlign
                0x0000000008000b34        0x8 Application/User/mc_interface.o
                0x0000000008000b34                MCI_EncoderAlign
 .text.MCI_ExecBufferedCommands
                0x0000000008000b3c       0x78 Application/User/mc_interface.o
                0x0000000008000b3c                MCI_ExecBufferedCommands
 .text.MCI_GetSTMState
                0x0000000008000bb4        0x8 Application/User/mc_interface.o
                0x0000000008000bb4                MCI_GetSTMState
 .text.MCI_GetControlMode
                0x0000000008000bbc        0x4 Application/User/mc_interface.o
                0x0000000008000bbc                MCI_GetControlMode
 .text.MCI_GetImposedMotorDirection
                0x0000000008000bc0       0x44 Application/User/mc_interface.o
                0x0000000008000bc0                MCI_GetImposedMotorDirection
 .text.MCI_GetLastRampFinalSpeed
                0x0000000008000c04       0x10 Application/User/mc_interface.o
                0x0000000008000c04                MCI_GetLastRampFinalSpeed
 .text.MCI_StopRamp
                0x0000000008000c14        0x8 Application/User/mc_interface.o
                0x0000000008000c14                MCI_StopRamp
 .text.MCI_GetAvrgMecSpeedUnit
                0x0000000008000c1c       0x10 Application/User/mc_interface.o
                0x0000000008000c1c                MCI_GetAvrgMecSpeedUnit
 .text.MCI_GetMecSpeedRefUnit
                0x0000000008000c2c        0x8 Application/User/mc_interface.o
                0x0000000008000c2c                MCI_GetMecSpeedRefUnit
 .text.MCI_GetIab
                0x0000000008000c34       0x1c Application/User/mc_interface.o
                0x0000000008000c34                MCI_GetIab
 .text.MCI_GetIalphabeta
                0x0000000008000c50       0x1c Application/User/mc_interface.o
                0x0000000008000c50                MCI_GetIalphabeta
 .text.MCI_GetIqd
                0x0000000008000c6c       0x1c Application/User/mc_interface.o
                0x0000000008000c6c                MCI_GetIqd
 .text.MCI_GetIqdref
                0x0000000008000c88       0x1c Application/User/mc_interface.o
                0x0000000008000c88                MCI_GetIqdref
 .text.MCI_GetVqd
                0x0000000008000ca4       0x1c Application/User/mc_interface.o
                0x0000000008000ca4                MCI_GetVqd
 .text.MCI_GetValphabeta
                0x0000000008000cc0       0x1c Application/User/mc_interface.o
                0x0000000008000cc0                MCI_GetValphabeta
 .text.MCI_GetTeref
                0x0000000008000cdc        0x8 Application/User/mc_interface.o
                0x0000000008000cdc                MCI_GetTeref
 .text.MCI_SetIdref
                0x0000000008000ce4       0x14 Application/User/mc_interface.o
                0x0000000008000ce4                MCI_SetIdref
 .text.MCI_Clear_Iqdref
                0x0000000008000cf8       0x14 Application/User/mc_interface.o
                0x0000000008000cf8                MCI_Clear_Iqdref
 .text.MCM_Clarke
                0x0000000008000d0c       0x54 Application/User/mc_math.o
                0x0000000008000d0c                MCM_Clarke
 .text.MCM_Trig_Functions
                0x0000000008000d60       0x98 Application/User/mc_math.o
                0x0000000008000d60                MCM_Trig_Functions
 .text.MCM_Park
                0x0000000008000df8       0x84 Application/User/mc_math.o
                0x0000000008000df8                MCM_Park
 .text.MCM_Rev_Park
                0x0000000008000e7c       0x40 Application/User/mc_math.o
                0x0000000008000e7c                MCM_Rev_Park
 .text.FOC_Clear
                0x0000000008000ebc       0x88 Application/User/mc_tasks.o
                0x0000000008000ebc                FOC_Clear
 .text.MCboot   0x0000000008000f44      0x214 Application/User/mc_tasks.o
                0x0000000008000f44                MCboot
 .text.FOC_InitAdditionalMethods
                0x0000000008001158        0x4 Application/User/mc_tasks.o
                0x0000000008001158                FOC_InitAdditionalMethods
 .text.FOC_CalcCurrRef
                0x000000000800115c       0x2c Application/User/mc_tasks.o
                0x000000000800115c                FOC_CalcCurrRef
 .text.TSK_SetChargeBootCapDelayM1
                0x0000000008001188        0xc Application/User/mc_tasks.o
                0x0000000008001188                TSK_SetChargeBootCapDelayM1
 .text.TSK_ChargeBootCapDelayHasElapsedM1
                0x0000000008001194       0x14 Application/User/mc_tasks.o
                0x0000000008001194                TSK_ChargeBootCapDelayHasElapsedM1
 .text.TSK_SetStopPermanencyTimeM1
                0x00000000080011a8        0xc Application/User/mc_tasks.o
                0x00000000080011a8                TSK_SetStopPermanencyTimeM1
 .text.TSK_StopPermanencyTimeHasElapsedM1
                0x00000000080011b4       0x14 Application/User/mc_tasks.o
                0x00000000080011b4                TSK_StopPermanencyTimeHasElapsedM1
 .text.TSK_MediumFrequencyTaskM1
                0x00000000080011c8      0x294 Application/User/mc_tasks.o
                0x00000000080011c8                TSK_MediumFrequencyTaskM1
 .text.MC_Scheduler
                0x000000000800145c       0x58 Application/User/mc_tasks.o
                0x000000000800145c                MC_Scheduler
 .text.TSK_HighFrequencyTask
                0x00000000080014b4      0x18c Application/User/mc_tasks.o
                0x00000000080014b4                TSK_HighFrequencyTask
 .text.TSK_SafetyTask_PWMOFF
                0x0000000008001640       0x98 Application/User/mc_tasks.o
                0x0000000008001640                TSK_SafetyTask_PWMOFF
 .text.TSK_SafetyTask
                0x00000000080016d8       0x20 Application/User/mc_tasks.o
                0x00000000080016d8                TSK_SafetyTask
 .text.MC_RunMotorControlTasks
                0x00000000080016f8       0x20 Application/User/mc_tasks.o
                0x00000000080016f8                MC_RunMotorControlTasks
 .text.TSK_HardwareFaultTask
                0x0000000008001718       0x20 Application/User/mc_tasks.o
                0x0000000008001718                TSK_HardwareFaultTask
 .text.mc_lock_pins
                0x0000000008001738      0x168 Application/User/mc_tasks.o
                0x0000000008001738                mc_lock_pins
 .text.MCP_ReceivedFrame
                0x00000000080018a0      0x670 Application/User/motor_control_protocol.o
                0x00000000080018a0                MCP_ReceivedFrame
 .text.MCP_WaitNextFrame
                0x0000000008001f10       0x1c Application/User/motor_control_protocol.o
                0x0000000008001f10                MCP_WaitNextFrame
 .text.MCP_Init
                0x0000000008001f2c       0x44 Application/User/motor_control_protocol.o
                0x0000000008001f2c                MCP_Init
 .text.MCP_OnTimeOut
                0x0000000008001f70        0x8 Application/User/motor_control_protocol.o
                0x0000000008001f70                MCP_OnTimeOut
 .text.MCP_SentFrame
                0x0000000008001f78        0x8 Application/User/motor_control_protocol.o
                0x0000000008001f78                MCP_SentFrame
 .text.MX_MotorControl_Init
                0x0000000008001f80       0x4c Application/User/motorcontrol.o
                0x0000000008001f80                MX_MotorControl_Init
 .text.RCM_RegisterRegConv
                0x0000000008001fcc      0x1a4 Application/User/regular_conversion_manager.o
                0x0000000008001fcc                RCM_RegisterRegConv
 .text.RCM_ExecRegularConv
                0x0000000008002170       0x74 Application/User/regular_conversion_manager.o
                0x0000000008002170                RCM_ExecRegularConv
 .text.RCM_ExecUserConv
                0x00000000080021e4       0x54 Application/User/regular_conversion_manager.o
                0x00000000080021e4                RCM_ExecUserConv
 .text.HAL_MspInit
                0x0000000008002238       0x3c Application/User/stm32f4xx_hal_msp.o
                0x0000000008002238                HAL_MspInit
 .text.HAL_ADC_MspInit
                0x0000000008002274       0xdc Application/User/stm32f4xx_hal_msp.o
                0x0000000008002274                HAL_ADC_MspInit
 .text.HAL_DAC_MspInit
                0x0000000008002350       0x68 Application/User/stm32f4xx_hal_msp.o
                0x0000000008002350                HAL_DAC_MspInit
 .text.HAL_TIM_Base_MspInit
                0x00000000080023b8       0xf8 Application/User/stm32f4xx_hal_msp.o
                0x00000000080023b8                HAL_TIM_Base_MspInit
 .text.HAL_TIM_MspPostInit
                0x00000000080024b0       0x90 Application/User/stm32f4xx_hal_msp.o
                0x00000000080024b0                HAL_TIM_MspPostInit
 .text.HAL_UART_MspInit
                0x0000000008002540       0x70 Application/User/stm32f4xx_hal_msp.o
                0x0000000008002540                HAL_UART_MspInit
 .text.ADC_IRQHandler
                0x00000000080025b0       0x3c Application/User/stm32f4xx_mc_it.o
                0x00000000080025b0                ADC_IRQHandler
 .text.TIM1_UP_TIM10_IRQHandler
                0x00000000080025ec       0x14 Application/User/stm32f4xx_mc_it.o
                0x00000000080025ec                TIM1_UP_TIM10_IRQHandler
 .text.TIM1_BRK_TIM9_IRQHandler
                0x0000000008002600       0x24 Application/User/stm32f4xx_mc_it.o
                0x0000000008002600                TIM1_BRK_TIM9_IRQHandler
 .text.USART2_IRQHandler
                0x0000000008002624       0x84 Application/User/stm32f4xx_mc_it.o
                0x0000000008002624                USART2_IRQHandler
 .text.HardFault_Handler
                0x00000000080026a8       0x7c Application/User/stm32f4xx_mc_it.o
                0x00000000080026a8                HardFault_Handler
 .text.SysTick_Handler
                0x0000000008002724       0x30 Application/User/stm32f4xx_mc_it.o
                0x0000000008002724                SysTick_Handler
 .text.UI_TaskInit
                0x0000000008002754       0xe0 Application/User/ui_task.o
                0x0000000008002754                UI_TaskInit
 .text.UI_Scheduler
                0x0000000008002834       0x44 Application/User/ui_task.o
                0x0000000008002834                UI_Scheduler
 .text.UI_DACUpdate
                0x0000000008002878       0x20 Application/User/ui_task.o
                0x0000000008002878                UI_DACUpdate
 .text.UI_SerialCommunicationTimeOutStop
                0x0000000008002898        0xc Application/User/ui_task.o
                0x0000000008002898                UI_SerialCommunicationTimeOutStop
 .text.UI_SerialCommunicationTimeOutStart
                0x00000000080028a4        0xc Application/User/ui_task.o
                0x00000000080028a4                UI_SerialCommunicationTimeOutStart
 .text.UI_Init  0x00000000080028b0       0x18 Application/User/user_interface.o
                0x00000000080028b0                UI_Init
 .text.UI_SelectMC
                0x00000000080028c8       0x10 Application/User/user_interface.o
                0x00000000080028c8                UI_SelectMC
 .text.UI_GetSelectedMC
                0x00000000080028d8        0x8 Application/User/user_interface.o
                0x00000000080028d8                UI_GetSelectedMC
 .text.UI_SetReg
                0x00000000080028e0      0x2dc Application/User/user_interface.o
                0x00000000080028e0                UI_SetReg
 .text.UI_ExecCmd
                0x0000000008002bbc       0x7c Application/User/user_interface.o
                0x0000000008002bbc                UI_ExecCmd
 .text.UI_ExecSpeedRamp
                0x0000000008002c38       0x24 Application/User/user_interface.o
                0x0000000008002c38                UI_ExecSpeedRamp
 .text.UI_ExecTorqueRamp
                0x0000000008002c5c       0x14 Application/User/user_interface.o
                0x0000000008002c5c                UI_ExecTorqueRamp
 .text.UI_GetRevupData
                0x0000000008002c70       0x3c Application/User/user_interface.o
                0x0000000008002c70                UI_GetRevupData
 .text.UI_SetRevupData
                0x0000000008002cac       0x38 Application/User/user_interface.o
                0x0000000008002cac                UI_SetRevupData
 .text.UI_SetCurrentReferences
                0x0000000008002ce4       0x24 Application/User/user_interface.o
                0x0000000008002ce4                UI_SetCurrentReferences
 .text.UI_GetMPInfo
                0x0000000008002d08        0x4 Application/User/user_interface.o
                0x0000000008002d08                UI_GetMPInfo
 .text.UI_DACInit
                0x0000000008002d0c        0x8 Application/User/user_interface.o
                0x0000000008002d0c                UI_DACInit
 .text.UI_DACExec
                0x0000000008002d14        0x8 Application/User/user_interface.o
                0x0000000008002d14                UI_DACExec
 .text.UI_SetDAC
                0x0000000008002d1c        0x8 Application/User/user_interface.o
                0x0000000008002d1c                UI_SetDAC
 .text.UI_GetDAC
                0x0000000008002d24        0xc Application/User/user_interface.o
                0x0000000008002d24                UI_GetDAC
 .text.UI_GetReg
                0x0000000008002d30      0x604 Application/User/user_interface.o
                0x0000000008002d30                UI_GetReg
 .text.SystemInit
                0x0000000008003334       0x1c Drivers/CMSIS/system_stm32f4xx.o
                0x0000000008003334                SystemInit
 .text.HAL_InitTick
                0x0000000008003350       0x48 Drivers/STM32F4xx_HAL_Driver/stm32f4xx_hal.o
                0x0000000008003350                HAL_InitTick
 .text.HAL_Init
                0x0000000008003398       0x34 Drivers/STM32F4xx_HAL_Driver/stm32f4xx_hal.o
                0x0000000008003398                HAL_Init
 .text.HAL_IncTick
                0x00000000080033cc       0x18 Drivers/STM32F4xx_HAL_Driver/stm32f4xx_hal.o
                0x00000000080033cc                HAL_IncTick
 .text.HAL_GetTick
                0x00000000080033e4        0xc Drivers/STM32F4xx_HAL_Driver/stm32f4xx_hal.o
                0x00000000080033e4                HAL_GetTick
 .text.HAL_ADC_Init
                0x00000000080033f0      0x15c Drivers/STM32F4xx_HAL_Driver/stm32f4xx_hal_adc.o
                0x00000000080033f0                HAL_ADC_Init
 .text.HAL_ADC_ConfigChannel
                0x000000000800354c      0x174 Drivers/STM32F4xx_HAL_Driver/stm32f4xx_hal_adc.o
                0x000000000800354c                HAL_ADC_ConfigChannel
 .text.HAL_ADCEx_InjectedConfigChannel
                0x00000000080036c0      0x1d8 Drivers/STM32F4xx_HAL_Driver/stm32f4xx_hal_adc_ex.o
                0x00000000080036c0                HAL_ADCEx_InjectedConfigChannel
 .text.HAL_NVIC_SetPriorityGrouping
                0x0000000008003898       0x28 Drivers/STM32F4xx_HAL_Driver/stm32f4xx_hal_cortex.o
                0x0000000008003898                HAL_NVIC_SetPriorityGrouping
 .text.HAL_NVIC_SetPriority
                0x00000000080038c0       0x70 Drivers/STM32F4xx_HAL_Driver/stm32f4xx_hal_cortex.o
                0x00000000080038c0                HAL_NVIC_SetPriority
 .text.HAL_NVIC_EnableIRQ
                0x0000000008003930       0x1c Drivers/STM32F4xx_HAL_Driver/stm32f4xx_hal_cortex.o
                0x0000000008003930                HAL_NVIC_EnableIRQ
 .text.HAL_SYSTICK_Config
                0x000000000800394c       0x34 Drivers/STM32F4xx_HAL_Driver/stm32f4xx_hal_cortex.o
                0x000000000800394c                HAL_SYSTICK_Config
 .text.HAL_SYSTICK_Callback
                0x0000000008003980        0x4 Drivers/STM32F4xx_HAL_Driver/stm32f4xx_hal_cortex.o
                0x0000000008003980                HAL_SYSTICK_Callback
 .text.HAL_SYSTICK_IRQHandler
                0x0000000008003984        0x8 Drivers/STM32F4xx_HAL_Driver/stm32f4xx_hal_cortex.o
                0x0000000008003984                HAL_SYSTICK_IRQHandler
 .text.HAL_DAC_Init
                0x000000000800398c       0x2c Drivers/STM32F4xx_HAL_Driver/stm32f4xx_hal_dac.o
                0x000000000800398c                HAL_DAC_Init
 .text.HAL_DAC_ConfigChannel
                0x00000000080039b8       0x4c Drivers/STM32F4xx_HAL_Driver/stm32f4xx_hal_dac.o
                0x00000000080039b8                HAL_DAC_ConfigChannel
 .text.HAL_GPIO_Init
                0x0000000008003a04      0x22c Drivers/STM32F4xx_HAL_Driver/stm32f4xx_hal_gpio.o
                0x0000000008003a04                HAL_GPIO_Init
 .text.HAL_PWREx_EnableOverDrive
                0x0000000008003c30       0x7c Drivers/STM32F4xx_HAL_Driver/stm32f4xx_hal_pwr_ex.o
                0x0000000008003c30                HAL_PWREx_EnableOverDrive
 .text.HAL_RCC_ClockConfig
                0x0000000008003cac      0x13c Drivers/STM32F4xx_HAL_Driver/stm32f4xx_hal_rcc.o
                0x0000000008003cac                HAL_RCC_ClockConfig
 .text.HAL_RCC_GetHCLKFreq
                0x0000000008003de8        0xc Drivers/STM32F4xx_HAL_Driver/stm32f4xx_hal_rcc.o
                0x0000000008003de8                HAL_RCC_GetHCLKFreq
 .text.HAL_RCC_GetPCLK1Freq
                0x0000000008003df4       0x20 Drivers/STM32F4xx_HAL_Driver/stm32f4xx_hal_rcc.o
                0x0000000008003df4                HAL_RCC_GetPCLK1Freq
 .text.HAL_RCC_GetPCLK2Freq
                0x0000000008003e14       0x20 Drivers/STM32F4xx_HAL_Driver/stm32f4xx_hal_rcc.o
                0x0000000008003e14                HAL_RCC_GetPCLK2Freq
 .text.HAL_RCC_GetSysClockFreq
                0x0000000008003e34       0xb0 Drivers/STM32F4xx_HAL_Driver/stm32f4xx_hal_rcc_ex.o
                0x0000000008003e34                HAL_RCC_GetSysClockFreq
 .text.HAL_RCC_OscConfig
                0x0000000008003ee4      0x3a8 Drivers/STM32F4xx_HAL_Driver/stm32f4xx_hal_rcc_ex.o
                0x0000000008003ee4                HAL_RCC_OscConfig
 .text.HAL_TIM_Base_Init
                0x000000000800428c       0xf8 Drivers/STM32F4xx_HAL_Driver/stm32f4xx_hal_tim.o
                0x000000000800428c                HAL_TIM_Base_Init
 .text.HAL_TIM_PWM_MspInit
                0x0000000008004384        0x4 Drivers/STM32F4xx_HAL_Driver/stm32f4xx_hal_tim.o
                0x0000000008004384                HAL_TIM_PWM_MspInit
 .text.HAL_TIM_PWM_Init
                0x0000000008004388       0xf8 Drivers/STM32F4xx_HAL_Driver/stm32f4xx_hal_tim.o
                0x0000000008004388                HAL_TIM_PWM_Init
 .text.HAL_TIM_PWM_ConfigChannel
                0x0000000008004480      0x218 Drivers/STM32F4xx_HAL_Driver/stm32f4xx_hal_tim.o
                0x0000000008004480                HAL_TIM_PWM_ConfigChannel
 .text.HAL_TIM_ConfigClockSource
                0x0000000008004698      0x148 Drivers/STM32F4xx_HAL_Driver/stm32f4xx_hal_tim.o
                0x0000000008004698                HAL_TIM_ConfigClockSource
 .text.HAL_TIM_SlaveConfigSynchro
                0x00000000080047e0       0xf4 Drivers/STM32F4xx_HAL_Driver/stm32f4xx_hal_tim.o
                0x00000000080047e0                HAL_TIM_SlaveConfigSynchro
 .text.TIM_Base_SetConfig
                0x00000000080048d4       0xc4 Drivers/STM32F4xx_HAL_Driver/stm32f4xx_hal_tim.o
                0x00000000080048d4                TIM_Base_SetConfig
 .text.TIM_OC2_SetConfig
                0x0000000008004998       0x64 Drivers/STM32F4xx_HAL_Driver/stm32f4xx_hal_tim.o
                0x0000000008004998                TIM_OC2_SetConfig
 .text.TIM_TI1_SetConfig
                0x00000000080049fc       0x78 Drivers/STM32F4xx_HAL_Driver/stm32f4xx_hal_tim.o
                0x00000000080049fc                TIM_TI1_SetConfig
 .text.HAL_TIMEx_HallSensor_MspInit
                0x0000000008004a74        0x4 Drivers/STM32F4xx_HAL_Driver/stm32f4xx_hal_tim_ex.o
                0x0000000008004a74                HAL_TIMEx_HallSensor_MspInit
 .text.HAL_TIMEx_HallSensor_Init
                0x0000000008004a78       0xb4 Drivers/STM32F4xx_HAL_Driver/stm32f4xx_hal_tim_ex.o
                0x0000000008004a78                HAL_TIMEx_HallSensor_Init
 .text.HAL_TIMEx_MasterConfigSynchronization
                0x0000000008004b2c       0x84 Drivers/STM32F4xx_HAL_Driver/stm32f4xx_hal_tim_ex.o
                0x0000000008004b2c                HAL_TIMEx_MasterConfigSynchronization
 .text.HAL_TIMEx_ConfigBreakDeadTime
                0x0000000008004bb0       0x54 Drivers/STM32F4xx_HAL_Driver/stm32f4xx_hal_tim_ex.o
                0x0000000008004bb0                HAL_TIMEx_ConfigBreakDeadTime
 .text.HAL_UART_Init
                0x0000000008004c04      0x144 Drivers/STM32F4xx_HAL_Driver/stm32f4xx_hal_uart.o
                0x0000000008004c04                HAL_UART_Init
 .text.VBS_GetAvBusVoltage_d
                0x0000000008004d48        0x4 Middlewares/MotorControl/bus_voltage_sensor.o
                0x0000000008004d48                VBS_GetAvBusVoltage_d
 .text.VBS_GetAvBusVoltage_V
                0x0000000008004d4c        0xc Middlewares/MotorControl/bus_voltage_sensor.o
                0x0000000008004d4c                VBS_GetAvBusVoltage_V
 .text.Circle_Limitation
                0x0000000008004d58       0x64 Middlewares/MotorControl/circle_limitation.o
                0x0000000008004d58                Circle_Limitation
 .text.DAC_SetChannelConfig
                0x0000000008004dbc        0x8 Middlewares/MotorControl/dac_common_ui.o
                0x0000000008004dbc                DAC_SetChannelConfig
 .text.DAC_GetChannelConfig
                0x0000000008004dc4        0x8 Middlewares/MotorControl/dac_common_ui.o
                0x0000000008004dc4                DAC_GetChannelConfig
 .text.DAC_SetUserChannelValue
                0x0000000008004dcc        0x8 Middlewares/MotorControl/dac_common_ui.o
                0x0000000008004dcc                DAC_SetUserChannelValue
 .text.DAC_GetUserChannelValue
                0x0000000008004dd4        0xc Middlewares/MotorControl/dac_common_ui.o
                0x0000000008004dd4                DAC_GetUserChannelValue
 .text.FCP_Init
                0x0000000008004de0       0x18 Middlewares/MotorControl/frame_communication_protocol.o
                0x0000000008004de0                FCP_Init
 .text.FCP_SetClient
                0x0000000008004df8       0x10 Middlewares/MotorControl/frame_communication_protocol.o
                0x0000000008004df8                FCP_SetClient
 .text.FCP_CalcCRC
                0x0000000008004e08       0x2c Middlewares/MotorControl/frame_communication_protocol.o
                0x0000000008004e08                FCP_CalcCRC
 .text.ICS_GetPhaseCurrents
                0x0000000008004e34       0x90 Middlewares/MotorControl/ics_f4xx_pwm_curr_fdbk.o
                0x0000000008004e34                ICS_GetPhaseCurrents
 .text.ICS_HFCurrentsCalibration
                0x0000000008004ec4       0x4c Middlewares/MotorControl/ics_f4xx_pwm_curr_fdbk.o
                0x0000000008004ec4                ICS_HFCurrentsCalibration
 .text.ICS_Init
                0x0000000008004f10       0xcc Middlewares/MotorControl/ics_f4xx_pwm_curr_fdbk.o
                0x0000000008004f10                ICS_Init
 .text.ICS_TurnOnLowSides
                0x0000000008004fdc       0x48 Middlewares/MotorControl/ics_f4xx_pwm_curr_fdbk.o
                0x0000000008004fdc                ICS_TurnOnLowSides
 .text.ICS_SwitchOnPWM
                0x0000000008005024       0x88 Middlewares/MotorControl/ics_f4xx_pwm_curr_fdbk.o
                0x0000000008005024                ICS_SwitchOnPWM
 .text.ICS_SwitchOffPWM
                0x00000000080050ac       0x50 Middlewares/MotorControl/ics_f4xx_pwm_curr_fdbk.o
                0x00000000080050ac                ICS_SwitchOffPWM
 .text.ICS_CurrentReadingCalibration
                0x00000000080050fc       0xa0 Middlewares/MotorControl/ics_f4xx_pwm_curr_fdbk.o
                0x00000000080050fc                ICS_CurrentReadingCalibration
 .text.ICS_WriteTIMRegisters
                0x000000000800519c       0x20 Middlewares/MotorControl/ics_f4xx_pwm_curr_fdbk.o
                0x000000000800519c                ICS_WriteTIMRegisters
 .text.ICS_TIMx_UP_IRQHandler
                0x00000000080051bc       0x94 Middlewares/MotorControl/ics_f4xx_pwm_curr_fdbk.o
                0x00000000080051bc                ICS_TIMx_UP_IRQHandler
 .text.ICS_BRK_IRQHandler
                0x0000000008005250       0x38 Middlewares/MotorControl/ics_f4xx_pwm_curr_fdbk.o
                0x0000000008005250                ICS_BRK_IRQHandler
 .text.ICS_IsOverCurrentOccurred
                0x0000000008005288       0x14 Middlewares/MotorControl/ics_f4xx_pwm_curr_fdbk.o
                0x0000000008005288                ICS_IsOverCurrentOccurred
 .text.MPM_Clear
                0x000000000800529c       0x18 Middlewares/MotorControl/motor_power_measurement.o
                0x000000000800529c                MPM_Clear
 .text.MPM_CalcElMotorPower
                0x00000000080052b4       0x44 Middlewares/MotorControl/motor_power_measurement.o
                0x00000000080052b4                MPM_CalcElMotorPower
 .text.MPM_GetAvrgElMotorPowerW
                0x00000000080052f8        0x8 Middlewares/MotorControl/motor_power_measurement.o
                0x00000000080052f8                MPM_GetAvrgElMotorPowerW
 .text.NTC_SetFaultState
                0x0000000008005300       0x1c Middlewares/MotorControl/ntc_temperature_sensor.o
                0x0000000008005300                NTC_SetFaultState
 .text.NTC_Clear
                0x000000000800531c        0x8 Middlewares/MotorControl/ntc_temperature_sensor.o
                0x000000000800531c                NTC_Clear
 .text.NTC_Init
                0x0000000008005324       0x24 Middlewares/MotorControl/ntc_temperature_sensor.o
                0x0000000008005324                NTC_Init
 .text.NTC_CalcAvTemp
                0x0000000008005348       0x38 Middlewares/MotorControl/ntc_temperature_sensor.o
                0x0000000008005348                NTC_CalcAvTemp
 .text.NTC_GetAvTemp_C
                0x0000000008005380       0x2c Middlewares/MotorControl/ntc_temperature_sensor.o
                0x0000000008005380                NTC_GetAvTemp_C
 .text.PID_HandleInit
                0x00000000080053ac       0x10 Middlewares/MotorControl/pid_regulator.o
                0x00000000080053ac                PID_HandleInit
 .text.PID_SetKP
                0x00000000080053bc        0x4 Middlewares/MotorControl/pid_regulator.o
                0x00000000080053bc                PID_SetKP
 .text.PID_SetKI
                0x00000000080053c0        0x4 Middlewares/MotorControl/pid_regulator.o
                0x00000000080053c0                PID_SetKI
 .text.PID_GetKP
                0x00000000080053c4        0x8 Middlewares/MotorControl/pid_regulator.o
                0x00000000080053c4                PID_GetKP
 .text.PID_GetKI
                0x00000000080053cc        0x8 Middlewares/MotorControl/pid_regulator.o
                0x00000000080053cc                PID_GetKI
 .text.PID_SetIntegralTerm
                0x00000000080053d4        0x4 Middlewares/MotorControl/pid_regulator.o
                0x00000000080053d4                PID_SetIntegralTerm
 .text.PID_GetKPDivisor
                0x00000000080053d8        0x4 Middlewares/MotorControl/pid_regulator.o
                0x00000000080053d8                PID_GetKPDivisor
 .text.PID_GetKIDivisor
                0x00000000080053dc        0x4 Middlewares/MotorControl/pid_regulator.o
                0x00000000080053dc                PID_GetKIDivisor
 .text.PID_SetKD
                0x00000000080053e0        0x4 Middlewares/MotorControl/pid_regulator.o
                0x00000000080053e0                PID_SetKD
 .text.PID_GetKD
                0x00000000080053e4        0x8 Middlewares/MotorControl/pid_regulator.o
                0x00000000080053e4                PID_GetKD
 .text.PI_Controller
                0x00000000080053ec       0x8c Middlewares/MotorControl/pid_regulator.o
                0x00000000080053ec                PI_Controller
 .text.PQD_CalcElMotorPower
                0x0000000008005478       0x68 Middlewares/MotorControl/pqd_motor_power_measurement.o
                0x0000000008005478                PQD_CalcElMotorPower
 .text.startTimers
                0x00000000080054e0       0x64 Middlewares/MotorControl/pwm_common.o
                0x00000000080054e0                startTimers
 .text.waitForPolarizationEnd
                0x0000000008005544       0x44 Middlewares/MotorControl/pwm_common.o
                0x0000000008005544                waitForPolarizationEnd
 .text.PWMC_GetPhaseCurrents
                0x0000000008005588        0x4 Middlewares/MotorControl/pwm_curr_fdbk.o
                0x0000000008005588                PWMC_GetPhaseCurrents
 .text.PWMC_SetPhaseVoltage
                0x000000000800558c      0x250 Middlewares/MotorControl/pwm_curr_fdbk.o
                0x000000000800558c                PWMC_SetPhaseVoltage
 .text.PWMC_SwitchOffPWM
                0x00000000080057dc        0x4 Middlewares/MotorControl/pwm_curr_fdbk.o
                0x00000000080057dc                PWMC_SwitchOffPWM
 .text.PWMC_CurrentReadingCalibr
                0x00000000080057e0       0x54 Middlewares/MotorControl/pwm_curr_fdbk.o
                0x00000000080057e0                PWMC_CurrentReadingCalibr
 .text.PWMC_CheckOverCurrent
                0x0000000008005834        0x4 Middlewares/MotorControl/pwm_curr_fdbk.o
                0x0000000008005834                PWMC_CheckOverCurrent
 .text.RVBS_Clear
                0x0000000008005838       0x38 Middlewares/MotorControl/r_divider_bus_voltage_sensor.o
                0x0000000008005838                RVBS_Clear
 .text.RVBS_Init
                0x0000000008005870       0x18 Middlewares/MotorControl/r_divider_bus_voltage_sensor.o
                0x0000000008005870                RVBS_Init
 .text.RVBS_CheckFaultState
                0x0000000008005888       0x18 Middlewares/MotorControl/r_divider_bus_voltage_sensor.o
                0x0000000008005888                RVBS_CheckFaultState
 .text.RVBS_CalcAvVbus
                0x00000000080058a0       0x6c Middlewares/MotorControl/r_divider_bus_voltage_sensor.o
                0x00000000080058a0                RVBS_CalcAvVbus
 .text.REMNG_Init
                0x000000000800590c       0x10 Middlewares/MotorControl/ramp_ext_mngr.o
                0x000000000800590c                REMNG_Init
 .text.REMNG_Calc
                0x000000000800591c       0x44 Middlewares/MotorControl/ramp_ext_mngr.o
                0x000000000800591c                REMNG_Calc
 .text.REMNG_RampCompleted
                0x0000000008005960        0xc Middlewares/MotorControl/ramp_ext_mngr.o
                0x0000000008005960                REMNG_RampCompleted
 .text.getScalingFactor
                0x000000000800596c       0x2c Middlewares/MotorControl/ramp_ext_mngr.o
                0x000000000800596c                getScalingFactor
 .text.REMNG_ExecRamp
                0x0000000008005998       0x84 Middlewares/MotorControl/ramp_ext_mngr.o
                0x0000000008005998                REMNG_ExecRamp
 .text.SPD_GetElAngle
                0x0000000008005a1c        0x8 Middlewares/MotorControl/speed_pos_fdbk.o
                0x0000000008005a1c                SPD_GetElAngle
 .text.SPD_GetAvrgMecSpeedUnit
                0x0000000008005a24        0x8 Middlewares/MotorControl/speed_pos_fdbk.o
                0x0000000008005a24                SPD_GetAvrgMecSpeedUnit
 .text.SPD_GetInstElSpeedDpp
                0x0000000008005a2c        0x8 Middlewares/MotorControl/speed_pos_fdbk.o
                0x0000000008005a2c                SPD_GetInstElSpeedDpp
 .text.SPD_IsMecSpeedReliable
                0x0000000008005a34       0x58 Middlewares/MotorControl/speed_pos_fdbk.o
                0x0000000008005a34                SPD_IsMecSpeedReliable
 .text.SPD_GetS16Speed
                0x0000000008005a8c       0x14 Middlewares/MotorControl/speed_pos_fdbk.o
                0x0000000008005a8c                SPD_GetS16Speed
 .text.STC_Init
                0x0000000008005aa0       0x28 Middlewares/MotorControl/speed_torq_ctrl.o
                0x0000000008005aa0                STC_Init
 .text.STC_SetSpeedSensor
                0x0000000008005ac8        0x4 Middlewares/MotorControl/speed_torq_ctrl.o
                0x0000000008005ac8                STC_SetSpeedSensor
 .text.STC_GetSpeedSensor
                0x0000000008005acc        0x4 Middlewares/MotorControl/speed_torq_ctrl.o
                0x0000000008005acc                STC_GetSpeedSensor
 .text.STC_Clear
                0x0000000008005ad0       0x10 Middlewares/MotorControl/speed_torq_ctrl.o
                0x0000000008005ad0                STC_Clear
 .text.STC_GetMecSpeedRefUnit
                0x0000000008005ae0       0x10 Middlewares/MotorControl/speed_torq_ctrl.o
                0x0000000008005ae0                STC_GetMecSpeedRefUnit
 .text.STC_GetTorqueRef
                0x0000000008005af0       0x10 Middlewares/MotorControl/speed_torq_ctrl.o
                0x0000000008005af0                STC_GetTorqueRef
 .text.STC_SetControlMode
                0x0000000008005b00        0x8 Middlewares/MotorControl/speed_torq_ctrl.o
                0x0000000008005b00                STC_SetControlMode
 .text.STC_ExecRamp
                0x0000000008005b08       0x90 Middlewares/MotorControl/speed_torq_ctrl.o
                0x0000000008005b08                STC_ExecRamp
 .text.STC_StopRamp
                0x0000000008005b98        0x8 Middlewares/MotorControl/speed_torq_ctrl.o
                0x0000000008005b98                STC_StopRamp
 .text.STC_CalcTorqueReference
                0x0000000008005ba0       0x64 Middlewares/MotorControl/speed_torq_ctrl.o
                0x0000000008005ba0                STC_CalcTorqueReference
 .text.STC_GetMecSpeedRefUnitDefault
                0x0000000008005c04        0x8 Middlewares/MotorControl/speed_torq_ctrl.o
                0x0000000008005c04                STC_GetMecSpeedRefUnitDefault
 .text.STC_GetMaxAppPositiveMecSpeedUnit
                0x0000000008005c0c        0x4 Middlewares/MotorControl/speed_torq_ctrl.o
                0x0000000008005c0c                STC_GetMaxAppPositiveMecSpeedUnit
 .text.STC_GetMinAppNegativeMecSpeedUnit
                0x0000000008005c10        0x8 Middlewares/MotorControl/speed_torq_ctrl.o
                0x0000000008005c10                STC_GetMinAppNegativeMecSpeedUnit
 .text.STC_GetDefaultIqdref
                0x0000000008005c18       0x1c Middlewares/MotorControl/speed_torq_ctrl.o
                0x0000000008005c18                STC_GetDefaultIqdref
 .text.STC_ForceSpeedReferenceToCurrentSpeed
                0x0000000008005c34       0x10 Middlewares/MotorControl/speed_torq_ctrl.o
                0x0000000008005c34                STC_ForceSpeedReferenceToCurrentSpeed
 .text.STM_Init
                0x0000000008005c44        0xc Middlewares/MotorControl/state_machine.o
                0x0000000008005c44                STM_Init
 .text.STM_FaultProcessing
                0x0000000008005c50       0x3c Middlewares/MotorControl/state_machine.o
                0x0000000008005c50                STM_FaultProcessing
 .text.STM_NextState
                0x0000000008005c8c       0xe8 Middlewares/MotorControl/state_machine.o
                0x0000000008005c8c                STM_NextState
 .text.STM_GetState
                0x0000000008005d74        0x4 Middlewares/MotorControl/state_machine.o
                0x0000000008005d74                STM_GetState
 .text.STM_FaultAcknowledged
                0x0000000008005d78       0x18 Middlewares/MotorControl/state_machine.o
                0x0000000008005d78                STM_FaultAcknowledged
 .text.STM_GetFaultState
                0x0000000008005d90        0xc Middlewares/MotorControl/state_machine.o
                0x0000000008005d90                STM_GetFaultState
 .text.UFCP_Init
                0x0000000008005d9c        0x4 Middlewares/MotorControl/usart_frame_communication_protocol.o
                0x0000000008005d9c                UFCP_Init
 .text.UFCP_TX_IRQ_Handler
                0x0000000008005da0       0x60 Middlewares/MotorControl/usart_frame_communication_protocol.o
                0x0000000008005da0                UFCP_TX_IRQ_Handler
 .text.UFCP_Receive
                0x0000000008005e00       0x20 Middlewares/MotorControl/usart_frame_communication_protocol.o
                0x0000000008005e00                UFCP_Receive
 .text.UFCP_Send
                0x0000000008005e20       0xb0 Middlewares/MotorControl/usart_frame_communication_protocol.o
                0x0000000008005e20                UFCP_Send
 .text.UFCP_RX_IRQ_Handler
                0x0000000008005ed0       0xc4 Middlewares/MotorControl/usart_frame_communication_protocol.o
                0x0000000008005ed0                UFCP_RX_IRQ_Handler
 .text.UFCP_OVR_IRQ_Handler
                0x0000000008005f94       0x1c Middlewares/MotorControl/usart_frame_communication_protocol.o
                0x0000000008005f94                UFCP_OVR_IRQ_Handler
 .text.UFCP_AbortReceive
                0x0000000008005fb0        0x8 Middlewares/MotorControl/usart_frame_communication_protocol.o
                0x0000000008005fb0                UFCP_AbortReceive
 .text.VSS_Clear
                0x0000000008005fb8       0x1c Middlewares/MotorControl/virtual_speed_sensor.o
                0x0000000008005fb8                VSS_Clear
 .text.VSS_Init
                0x0000000008005fd4        0x8 Middlewares/MotorControl/virtual_speed_sensor.o
                0x0000000008005fd4                VSS_Init
 .text.VSS_CalcElAngle
                0x0000000008005fdc       0xa0 Middlewares/MotorControl/virtual_speed_sensor.o
                0x0000000008005fdc                VSS_CalcElAngle
 .text.VSS_CalcAvrgMecSpeedUnit
                0x000000000800607c       0x94 Middlewares/MotorControl/virtual_speed_sensor.o
                0x000000000800607c                VSS_CalcAvrgMecSpeedUnit
 .text.VSS_SetMecAngle
                0x0000000008006110       0x10 Middlewares/MotorControl/virtual_speed_sensor.o
                0x0000000008006110                VSS_SetMecAngle
 .text.VSS_SetMecAcceleration
                0x0000000008006120       0x7c Middlewares/MotorControl/virtual_speed_sensor.o
                0x0000000008006120                VSS_SetMecAcceleration
 .text.VSS_SetStartTransition
                0x000000000800619c       0x1c Middlewares/MotorControl/virtual_speed_sensor.o
                0x000000000800619c                VSS_SetStartTransition
 .text.VSS_TransitionEnded
                0x00000000080061b8        0x8 Middlewares/MotorControl/virtual_speed_sensor.o
                0x00000000080061b8                VSS_TransitionEnded
 .text.RUC_Init
                0x00000000080061c0       0x7c ../../MCSDK_v5.4.5/MotorControl/lib\libmc-gcc_M4_NoCCMRAM.lib(revup_ctrl.o)
                0x00000000080061c0                RUC_Init
 .text.RUC_Clear
                0x000000000800623c       0x90 ../../MCSDK_v5.4.5/MotorControl/lib\libmc-gcc_M4_NoCCMRAM.lib(revup_ctrl.o)
                0x000000000800623c                RUC_Clear
 .text.RUC_Exec
                0x00000000080062cc       0x74 ../../MCSDK_v5.4.5/MotorControl/lib\libmc-gcc_M4_NoCCMRAM.lib(revup_ctrl.o)
                0x00000000080062cc                RUC_Exec
 .text.RUC_FirstAccelerationStageReached
                0x0000000008006340       0x14 ../../MCSDK_v5.4.5/MotorControl/lib\libmc-gcc_M4_NoCCMRAM.lib(revup_ctrl.o)
                0x0000000008006340                RUC_FirstAccelerationStageReached
 .text.RUC_SetPhaseDurationms
                0x0000000008006354        0xc ../../MCSDK_v5.4.5/MotorControl/lib\libmc-gcc_M4_NoCCMRAM.lib(revup_ctrl.o)
                0x0000000008006354                RUC_SetPhaseDurationms
 .text.RUC_SetPhaseFinalMecSpeedUnit
                0x0000000008006360        0xc ../../MCSDK_v5.4.5/MotorControl/lib\libmc-gcc_M4_NoCCMRAM.lib(revup_ctrl.o)
                0x0000000008006360                RUC_SetPhaseFinalMecSpeedUnit
 .text.RUC_SetPhaseFinalTorque
                0x000000000800636c        0xc ../../MCSDK_v5.4.5/MotorControl/lib\libmc-gcc_M4_NoCCMRAM.lib(revup_ctrl.o)
                0x000000000800636c                RUC_SetPhaseFinalTorque
 .text.RUC_GetPhaseDurationms
                0x0000000008006378        0xc ../../MCSDK_v5.4.5/MotorControl/lib\libmc-gcc_M4_NoCCMRAM.lib(revup_ctrl.o)
                0x0000000008006378                RUC_GetPhaseDurationms
 .text.RUC_GetPhaseFinalMecSpeedUnit
                0x0000000008006384       0x10 ../../MCSDK_v5.4.5/MotorControl/lib\libmc-gcc_M4_NoCCMRAM.lib(revup_ctrl.o)
                0x0000000008006384                RUC_GetPhaseFinalMecSpeedUnit
 .text.RUC_GetPhaseFinalTorque
                0x0000000008006394       0x10 ../../MCSDK_v5.4.5/MotorControl/lib\libmc-gcc_M4_NoCCMRAM.lib(revup_ctrl.o)
                0x0000000008006394                RUC_GetPhaseFinalTorque
 .text.RUC_GetNumberOfPhases
                0x00000000080063a4        0x8 ../../MCSDK_v5.4.5/MotorControl/lib\libmc-gcc_M4_NoCCMRAM.lib(revup_ctrl.o)
                0x00000000080063a4                RUC_GetNumberOfPhases
 .text.STO_PLL_CalcElAngle
                0x00000000080063ac      0x1d4 ../../MCSDK_v5.4.5/MotorControl/lib\libmc-gcc_M4_NoCCMRAM.lib(sto_pll_speed_pos_fdbk.o)
                0x00000000080063ac                STO_PLL_CalcElAngle
 .text.STO_PLL_CalcAvrgMecSpeedUnit
                0x0000000008006580      0x140 ../../MCSDK_v5.4.5/MotorControl/lib\libmc-gcc_M4_NoCCMRAM.lib(sto_pll_speed_pos_fdbk.o)
                0x0000000008006580                STO_PLL_CalcAvrgMecSpeedUnit
 .text.STO_PLL_CalcAvrgElSpeedDpp
                0x00000000080066c0       0x54 ../../MCSDK_v5.4.5/MotorControl/lib\libmc-gcc_M4_NoCCMRAM.lib(sto_pll_speed_pos_fdbk.o)
                0x00000000080066c0                STO_PLL_CalcAvrgElSpeedDpp
 .text.STO_PLL_Clear
                0x0000000008006714       0x5c ../../MCSDK_v5.4.5/MotorControl/lib\libmc-gcc_M4_NoCCMRAM.lib(sto_pll_speed_pos_fdbk.o)
                0x0000000008006714                STO_PLL_Clear
 .text.STO_PLL_Init
                0x0000000008006770       0x74 ../../MCSDK_v5.4.5/MotorControl/lib\libmc-gcc_M4_NoCCMRAM.lib(sto_pll_speed_pos_fdbk.o)
                0x0000000008006770                STO_PLL_Init
 .text.STO_PLL_IsObserverConverged
                0x00000000080067e4       0xa8 ../../MCSDK_v5.4.5/MotorControl/lib\libmc-gcc_M4_NoCCMRAM.lib(sto_pll_speed_pos_fdbk.o)
                0x00000000080067e4                STO_PLL_IsObserverConverged
 .text.STO_PLL_GetEstimatedBemf
                0x000000000800688c       0x18 ../../MCSDK_v5.4.5/MotorControl/lib\libmc-gcc_M4_NoCCMRAM.lib(sto_pll_speed_pos_fdbk.o)
                0x000000000800688c                STO_PLL_GetEstimatedBemf
 .text.STO_PLL_GetEstimatedCurrent
                0x00000000080068a4       0x28 ../../MCSDK_v5.4.5/MotorControl/lib\libmc-gcc_M4_NoCCMRAM.lib(sto_pll_speed_pos_fdbk.o)
                0x00000000080068a4                STO_PLL_GetEstimatedCurrent
 .text.STO_PLL_GetObserverGains
                0x00000000080068cc       0x10 ../../MCSDK_v5.4.5/MotorControl/lib\libmc-gcc_M4_NoCCMRAM.lib(sto_pll_speed_pos_fdbk.o)
                0x00000000080068cc                STO_PLL_GetObserverGains
 .text.STO_PLL_SetObserverGains
                0x00000000080068dc        0x8 ../../MCSDK_v5.4.5/MotorControl/lib\libmc-gcc_M4_NoCCMRAM.lib(sto_pll_speed_pos_fdbk.o)
                0x00000000080068dc                STO_PLL_SetObserverGains
 .text.STO_GetPLLGains
                0x00000000080068e4       0x1c ../../MCSDK_v5.4.5/MotorControl/lib\libmc-gcc_M4_NoCCMRAM.lib(sto_pll_speed_pos_fdbk.o)
                0x00000000080068e4                STO_GetPLLGains
 .text.STO_SetPLLGains
                0x0000000008006900       0x1c ../../MCSDK_v5.4.5/MotorControl/lib\libmc-gcc_M4_NoCCMRAM.lib(sto_pll_speed_pos_fdbk.o)
                0x0000000008006900                STO_SetPLLGains
 .text.STO_OTF_ResetPLL
                0x000000000800691c        0xc ../../MCSDK_v5.4.5/MotorControl/lib\libmc-gcc_M4_NoCCMRAM.lib(sto_pll_speed_pos_fdbk.o)
                0x000000000800691c                STO_OTF_ResetPLL
 .text.STO_ResetPLL
                0x0000000008006928        0x8 ../../MCSDK_v5.4.5/MotorControl/lib\libmc-gcc_M4_NoCCMRAM.lib(sto_pll_speed_pos_fdbk.o)
                0x0000000008006928                STO_ResetPLL
 .text.STO_PLL_GetEstimatedBemfLevel
                0x0000000008006930        0x8 ../../MCSDK_v5.4.5/MotorControl/lib\libmc-gcc_M4_NoCCMRAM.lib(sto_pll_speed_pos_fdbk.o)
                0x0000000008006930                STO_PLL_GetEstimatedBemfLevel
 .text.STO_PLL_GetObservedBemfLevel
                0x0000000008006938        0x8 ../../MCSDK_v5.4.5/MotorControl/lib\libmc-gcc_M4_NoCCMRAM.lib(sto_pll_speed_pos_fdbk.o)
                0x0000000008006938                STO_PLL_GetObservedBemfLevel
 .text.STO_PLL_IsVarianceTight
                0x0000000008006940        0x8 ../../MCSDK_v5.4.5/MotorControl/lib\libmc-gcc_M4_NoCCMRAM.lib(sto_pll_speed_pos_fdbk.o)
                0x0000000008006940                STO_PLL_IsVarianceTight
 .text.STO_PLL_ForceConvergency1
                0x0000000008006948        0xc ../../MCSDK_v5.4.5/MotorControl/lib\libmc-gcc_M4_NoCCMRAM.lib(sto_pll_speed_pos_fdbk.o)
                0x0000000008006948                STO_PLL_ForceConvergency1
 .text.STO_PLL_ForceConvergency2
                0x0000000008006954        0xc ../../MCSDK_v5.4.5/MotorControl/lib\libmc-gcc_M4_NoCCMRAM.lib(sto_pll_speed_pos_fdbk.o)
                0x0000000008006954                STO_PLL_ForceConvergency2
 .text.STO_SetDirection
                0x0000000008006960        0x8 ../../MCSDK_v5.4.5/MotorControl/lib\libmc-gcc_M4_NoCCMRAM.lib(sto_pll_speed_pos_fdbk.o)
                0x0000000008006960                STO_SetDirection
 .text.__libc_init_array
                0x0000000008006968       0x48 c:/st/stm32cubeide_1.6.0/stm32cubeide/plugins/com.st.stm32cube.ide.mcu.externaltools.gnu-tools-for-stm32.9-2020-q2-update.win32_1.5.0.202011040924/tools/bin/../lib/gcc/arm-none-eabi/9.3.1/../../../../arm-none-eabi/lib/thumb/v7e-m+fp/hard\libc_nano.a(lib_a-init.o)
                0x0000000008006968                __libc_init_array
 .text.memset   0x00000000080069b0       0x10 c:/st/stm32cubeide_1.6.0/stm32cubeide/plugins/com.st.stm32cube.ide.mcu.externaltools.gnu-tools-for-stm32.9-2020-q2-update.win32_1.5.0.202011040924/tools/bin/../lib/gcc/arm-none-eabi/9.3.1/../../../../arm-none-eabi/lib/thumb/v7e-m+fp/hard\libc_nano.a(lib_a-memset.o)
                0x00000000080069b0                memset
 *(.glue_7)
 .glue_7        0x00000000080069c0        0x0 linker stubs
 *(.glue_7t)
 .glue_7t       0x00000000080069c0        0x0 linker stubs
 *(.eh_frame)
 .eh_frame      0x00000000080069c0        0x0 c:/st/stm32cubeide_1.6.0/stm32cubeide/plugins/com.st.stm32cube.ide.mcu.externaltools.gnu-tools-for-stm32.9-2020-q2-update.win32_1.5.0.202011040924/tools/bin/../lib/gcc/arm-none-eabi/9.3.1/thumb/v7e-m+fp/hard/crtbegin.o
 *(.init)
 .init          0x00000000080069c0        0x4 c:/st/stm32cubeide_1.6.0/stm32cubeide/plugins/com.st.stm32cube.ide.mcu.externaltools.gnu-tools-for-stm32.9-2020-q2-update.win32_1.5.0.202011040924/tools/bin/../lib/gcc/arm-none-eabi/9.3.1/thumb/v7e-m+fp/hard/crti.o
                0x00000000080069c0                _init
 .init          0x00000000080069c4        0x8 c:/st/stm32cubeide_1.6.0/stm32cubeide/plugins/com.st.stm32cube.ide.mcu.externaltools.gnu-tools-for-stm32.9-2020-q2-update.win32_1.5.0.202011040924/tools/bin/../lib/gcc/arm-none-eabi/9.3.1/thumb/v7e-m+fp/hard/crtn.o
 *(.fini)
 .fini          0x00000000080069cc        0x4 c:/st/stm32cubeide_1.6.0/stm32cubeide/plugins/com.st.stm32cube.ide.mcu.externaltools.gnu-tools-for-stm32.9-2020-q2-update.win32_1.5.0.202011040924/tools/bin/../lib/gcc/arm-none-eabi/9.3.1/thumb/v7e-m+fp/hard/crti.o
                0x00000000080069cc                _fini
 .fini          0x00000000080069d0        0x8 c:/st/stm32cubeide_1.6.0/stm32cubeide/plugins/com.st.stm32cube.ide.mcu.externaltools.gnu-tools-for-stm32.9-2020-q2-update.win32_1.5.0.202011040924/tools/bin/../lib/gcc/arm-none-eabi/9.3.1/thumb/v7e-m+fp/hard/crtn.o
                0x00000000080069d8                . = ALIGN (0x4)
                0x00000000080069d8                _etext = .

.vfp11_veneer   0x00000000080069d8        0x0
 .vfp11_veneer  0x00000000080069d8        0x0 linker stubs

.v4_bx          0x00000000080069d8        0x0
 .v4_bx         0x00000000080069d8        0x0 linker stubs

.iplt           0x00000000080069d8        0x0
 .iplt          0x00000000080069d8        0x0 c:/st/stm32cubeide_1.6.0/stm32cubeide/plugins/com.st.stm32cube.ide.mcu.externaltools.gnu-tools-for-stm32.9-2020-q2-update.win32_1.5.0.202011040924/tools/bin/../lib/gcc/arm-none-eabi/9.3.1/thumb/v7e-m+fp/hard/crtbegin.o

.rodata         0x00000000080069d8      0x270
                0x00000000080069d8                . = ALIGN (0x4)
 *(.rodata)
 *(.rodata*)
 .rodata.hSin_Cos_Table
                0x00000000080069d8      0x200 Application/User/mc_math.o
                0x00000000080069d8                hSin_Cos_Table
 .rodata.ICS_ParamsM1
                0x0000000008006bd8       0x30 Application/User/mc_parameters.o
                0x0000000008006bd8                ICS_ParamsM1
 .rodata.s_fwVer
                0x0000000008006c08       0x20 Application/User/motorcontrol.o
                0x0000000008006c08                s_fwVer
 .rodata.AHBPrescTable
                0x0000000008006c28       0x10 Drivers/CMSIS/system_stm32f4xx.o
                0x0000000008006c28                AHBPrescTable
 .rodata.APBPrescTable
                0x0000000008006c38        0x8 Drivers/CMSIS/system_stm32f4xx.o
                0x0000000008006c38                APBPrescTable
 .rodata.UFCP_Usart_Timeout_none
                0x0000000008006c40        0x2 Middlewares/MotorControl/usart_frame_communication_protocol.o
 .rodata.UFCP_Usart_Timeout_start
                0x0000000008006c42        0x2 Middlewares/MotorControl/usart_frame_communication_protocol.o
 .rodata.UFCP_Usart_Timeout_stop
                0x0000000008006c44        0x2 Middlewares/MotorControl/usart_frame_communication_protocol.o
                0x0000000008006c48                . = ALIGN (0x4)
 *fill*         0x0000000008006c46        0x2 

.ARM.extab      0x0000000008006c48        0x0
                0x0000000008006c48                . = ALIGN (0x4)
 *(.ARM.extab* .gnu.linkonce.armextab.*)
                0x0000000008006c48                . = ALIGN (0x4)

.ARM            0x0000000008006c48        0x8
                0x0000000008006c48                . = ALIGN (0x4)
                0x0000000008006c48                __exidx_start = .
 *(.ARM.exidx*)
 .ARM.exidx     0x0000000008006c48        0x8 c:/st/stm32cubeide_1.6.0/stm32cubeide/plugins/com.st.stm32cube.ide.mcu.externaltools.gnu-tools-for-stm32.9-2020-q2-update.win32_1.5.0.202011040924/tools/bin/../lib/gcc/arm-none-eabi/9.3.1/thumb/v7e-m+fp/hard\libgcc.a(_udivmoddi4.o)
                0x0000000008006c50                __exidx_end = .
                0x0000000008006c50                . = ALIGN (0x4)

.rel.dyn        0x0000000008006c50        0x0
 .rel.iplt      0x0000000008006c50        0x0 c:/st/stm32cubeide_1.6.0/stm32cubeide/plugins/com.st.stm32cube.ide.mcu.externaltools.gnu-tools-for-stm32.9-2020-q2-update.win32_1.5.0.202011040924/tools/bin/../lib/gcc/arm-none-eabi/9.3.1/thumb/v7e-m+fp/hard/crtbegin.o

.preinit_array  0x0000000008006c50        0x0
                0x0000000008006c50                . = ALIGN (0x4)
                0x0000000008006c50                PROVIDE (__preinit_array_start = .)
 *(.preinit_array*)
                0x0000000008006c50                PROVIDE (__preinit_array_end = .)
                0x0000000008006c50                . = ALIGN (0x4)

.init_array     0x0000000008006c50        0x4
                0x0000000008006c50                . = ALIGN (0x4)
                0x0000000008006c50                PROVIDE (__init_array_start = .)
 *(SORT_BY_NAME(.init_array.*))
 *(.init_array*)
 .init_array    0x0000000008006c50        0x4 c:/st/stm32cubeide_1.6.0/stm32cubeide/plugins/com.st.stm32cube.ide.mcu.externaltools.gnu-tools-for-stm32.9-2020-q2-update.win32_1.5.0.202011040924/tools/bin/../lib/gcc/arm-none-eabi/9.3.1/thumb/v7e-m+fp/hard/crtbegin.o
                0x0000000008006c54                PROVIDE (__init_array_end = .)
                0x0000000008006c54                . = ALIGN (0x4)

.fini_array     0x0000000008006c54        0x4
                0x0000000008006c54                . = ALIGN (0x4)
                [!provide]                        PROVIDE (__fini_array_start = .)
 *(SORT_BY_NAME(.fini_array.*))
 *(.fini_array*)
 .fini_array    0x0000000008006c54        0x4 c:/st/stm32cubeide_1.6.0/stm32cubeide/plugins/com.st.stm32cube.ide.mcu.externaltools.gnu-tools-for-stm32.9-2020-q2-update.win32_1.5.0.202011040924/tools/bin/../lib/gcc/arm-none-eabi/9.3.1/thumb/v7e-m+fp/hard/crtbegin.o
                [!provide]                        PROVIDE (__fini_array_end = .)
                0x0000000008006c58                . = ALIGN (0x4)
                0x0000000008006c58                _sidata = LOADADDR (.data)

.data           0x0000000020000000      0x704 load address 0x0000000008006c58
                0x0000000020000000                . = ALIGN (0x4)
                0x0000000020000000                _sdata = .
 *(.data)
 *(.data*)
 .data.CircleLimitationM1
                0x0000000020000000       0xb4 Application/User/mc_config.o
                0x0000000020000000                CircleLimitationM1
 .data.DAC_UI_Params
                0x00000000200000b4       0x3c Application/User/mc_config.o
                0x00000000200000b4                DAC_UI_Params
 .data.PIDIdHandle_M1
                0x00000000200000f0       0x2c Application/User/mc_config.o
                0x00000000200000f0                PIDIdHandle_M1
 .data.PIDIqHandle_M1
                0x000000002000011c       0x2c Application/User/mc_config.o
                0x000000002000011c                PIDIqHandle_M1
 .data.PIDSpeedHandle_M1
                0x0000000020000148       0x2c Application/User/mc_config.o
                0x0000000020000148                PIDSpeedHandle_M1
 .data.PQD_MotorPowMeasM1
                0x0000000020000174      0x114 Application/User/mc_config.o
                0x0000000020000174                PQD_MotorPowMeasM1
 .data.PWM_Handle_M1
                0x0000000020000288       0x74 Application/User/mc_config.o
                0x0000000020000288                PWM_Handle_M1
 .data.RampExtMngrHFParamsM1
                0x00000000200002fc       0x18 Application/User/mc_config.o
                0x00000000200002fc                RampExtMngrHFParamsM1
 .data.RealBusVoltageSensorParamsM1
                0x0000000020000314       0x28 Application/User/mc_config.o
                0x0000000020000314                RealBusVoltageSensorParamsM1
 .data.RevUpControlM1
                0x000000002000033c       0x78 Application/User/mc_config.o
                0x000000002000033c                RevUpControlM1
 .data.STO_M1   0x00000000200003b4       0x14 Application/User/mc_config.o
                0x00000000200003b4                STO_M1
 .data.STO_PLL_M1
                0x00000000200003c8      0x128 Application/User/mc_config.o
                0x00000000200003c8                STO_PLL_M1
 .data.SpeednTorqCtrlM1
                0x00000000200004f0       0x34 Application/User/mc_config.o
                0x00000000200004f0                SpeednTorqCtrlM1
 .data.TempSensorParamsM1
                0x0000000020000524       0x28 Application/User/mc_config.o
                0x0000000020000524                TempSensorParamsM1
 .data.UI_Params
                0x000000002000054c       0x30 Application/User/mc_config.o
                0x000000002000054c                UI_Params
 .data.VirtualSpeedSensorM1
                0x000000002000057c       0x38 Application/User/mc_config.o
                0x000000002000057c                VirtualSpeedSensorM1
 .data.pUSART   0x00000000200005b4      0x13c Application/User/mc_config.o
                0x00000000200005b4                pUSART
 .data.wConfig  0x00000000200006f0        0x4 Application/User/motorcontrol.o
                0x00000000200006f0                wConfig
 .data.SystickDividerCounter.13669
                0x00000000200006f4        0x1 Application/User/stm32f4xx_mc_it.o
 *fill*         0x00000000200006f5        0x1 
 .data.bCOMATRTimeCounter
                0x00000000200006f6        0x2 Application/User/ui_task.o
 .data.SystemCoreClock
                0x00000000200006f8        0x4 Drivers/CMSIS/system_stm32f4xx.o
                0x00000000200006f8                SystemCoreClock
 .data.uwTickFreq
                0x00000000200006fc        0x1 Drivers/STM32F4xx_HAL_Driver/stm32f4xx_hal.o
                0x00000000200006fc                uwTickFreq
 *fill*         0x00000000200006fd        0x3 
 .data.uwTickPrio
                0x0000000020000700        0x4 Drivers/STM32F4xx_HAL_Driver/stm32f4xx_hal.o
                0x0000000020000700                uwTickPrio
                0x0000000020000704                . = ALIGN (0x4)
                0x0000000020000704                _edata = .

.igot.plt       0x0000000020000704        0x0 load address 0x000000000800735c
 .igot.plt      0x0000000020000704        0x0 c:/st/stm32cubeide_1.6.0/stm32cubeide/plugins/com.st.stm32cube.ide.mcu.externaltools.gnu-tools-for-stm32.9-2020-q2-update.win32_1.5.0.202011040924/tools/bin/../lib/gcc/arm-none-eabi/9.3.1/thumb/v7e-m+fp/hard/crtbegin.o
                0x0000000020000704                . = ALIGN (0x4)

.bss            0x0000000020000704      0x398 load address 0x000000000800735c
                0x0000000020000704                _sbss = .
                0x0000000020000704                __bss_start__ = _sbss
 *(.bss)
 .bss           0x0000000020000704       0x1c c:/st/stm32cubeide_1.6.0/stm32cubeide/plugins/com.st.stm32cube.ide.mcu.externaltools.gnu-tools-for-stm32.9-2020-q2-update.win32_1.5.0.202011040924/tools/bin/../lib/gcc/arm-none-eabi/9.3.1/thumb/v7e-m+fp/hard/crtbegin.o
 *(.bss*)
 .bss.bMCBootCompleted
                0x0000000020000720        0x1 Application/User/mc_tasks.o
                0x0000000020000720                bMCBootCompleted
 *fill*         0x0000000020000721        0x1 
 .bss.hBootCapDelayCounterM1
                0x0000000020000722        0x2 Application/User/mc_tasks.o
 .bss.hMFTaskCounterM1
                0x0000000020000724        0x2 Application/User/mc_tasks.o
 .bss.hStopPermanencyCounterM1
                0x0000000020000726        0x2 Application/User/mc_tasks.o
 .bss.MPInfo    0x0000000020000728        0x8 Application/User/motor_control_protocol.o
                0x0000000020000728                MPInfo
 .bss.bCOMTimeoutCounter
                0x0000000020000730        0x2 Application/User/ui_task.o
 .bss.bUITaskCounter
                0x0000000020000732        0x2 Application/User/ui_task.o
 .bss.pDAC      0x0000000020000734        0x4 Application/User/ui_task.o
                0x0000000020000734                pDAC
 .bss.pMCP      0x0000000020000738        0x4 Application/User/ui_task.o
                0x0000000020000738                pMCP
 *(COMMON)
 COMMON         0x000000002000073c      0x164 Application/User/main.o
                0x000000002000073c                hadc2
                0x0000000020000784                hadc1
                0x00000000200007cc                hdac
                0x00000000200007e0                htim1
                0x0000000020000820                htim2
                0x0000000020000860                huart2
 COMMON         0x00000000200008a0       0x14 Application/User/mc_config.o
                0x00000000200008a0                RealBusVoltageSensorFilterBufferM1
 COMMON         0x00000000200008b4       0xd4 Application/User/mc_tasks.o
                0x00000000200008b4                pOCPDisabling
                0x00000000200008b8                pTemperatureSensor
                0x00000000200008bc                pwmcHandle
                0x00000000200008c0                pPIDSpeed
                0x00000000200008c4                pPIDIq
                0x00000000200008c8                oMCInterface
                0x00000000200008cc                pR_Brake
                0x00000000200008d0                FOCVars
                0x00000000200008f8                MCT
                0x000000002000094c                pCLM
                0x0000000020000950                pBusSensorM1
                0x0000000020000954                Mci
                0x0000000020000970                STM
                0x0000000020000978                pREMNG
                0x000000002000097c                pMPM
                0x0000000020000980                pPIDId
                0x0000000020000984                pSTC
 COMMON         0x0000000020000988        0x8 Application/User/motorcontrol.o
                0x0000000020000988                pMCI
                0x000000002000098c                pMCT
 COMMON         0x0000000020000990       0x3a Application/User/regular_conversion_manager.o
                0x0000000020000990                RCM_UserConvHandle
                0x0000000020000994                RCM_CB_array
                0x00000000200009b4                RCM_UserConvState
                0x00000000200009b8                RCM_handle_array
                0x00000000200009c8                RCM_UserConvValue
 *fill*         0x00000000200009ca        0x2 
 COMMON         0x00000000200009cc       0xcc Application/User/ui_task.o
                0x00000000200009cc                MCP_UI_Params
 COMMON         0x0000000020000a98        0x4 Drivers/STM32F4xx_HAL_Driver/stm32f4xx_hal.o
                0x0000000020000a98                uwTick
                0x0000000020000a9c                . = ALIGN (0x4)
                0x0000000020000a9c                _ebss = .
                0x0000000020000a9c                __bss_end__ = _ebss

._user_heap_stack
                0x0000000020000a9c      0x604 load address 0x000000000800735c
                0x0000000020000aa0                . = ALIGN (0x8)
 *fill*         0x0000000020000a9c        0x4 
                [!provide]                        PROVIDE (end = .)
                0x0000000020000aa0                PROVIDE (_end = .)
                0x0000000020000ca0                . = (. + _Min_Heap_Size)
 *fill*         0x0000000020000aa0      0x200 
                0x00000000200010a0                . = (. + _Min_Stack_Size)
 *fill*         0x0000000020000ca0      0x400 
                0x00000000200010a0                . = ALIGN (0x8)

/DISCARD/
 libc.a(*)
 libm.a(*)
 libgcc.a(*)

.ARM.attributes
                0x0000000000000000       0x30
 *(.ARM.attributes)
 .ARM.attributes
                0x0000000000000000       0x1e c:/st/stm32cubeide_1.6.0/stm32cubeide/plugins/com.st.stm32cube.ide.mcu.externaltools.gnu-tools-for-stm32.9-2020-q2-update.win32_1.5.0.202011040924/tools/bin/../lib/gcc/arm-none-eabi/9.3.1/thumb/v7e-m+fp/hard/crti.o
 .ARM.attributes
                0x000000000000001e       0x34 c:/st/stm32cubeide_1.6.0/stm32cubeide/plugins/com.st.stm32cube.ide.mcu.externaltools.gnu-tools-for-stm32.9-2020-q2-update.win32_1.5.0.202011040924/tools/bin/../lib/gcc/arm-none-eabi/9.3.1/thumb/v7e-m+fp/hard/crtbegin.o
 .ARM.attributes
                0x0000000000000052       0x21 Application/Startup/startup_stm32f446retx.o
 .ARM.attributes
                0x0000000000000073       0x30 Application/User/dac_ui.o
 .ARM.attributes
                0x00000000000000a3       0x30 Application/User/main.o
 .ARM.attributes
                0x00000000000000d3       0x30 Application/User/mc_api.o
 .ARM.attributes
                0x0000000000000103       0x35 Application/User/mc_config.o
 .ARM.attributes
                0x0000000000000138       0x30 Application/User/mc_interface.o
 .ARM.attributes
                0x0000000000000168       0x30 Application/User/mc_math.o
 .ARM.attributes
                0x0000000000000198       0x35 Application/User/mc_parameters.o
 .ARM.attributes
                0x00000000000001cd       0x30 Application/User/mc_tasks.o
 .ARM.attributes
                0x00000000000001fd       0x30 Application/User/motor_control_protocol.o
 .ARM.attributes
                0x000000000000022d       0x30 Application/User/motorcontrol.o
 .ARM.attributes
                0x000000000000025d       0x30 Application/User/regular_conversion_manager.o
 .ARM.attributes
                0x000000000000028d       0x30 Application/User/stm32f4xx_hal_msp.o
 .ARM.attributes
                0x00000000000002bd       0x30 Application/User/stm32f4xx_mc_it.o
 .ARM.attributes
                0x00000000000002ed       0x30 Application/User/ui_task.o
 .ARM.attributes
                0x000000000000031d       0x30 Application/User/user_interface.o
 .ARM.attributes
                0x000000000000034d       0x30 Drivers/CMSIS/system_stm32f4xx.o
 .ARM.attributes
                0x000000000000037d       0x30 Drivers/STM32F4xx_HAL_Driver/stm32f4xx_hal.o
 .ARM.attributes
                0x00000000000003ad       0x30 Drivers/STM32F4xx_HAL_Driver/stm32f4xx_hal_adc.o
 .ARM.attributes
                0x00000000000003dd       0x30 Drivers/STM32F4xx_HAL_Driver/stm32f4xx_hal_adc_ex.o
 .ARM.attributes
                0x000000000000040d       0x30 Drivers/STM32F4xx_HAL_Driver/stm32f4xx_hal_cortex.o
 .ARM.attributes
                0x000000000000043d       0x30 Drivers/STM32F4xx_HAL_Driver/stm32f4xx_hal_dac.o
 .ARM.attributes
                0x000000000000046d       0x30 Drivers/STM32F4xx_HAL_Driver/stm32f4xx_hal_gpio.o
 .ARM.attributes
                0x000000000000049d       0x30 Drivers/STM32F4xx_HAL_Driver/stm32f4xx_hal_pwr_ex.o
 .ARM.attributes
                0x00000000000004cd       0x30 Drivers/STM32F4xx_HAL_Driver/stm32f4xx_hal_rcc.o
 .ARM.attributes
                0x00000000000004fd       0x30 Drivers/STM32F4xx_HAL_Driver/stm32f4xx_hal_rcc_ex.o
 .ARM.attributes
                0x000000000000052d       0x30 Drivers/STM32F4xx_HAL_Driver/stm32f4xx_hal_tim.o
 .ARM.attributes
                0x000000000000055d       0x30 Drivers/STM32F4xx_HAL_Driver/stm32f4xx_hal_tim_ex.o
 .ARM.attributes
                0x000000000000058d       0x30 Drivers/STM32F4xx_HAL_Driver/stm32f4xx_hal_uart.o
 .ARM.attributes
                0x00000000000005bd       0x30 Middlewares/MotorControl/bus_voltage_sensor.o
 .ARM.attributes
                0x00000000000005ed       0x30 Middlewares/MotorControl/circle_limitation.o
 .ARM.attributes
                0x000000000000061d       0x30 Middlewares/MotorControl/dac_common_ui.o
 .ARM.attributes
                0x000000000000064d       0x30 Middlewares/MotorControl/frame_communication_protocol.o
 .ARM.attributes
                0x000000000000067d       0x30 Middlewares/MotorControl/ics_f4xx_pwm_curr_fdbk.o
 .ARM.attributes
                0x00000000000006ad       0x30 Middlewares/MotorControl/motor_power_measurement.o
 .ARM.attributes
                0x00000000000006dd       0x30 Middlewares/MotorControl/ntc_temperature_sensor.o
 .ARM.attributes
                0x000000000000070d       0x30 Middlewares/MotorControl/pid_regulator.o
 .ARM.attributes
                0x000000000000073d       0x30 Middlewares/MotorControl/pqd_motor_power_measurement.o
 .ARM.attributes
                0x000000000000076d       0x30 Middlewares/MotorControl/pwm_common.o
 .ARM.attributes
                0x000000000000079d       0x30 Middlewares/MotorControl/pwm_curr_fdbk.o
 .ARM.attributes
                0x00000000000007cd       0x30 Middlewares/MotorControl/r_divider_bus_voltage_sensor.o
 .ARM.attributes
                0x00000000000007fd       0x30 Middlewares/MotorControl/ramp_ext_mngr.o
 .ARM.attributes
                0x000000000000082d       0x30 Middlewares/MotorControl/speed_pos_fdbk.o
 .ARM.attributes
                0x000000000000085d       0x30 Middlewares/MotorControl/speed_torq_ctrl.o
 .ARM.attributes
                0x000000000000088d       0x30 Middlewares/MotorControl/state_machine.o
 .ARM.attributes
                0x00000000000008bd       0x30 Middlewares/MotorControl/usart_frame_communication_protocol.o
 .ARM.attributes
                0x00000000000008ed       0x30 Middlewares/MotorControl/virtual_speed_sensor.o
 .ARM.attributes
                0x000000000000091d       0x35 ../../MCSDK_v5.4.5/MotorControl/lib\libmc-gcc_M4_NoCCMRAM.lib(revup_ctrl.o)
 .ARM.attributes
                0x0000000000000952       0x35 ../../MCSDK_v5.4.5/MotorControl/lib\libmc-gcc_M4_NoCCMRAM.lib(sto_pll_speed_pos_fdbk.o)
 .ARM.attributes
                0x0000000000000987       0x34 c:/st/stm32cubeide_1.6.0/stm32cubeide/plugins/com.st.stm32cube.ide.mcu.externaltools.gnu-tools-for-stm32.9-2020-q2-update.win32_1.5.0.202011040924/tools/bin/../lib/gcc/arm-none-eabi/9.3.1/../../../../arm-none-eabi/lib/thumb/v7e-m+fp/hard\libc_nano.a(lib_a-init.o)
 .ARM.attributes
                0x00000000000009bb       0x34 c:/st/stm32cubeide_1.6.0/stm32cubeide/plugins/com.st.stm32cube.ide.mcu.externaltools.gnu-tools-for-stm32.9-2020-q2-update.win32_1.5.0.202011040924/tools/bin/../lib/gcc/arm-none-eabi/9.3.1/../../../../arm-none-eabi/lib/thumb/v7e-m+fp/hard\libc_nano.a(lib_a-memset.o)
 .ARM.attributes
                0x00000000000009ef       0x1e c:/st/stm32cubeide_1.6.0/stm32cubeide/plugins/com.st.stm32cube.ide.mcu.externaltools.gnu-tools-for-stm32.9-2020-q2-update.win32_1.5.0.202011040924/tools/bin/../lib/gcc/arm-none-eabi/9.3.1/thumb/v7e-m+fp/hard\libgcc.a(_aeabi_uldivmod.o)
 .ARM.attributes
                0x0000000000000a0d       0x34 c:/st/stm32cubeide_1.6.0/stm32cubeide/plugins/com.st.stm32cube.ide.mcu.externaltools.gnu-tools-for-stm32.9-2020-q2-update.win32_1.5.0.202011040924/tools/bin/../lib/gcc/arm-none-eabi/9.3.1/thumb/v7e-m+fp/hard\libgcc.a(_udivmoddi4.o)
 .ARM.attributes
                0x0000000000000a41       0x1e c:/st/stm32cubeide_1.6.0/stm32cubeide/plugins/com.st.stm32cube.ide.mcu.externaltools.gnu-tools-for-stm32.9-2020-q2-update.win32_1.5.0.202011040924/tools/bin/../lib/gcc/arm-none-eabi/9.3.1/thumb/v7e-m+fp/hard\libgcc.a(_dvmd_tls.o)
 .ARM.attributes
                0x0000000000000a5f       0x1e c:/st/stm32cubeide_1.6.0/stm32cubeide/plugins/com.st.stm32cube.ide.mcu.externaltools.gnu-tools-for-stm32.9-2020-q2-update.win32_1.5.0.202011040924/tools/bin/../lib/gcc/arm-none-eabi/9.3.1/thumb/v7e-m+fp/hard/crtn.o
OUTPUT(solar_lv_motor.elf elf32-littlearm)
LOAD linker stubs
LOAD c:/st/stm32cubeide_1.6.0/stm32cubeide/plugins/com.st.stm32cube.ide.mcu.externaltools.gnu-tools-for-stm32.9-2020-q2-update.win32_1.5.0.202011040924/tools/bin/../lib/gcc/arm-none-eabi/9.3.1/../../../../arm-none-eabi/lib/thumb/v7e-m+fp/hard\libc.a
LOAD c:/st/stm32cubeide_1.6.0/stm32cubeide/plugins/com.st.stm32cube.ide.mcu.externaltools.gnu-tools-for-stm32.9-2020-q2-update.win32_1.5.0.202011040924/tools/bin/../lib/gcc/arm-none-eabi/9.3.1/../../../../arm-none-eabi/lib/thumb/v7e-m+fp/hard\libm.a
LOAD c:/st/stm32cubeide_1.6.0/stm32cubeide/plugins/com.st.stm32cube.ide.mcu.externaltools.gnu-tools-for-stm32.9-2020-q2-update.win32_1.5.0.202011040924/tools/bin/../lib/gcc/arm-none-eabi/9.3.1/thumb/v7e-m+fp/hard\libgcc.a

.debug_line     0x0000000000000000    0x30e01
 .debug_line    0x0000000000000000       0x8c Application/Startup/startup_stm32f446retx.o
 .debug_line    0x000000000000008c      0xc3d Application/User/dac_ui.o
 .debug_line    0x0000000000000cc9     0x1992 Application/User/main.o
 .debug_line    0x000000000000265b      0xfd4 Application/User/mc_api.o
 .debug_line    0x000000000000362f      0xd55 Application/User/mc_config.o
 .debug_line    0x0000000000004384      0xecb Application/User/mc_interface.o
 .debug_line    0x000000000000524f      0xe7f Application/User/mc_math.o
 .debug_line    0x00000000000060ce      0xd46 Application/User/mc_parameters.o
 .debug_line    0x0000000000006e14     0x181b Application/User/mc_tasks.o
 .debug_line    0x000000000000862f     0x1344 Application/User/motor_control_protocol.o
 .debug_line    0x0000000000009973      0xdb0 Application/User/motorcontrol.o
 .debug_line    0x000000000000a723     0x12c3 Application/User/regular_conversion_manager.o
 .debug_line    0x000000000000b9e6     0x11ca Application/User/stm32f4xx_hal_msp.o
 .debug_line    0x000000000000cbb0     0x112e Application/User/stm32f4xx_mc_it.o
 .debug_line    0x000000000000dcde      0xf94 Application/User/ui_task.o
 .debug_line    0x000000000000ec72     0x1adf Application/User/user_interface.o
 .debug_line    0x0000000000010751      0x833 Drivers/CMSIS/system_stm32f4xx.o
 .debug_line    0x0000000000010f84      0xb26 Drivers/STM32F4xx_HAL_Driver/stm32f4xx_hal.o
 .debug_line    0x0000000000011aaa     0x1734 Drivers/STM32F4xx_HAL_Driver/stm32f4xx_hal_adc.o
 .debug_line    0x00000000000131de     0x12d7 Drivers/STM32F4xx_HAL_Driver/stm32f4xx_hal_adc_ex.o
 .debug_line    0x00000000000144b5      0xdcb Drivers/STM32F4xx_HAL_Driver/stm32f4xx_hal_cortex.o
 .debug_line    0x0000000000015280      0xe9e Drivers/STM32F4xx_HAL_Driver/stm32f4xx_hal_dac.o
 .debug_line    0x000000000001611e      0xda7 Drivers/STM32F4xx_HAL_Driver/stm32f4xx_hal_gpio.o
 .debug_line    0x0000000000016ec5      0xb1e Drivers/STM32F4xx_HAL_Driver/stm32f4xx_hal_pwr_ex.o
 .debug_line    0x00000000000179e3     0x116e Drivers/STM32F4xx_HAL_Driver/stm32f4xx_hal_rcc.o
 .debug_line    0x0000000000018b51     0x1961 Drivers/STM32F4xx_HAL_Driver/stm32f4xx_hal_rcc_ex.o
 .debug_line    0x000000000001a4b2     0x4ef0 Drivers/STM32F4xx_HAL_Driver/stm32f4xx_hal_tim.o
 .debug_line    0x000000000001f3a2     0x1591 Drivers/STM32F4xx_HAL_Driver/stm32f4xx_hal_tim_ex.o
 .debug_line    0x0000000000020933     0x280a Drivers/STM32F4xx_HAL_Driver/stm32f4xx_hal_uart.o
 .debug_line    0x000000000002313d      0x954 Middlewares/MotorControl/bus_voltage_sensor.o
 .debug_line    0x0000000000023a91      0x953 Middlewares/MotorControl/circle_limitation.o
 .debug_line    0x00000000000243e4      0xc1f Middlewares/MotorControl/dac_common_ui.o
 .debug_line    0x0000000000025003      0xd46 Middlewares/MotorControl/frame_communication_protocol.o
 .debug_line    0x0000000000025d49     0x1652 Middlewares/MotorControl/ics_f4xx_pwm_curr_fdbk.o
 .debug_line    0x000000000002739b      0x9e1 Middlewares/MotorControl/motor_power_measurement.o
 .debug_line    0x0000000000027d7c      0xa9d Middlewares/MotorControl/ntc_temperature_sensor.o
 .debug_line    0x0000000000028819      0xcf0 Middlewares/MotorControl/pid_regulator.o
 .debug_line    0x0000000000029509      0x9a0 Middlewares/MotorControl/pqd_motor_power_measurement.o
 .debug_line    0x0000000000029ea9      0xaac Middlewares/MotorControl/pwm_common.o
 .debug_line    0x000000000002a955      0xe8c Middlewares/MotorControl/pwm_curr_fdbk.o
 .debug_line    0x000000000002b7e1      0xc83 Middlewares/MotorControl/r_divider_bus_voltage_sensor.o
 .debug_line    0x000000000002c464      0xb14 Middlewares/MotorControl/ramp_ext_mngr.o
 .debug_line    0x000000000002cf78      0xa83 Middlewares/MotorControl/speed_pos_fdbk.o
 .debug_line    0x000000000002d9fb      0xd39 Middlewares/MotorControl/speed_torq_ctrl.o
 .debug_line    0x000000000002e734      0xb4e Middlewares/MotorControl/state_machine.o
 .debug_line    0x000000000002f282      0xdb3 Middlewares/MotorControl/usart_frame_communication_protocol.o
 .debug_line    0x0000000000030035      0xdcc Middlewares/MotorControl/virtual_speed_sensor.o

.debug_info     0x0000000000000000    0x52971
 .debug_info    0x0000000000000000       0x22 Application/Startup/startup_stm32f446retx.o
 .debug_info    0x0000000000000022     0x30fa Application/User/dac_ui.o
 .debug_info    0x000000000000311c     0x5c85 Application/User/main.o
 .debug_info    0x0000000000008da1     0x3acb Application/User/mc_api.o
 .debug_info    0x000000000000c86c     0x35ad Application/User/mc_config.o
 .debug_info    0x000000000000fe19     0x126e Application/User/mc_interface.o
 .debug_info    0x0000000000011087      0x732 Application/User/mc_math.o
 .debug_info    0x00000000000117b9     0x3479 Application/User/mc_parameters.o
 .debug_info    0x0000000000014c32     0x4aca Application/User/mc_tasks.o
 .debug_info    0x00000000000196fc     0x3d6e Application/User/motor_control_protocol.o
 .debug_info    0x000000000001d46a     0x35b4 Application/User/motorcontrol.o
 .debug_info    0x0000000000020a1e     0x3bd6 Application/User/regular_conversion_manager.o
 .debug_info    0x00000000000245f4     0x4793 Application/User/stm32f4xx_hal_msp.o