main.c:457:6:SystemClock_Config	112	static,ignoring_inline_asm
main.c:955:6:state000	8	static
main.c:966:6:state001	16	static
main.c:1012:6:state002	16	static
main.c:1035:6:state003	8	static
main.c:1043:6:state099	8	static
main.c:1052:6:state100	0	static
main.c:1060:6:state101	16	static
main.c:1088:6:state102	8	static
main.c:1106:6:state103	8	static
main.c:1116:6:state104	8	static
main.c:1129:6:state105	8	static
main.c:1147:6:state106	8	static
main.c:1165:6:state107	8	static
main.c:1185:6:state108	8	static
main.c:1204:6:state109	8	static
main.c:1223:6:state110	0	static
main.c:1244:6:state111	0	static
main.c:1266:6:state200	0	static
main.c:1274:6:state201	8	static
main.c:1295:6:state202	8	static
main.c:1319:6:state203	0	static
main.c:1327:6:state204	24	static
main.c:1378:6:state298	8	static
main.c:1404:6:state300	0	static
main.c:1412:6:state301	16	static
main.c:1426:6:state302	16	static
main.c:1440:6:state303	24	static
main.c:1457:6:state304	24	static
main.c:1569:6:state400	0	static
main.c:1577:6:state401	16	static
main.c:1592:6:state402	0	static
main.c:1601:6:state403	16	static
main.c:1616:6:state404	16	static
main.c:1631:6:state405	0	static
main.c:1640:6:state406	8	static
main.c:1654:6:state500	0	static
main.c:1662:6:state501	0	static
main.c:1670:6:state502	0	static
main.c:1678:6:state503	0	static
main.c:1687:6:state600	0	static
main.c:1695:6:state601	0	static
main.c:1703:6:state602	0	static
main.c:1711:6:state603	0	static
main.c:1720:6:state700	24	static
main.c:1735:6:state701	8	static
main.c:1744:6:state702	8	static
main.c:1753:6:state703	8	static
main.c:1762:6:state704	8	static
main.c:1771:6:state705	8	static
main.c:1784:6:state706	8	static
main.c:1797:6:state707	24	static
main.c:1817:7:convertTempVal	8	static
main.c:1829:6:printState	8	static
main.c:303:5:main	128	static,ignoring_inline_asm
main.c:1836:6:printNum	8	static
main.c:1850:6:Error_Handler	0	static,ignoring_inline_asm
