main.c:485:6:SystemClock_Config	112	static,ignoring_inline_asm
main.c:983:6:state000	8	static
main.c:993:6:state001	16	static
main.c:1036:6:state002	16	static
main.c:1059:6:state099	8	static
main.c:1068:6:state100	0	static
main.c:1076:6:state101	16	static
main.c:1101:6:state102	8	static
main.c:1119:6:state103	8	static
main.c:1129:6:state104	8	static
main.c:1138:6:state105	8	static
main.c:1156:6:state106	8	static
main.c:1174:6:state107	8	static
main.c:1194:6:state108	8	static
main.c:1213:6:state109	8	static
main.c:1232:6:state110	0	static
main.c:1253:6:state111	0	static
main.c:1275:6:state200	0	static
main.c:1283:6:state201	0	static
main.c:1291:6:state202	0	static
main.c:1299:6:state203	0	static
main.c:1308:6:state300	0	static
main.c:1316:6:state301	16	static
main.c:1330:6:state302	0	static
main.c:1339:6:state303	16	static
main.c:1353:6:state304	16	static
main.c:1367:6:state305	0	static
main.c:1376:6:state306	8	static
main.c:1389:6:state399	0	static
main.c:1402:6:state400	0	static
main.c:1410:6:state401	8	static
main.c:1431:6:state402	8	static
main.c:1455:6:state403	0	static
main.c:1463:6:state404	24	static
main.c:1514:6:state498	8	static
main.c:1540:6:state500	0	static
main.c:1548:6:state501	16	static
main.c:1562:6:state502	16	static
main.c:1576:6:state503	24	static
main.c:1593:6:state504	24	static
main.c:1695:6:state505	0	static
main.c:1704:6:state600	0	static
main.c:1712:6:state601	0	static
main.c:1720:6:state602	0	static
main.c:1728:6:state603	0	static
main.c:1746:6:state701	16	static
main.c:1755:6:state702	16	static
main.c:1764:6:state703	16	static
main.c:1773:6:state704	16	static
main.c:1802:6:state707	24	static
main.c:1826:7:convertTempVal	8	static
main.c:1841:6:hardFault	16	static
main.c:1737:6:state700	8	static
main.c:1853:6:printState	8	static
main.c:1782:6:state705	8	static
main.c:1792:6:state706	8	static
main.c:330:5:main	128	static,ignoring_inline_asm
main.c:1863:6:printNum	8	static
main.c:1877:6:Error_Handler	0	static,ignoring_inline_asm
