main.c:457:6:SystemClock_Config	112	static,ignoring_inline_asm
main.c:955:6:state000	8	static
main.c:965:6:state001	16	static
main.c:1008:6:state002	16	static
main.c:1030:6:state003	8	static
main.c:1038:6:state099	8	static
main.c:1047:6:state100	0	static
main.c:1055:6:state101	16	static
main.c:1080:6:state102	8	static
main.c:1098:6:state103	8	static
main.c:1108:6:state104	8	static
main.c:1117:6:state105	8	static
main.c:1135:6:state106	8	static
main.c:1153:6:state107	8	static
main.c:1173:6:state108	8	static
main.c:1192:6:state109	8	static
main.c:1211:6:state110	0	static
main.c:1232:6:state111	0	static
main.c:1254:6:state200	0	static
main.c:1262:6:state201	8	static
main.c:1283:6:state202	8	static
main.c:1307:6:state203	0	static
main.c:1315:6:state204	24	static
main.c:1366:6:state298	8	static
main.c:1392:6:state300	0	static
main.c:1400:6:state301	16	static
main.c:1414:6:state302	16	static
main.c:1428:6:state303	24	static
main.c:1445:6:state304	24	static
main.c:1538:6:state400	0	static
main.c:1546:6:state401	16	static
main.c:1561:6:state402	0	static
main.c:1570:6:state403	16	static
main.c:1585:6:state404	16	static
main.c:1600:6:state405	0	static
main.c:1609:6:state406	8	static
main.c:1623:6:state500	0	static
main.c:1631:6:state501	0	static
main.c:1639:6:state502	0	static
main.c:1647:6:state503	0	static
main.c:1656:6:state600	0	static
main.c:1664:6:state601	0	static
main.c:1672:6:state602	0	static
main.c:1680:6:state603	0	static
main.c:1689:6:state700	24	static
main.c:1764:6:state707	24	static
main.c:1784:7:convertTempVal	8	static
main.c:1796:6:printState	8	static
main.c:1704:6:state701	8	static
main.c:1714:6:state702	8	static
main.c:1724:6:state703	8	static
main.c:1734:6:state704	8	static
main.c:1744:6:state705	8	static
main.c:1754:6:state706	8	static
main.c:303:5:main	128	static,ignoring_inline_asm
main.c:1803:6:printNum	8	static
main.c:1817:6:Error_Handler	0	static,ignoring_inline_asm
