main.c:434:6:SystemClock_Config	112	static,ignoring_inline_asm
main.c:932:6:state000	0	static
main.c:942:6:state001	8	static
main.c:952:6:state099	0	static
main.c:961:6:state100	0	static
main.c:969:6:state101	0	static
main.c:978:6:state102	8	static
main.c:996:6:state103	8	static
main.c:1006:6:state104	8	static
main.c:1015:6:state105	8	static
main.c:1033:6:state106	8	static
main.c:1051:6:state107	8	static
main.c:1071:6:state108	8	static
main.c:1090:6:state109	8	static
main.c:1109:6:state110	0	static
main.c:1130:6:state111	0	static
main.c:1152:6:state200	0	static
main.c:1160:6:state201	8	static
main.c:1169:6:state202	8	static
main.c:1194:6:state298	8	static
main.c:1220:6:state300	0	static
main.c:1228:6:state301	0	static
main.c:1236:6:state302	0	static
main.c:1244:6:state303	0	static
main.c:1253:6:state400	0	static
main.c:1261:6:state401	16	static
main.c:1276:6:state402	16	static
main.c:1292:6:state403	16	static
main.c:1307:6:state404	16	static
main.c:1322:6:state405	16	static
main.c:1342:6:state406	16	static
main.c:1362:6:state407	24	static
main.c:1385:6:state499	8	static
main.c:1404:6:state500	0	static
main.c:1412:6:state501	24	static
main.c:1462:6:state502	16	static
main.c:1476:6:state503	16	static
main.c:1490:6:state504	24	static
main.c:1507:6:state505	24	static
main.c:1613:6:state600	0	static
main.c:1621:6:state601	0	static
main.c:1629:6:state602	0	static
main.c:1637:6:state603	0	static
main.c:1650:6:fsmInit	16	static
main.c:332:5:main	144	static,ignoring_inline_asm
main.c:1698:7:convertTempVal	8	static
main.c:1713:6:faultState	8	static
main.c:1724:6:clearFault	8	static
main.c:1733:6:printState	8	static
main.c:1743:6:printNum	8	static
main.c:1757:6:Error_Handler	0	static,ignoring_inline_asm
