main.c:457:6:SystemClock_Config	112	static,ignoring_inline_asm
main.c:955:6:state000	16	static
main.c:970:6:state001	16	static
main.c:1016:6:state002	0	static
main.c:1024:6:state003	8	static
main.c:1032:6:state099	8	static
main.c:1041:6:state100	0	static
main.c:1049:6:state101	0	static
main.c:1058:6:state102	8	static
main.c:1076:6:state103	8	static
main.c:1086:6:state104	8	static
main.c:1099:6:state105	8	static
main.c:1117:6:state106	8	static
main.c:1135:6:state107	8	static
main.c:1155:6:state108	8	static
main.c:1174:6:state109	8	static
main.c:1193:6:state110	0	static
main.c:1214:6:state111	0	static
main.c:1236:6:state200	0	static
main.c:1244:6:state201	16	static
main.c:1265:6:state202	8	static
main.c:1289:6:state203	0	static
main.c:1297:6:state204	24	static
main.c:1348:6:state298	8	static
main.c:1374:6:state300	0	static
main.c:1382:6:state301	16	static
main.c:1396:6:state302	16	static
main.c:1410:6:state303	24	static
main.c:1427:6:state304	24	static
main.c:1539:6:state400	0	static
main.c:1547:6:state401	16	static
main.c:1562:6:state402	0	static
main.c:1571:6:state403	16	static
main.c:1586:6:state404	16	static
main.c:1601:6:state405	0	static
main.c:1610:6:state406	8	static
main.c:1624:6:state500	0	static
main.c:1632:6:state501	0	static
main.c:1640:6:state502	0	static
main.c:1648:6:state503	0	static
main.c:1657:6:state600	0	static
main.c:1665:6:state601	0	static
main.c:1673:6:state602	0	static
main.c:1681:6:state603	0	static
main.c:1690:6:state700	24	static
main.c:1705:6:state701	8	static
main.c:1718:6:state702	8	static
main.c:1731:6:state703	8	static
main.c:1744:6:state704	8	static
main.c:1757:6:state705	8	static
main.c:1770:6:state706	8	static
main.c:1783:7:convertTempVal	8	static
main.c:1795:6:printState	8	static
main.c:300:5:main	128	static,ignoring_inline_asm
main.c:1802:6:printNum	8	static
main.c:1816:6:Error_Handler	0	static,ignoring_inline_asm
