main.c:488:6:SystemClock_Config	112	static,ignoring_inline_asm
main.c:976:6:state000	8	static
main.c:991:6:state001	8	static
main.c:1001:6:state099	0	static
main.c:1010:6:state100	0	static
main.c:1018:6:state101	0	static
main.c:1027:6:state102	8	static
main.c:1045:6:state103	8	static
main.c:1055:6:state104	8	static
main.c:1064:6:state105	8	static
main.c:1082:6:state106	8	static
main.c:1100:6:state107	8	static
main.c:1120:6:state108	8	static
main.c:1139:6:state109	8	static
main.c:1158:6:state110	0	static
main.c:1179:6:state111	0	static
main.c:1201:6:state200	0	static
main.c:1209:6:state201	8	static
main.c:1219:6:state202	24	static
main.c:1237:6:state298	8	static
main.c:1258:6:state299	8	static
main.c:1279:6:state300	0	static
main.c:1287:6:state301	8	static
main.c:1296:6:state302	0	static
main.c:1304:6:state303	0	static
main.c:1313:6:state400	0	static
main.c:1321:6:state401	16	static
main.c:1336:6:state402	16	static
main.c:1352:6:state403	16	static
main.c:1367:6:state404	16	static
main.c:1382:6:state405	16	static
main.c:1405:6:state406	16	static
main.c:1428:6:state407	24	static
main.c:1450:6:state499	8	static
main.c:1473:6:state500	0	static
main.c:1481:6:state501	24	static
main.c:1580:6:state502	16	static
main.c:1594:6:state503	16	static
main.c:1608:6:state504	24	static
main.c:1625:6:state505	32	static
main.c:1728:6:state600	0	static
main.c:1738:6:state601	16	static
main.c:1747:6:state602	24	static
main.c:1758:6:state603	24	static
main.c:1767:6:state604	16	static
main.c:1776:6:state605	24	static
main.c:1786:6:state699	16	static
main.c:1826:7:fsmInit	16	static
main.c:382:5:main	136	static,ignoring_inline_asm
main.c:1884:7:convertTempVal	8	static
main.c:1899:6:faultState	8	static
main.c:1910:6:clearFault	8	static
main.c:1919:6:sendCANMessage	16	static
main.c:1955:6:printState	8	static
main.c:1965:6:printNum	8	static
main.c:1979:6:Error_Handler	0	static,ignoring_inline_asm
