main.c:467:6:SystemClock_Config	112	static,ignoring_inline_asm
main.c:964:6:state000	16	static
main.c:979:6:state001	16	static
main.c:1027:6:state002	8	static
main.c:1035:6:state003	8	static
main.c:1043:6:state099	0	static
main.c:1052:6:state100	0	static
main.c:1061:6:state101	0	static
main.c:1069:6:state102	8	static
main.c:1094:6:state103	0	static
main.c:1102:6:state104	24	static
main.c:1155:6:state198	8	static
main.c:1181:6:state199	16	static
main.c:1193:6:state200	16	static
main.c:1202:6:state201	8	static
main.c:1216:6:state202	16	static
main.c:1230:6:state203	8	static
main.c:1240:6:state204	16	static
main.c:1357:6:state299	0	static
main.c:1366:6:state300	8	static
main.c:1377:6:state301	0	static
main.c:1385:6:state302	0	static
main.c:1393:6:state303	0	static
main.c:1401:6:state399	0	static
main.c:1410:6:state400	16	static
main.c:1421:6:state401	0	static
main.c:1429:6:state402	0	static
main.c:1437:6:state403	0	static
main.c:1445:6:state404	0	static
main.c:1453:6:state405	8	static
main.c:1472:6:state406	8	static
main.c:1491:6:state407	0	static
main.c:1499:6:state408	0	static
main.c:1507:6:state409	0	static
main.c:1515:6:state410	0	static
main.c:1523:6:state411	0	static
main.c:1531:6:state499	16	static
main.c:1543:6:state500	0	static
main.c:1551:6:state501	0	static
main.c:1559:6:state502	0	static
main.c:1567:6:state503	0	static
main.c:1575:6:state599	0	static
main.c:1584:6:state600	0	static
main.c:1592:6:state601	0	static
main.c:1600:6:state602	0	static
main.c:1608:6:state603	0	static
main.c:1616:6:state699	0	static
main.c:1625:6:state700	24	static
main.c:1640:6:state701	16	static
main.c:1651:6:state702	16	static
main.c:1662:6:state703	16	static
main.c:1673:6:state704	16	static
main.c:1684:6:state705	16	static
main.c:1695:6:state706	16	static
main.c:1706:6:state799	8	static
main.c:1716:10:convertTempVal	8	static
main.c:1728:6:printState	8	static
main.c:300:5:main	128	static,ignoring_inline_asm
main.c:1735:6:printNum	8	static
main.c:1748:6:Error_Handler	0	static,ignoring_inline_asm
