C:/Users/user/Desktop/ENPH479_2020_MotorController/Firmware/solar_lv_motor/Src/main.c:358:6:HAL_CAN_RxFifo0MsgPendingCallback	16	static
C:/Users/user/Desktop/ENPH479_2020_MotorController/Firmware/solar_lv_motor/Src/main.c:497:6:SystemClock_Config	96	static,ignoring_inline_asm
C:/Users/user/Desktop/ENPH479_2020_MotorController/Firmware/solar_lv_motor/Src/main.c:1023:6:state000	24	static
C:/Users/user/Desktop/ENPH479_2020_MotorController/Firmware/solar_lv_motor/Src/main.c:1036:6:state001	8	static
C:/Users/user/Desktop/ENPH479_2020_MotorController/Firmware/solar_lv_motor/Src/main.c:1046:6:state099	8	static
C:/Users/user/Desktop/ENPH479_2020_MotorController/Firmware/solar_lv_motor/Src/main.c:1055:6:state100	0	static
C:/Users/user/Desktop/ENPH479_2020_MotorController/Firmware/solar_lv_motor/Src/main.c:1063:6:state101	0	static
C:/Users/user/Desktop/ENPH479_2020_MotorController/Firmware/solar_lv_motor/Src/main.c:1072:6:state102	8	static
C:/Users/user/Desktop/ENPH479_2020_MotorController/Firmware/solar_lv_motor/Src/main.c:1090:6:state103	8	static
C:/Users/user/Desktop/ENPH479_2020_MotorController/Firmware/solar_lv_motor/Src/main.c:1100:6:state104	8	static
C:/Users/user/Desktop/ENPH479_2020_MotorController/Firmware/solar_lv_motor/Src/main.c:1109:6:state105	8	static
C:/Users/user/Desktop/ENPH479_2020_MotorController/Firmware/solar_lv_motor/Src/main.c:1127:6:state106	8	static
C:/Users/user/Desktop/ENPH479_2020_MotorController/Firmware/solar_lv_motor/Src/main.c:1145:6:state107	8	static
C:/Users/user/Desktop/ENPH479_2020_MotorController/Firmware/solar_lv_motor/Src/main.c:1165:6:state108	8	static
C:/Users/user/Desktop/ENPH479_2020_MotorController/Firmware/solar_lv_motor/Src/main.c:1184:6:state109	8	static
C:/Users/user/Desktop/ENPH479_2020_MotorController/Firmware/solar_lv_motor/Src/main.c:1203:6:state110	0	static
C:/Users/user/Desktop/ENPH479_2020_MotorController/Firmware/solar_lv_motor/Src/main.c:1224:6:state111	0	static
C:/Users/user/Desktop/ENPH479_2020_MotorController/Firmware/solar_lv_motor/Src/main.c:1246:6:state200	0	static
C:/Users/user/Desktop/ENPH479_2020_MotorController/Firmware/solar_lv_motor/Src/main.c:1254:6:state201	8	static
C:/Users/user/Desktop/ENPH479_2020_MotorController/Firmware/solar_lv_motor/Src/main.c:1264:6:state202	0	static
C:/Users/user/Desktop/ENPH479_2020_MotorController/Firmware/solar_lv_motor/Src/main.c:1273:6:state298	8	static
C:/Users/user/Desktop/ENPH479_2020_MotorController/Firmware/solar_lv_motor/Src/main.c:1294:6:state299	8	static
C:/Users/user/Desktop/ENPH479_2020_MotorController/Firmware/solar_lv_motor/Src/main.c:1315:6:state300	0	static
C:/Users/user/Desktop/ENPH479_2020_MotorController/Firmware/solar_lv_motor/Src/main.c:1323:6:state301	8	static
C:/Users/user/Desktop/ENPH479_2020_MotorController/Firmware/solar_lv_motor/Src/main.c:1332:6:state302	0	static
C:/Users/user/Desktop/ENPH479_2020_MotorController/Firmware/solar_lv_motor/Src/main.c:1340:6:state303	0	static
C:/Users/user/Desktop/ENPH479_2020_MotorController/Firmware/solar_lv_motor/Src/main.c:1349:6:state400	0	static
C:/Users/user/Desktop/ENPH479_2020_MotorController/Firmware/solar_lv_motor/Src/main.c:1358:6:state401	16	static
C:/Users/user/Desktop/ENPH479_2020_MotorController/Firmware/solar_lv_motor/Src/main.c:1373:6:state402	16	static
C:/Users/user/Desktop/ENPH479_2020_MotorController/Firmware/solar_lv_motor/Src/main.c:1389:6:state403	16	static
C:/Users/user/Desktop/ENPH479_2020_MotorController/Firmware/solar_lv_motor/Src/main.c:1404:6:state404	16	static
C:/Users/user/Desktop/ENPH479_2020_MotorController/Firmware/solar_lv_motor/Src/main.c:1419:6:state405	16	static
C:/Users/user/Desktop/ENPH479_2020_MotorController/Firmware/solar_lv_motor/Src/main.c:1442:6:state406	16	static
C:/Users/user/Desktop/ENPH479_2020_MotorController/Firmware/solar_lv_motor/Src/main.c:1465:6:state407	16	static
C:/Users/user/Desktop/ENPH479_2020_MotorController/Firmware/solar_lv_motor/Src/main.c:1487:6:state499	8	static
C:/Users/user/Desktop/ENPH479_2020_MotorController/Firmware/solar_lv_motor/Src/main.c:1510:6:state500	0	static
C:/Users/user/Desktop/ENPH479_2020_MotorController/Firmware/solar_lv_motor/Src/main.c:1518:6:state501	24	static
C:/Users/user/Desktop/ENPH479_2020_MotorController/Firmware/solar_lv_motor/Src/main.c:1625:6:state502	16	static
C:/Users/user/Desktop/ENPH479_2020_MotorController/Firmware/solar_lv_motor/Src/main.c:1640:6:state503	16	static
C:/Users/user/Desktop/ENPH479_2020_MotorController/Firmware/solar_lv_motor/Src/main.c:1655:6:state504	24	static
C:/Users/user/Desktop/ENPH479_2020_MotorController/Firmware/solar_lv_motor/Src/main.c:1673:6:state505	24	static
C:/Users/user/Desktop/ENPH479_2020_MotorController/Firmware/solar_lv_motor/Src/main.c:1777:6:state600	0	static
C:/Users/user/Desktop/ENPH479_2020_MotorController/Firmware/solar_lv_motor/Src/main.c:1786:6:state601	16	static
C:/Users/user/Desktop/ENPH479_2020_MotorController/Firmware/solar_lv_motor/Src/main.c:1831:6:state604	16	static
C:/Users/user/Desktop/ENPH479_2020_MotorController/Firmware/solar_lv_motor/Src/main.c:1862:6:state699	16	static
C:/Users/user/Desktop/ENPH479_2020_MotorController/Firmware/solar_lv_motor/Src/main.c:1902:7:fsmInit	16	static
C:/Users/user/Desktop/ENPH479_2020_MotorController/Firmware/solar_lv_motor/Src/main.c:1956:7:convertTempVal	8	static
C:/Users/user/Desktop/ENPH479_2020_MotorController/Firmware/solar_lv_motor/Src/main.c:1971:6:faultState	8	static
C:/Users/user/Desktop/ENPH479_2020_MotorController/Firmware/solar_lv_motor/Src/main.c:1982:6:clearFault	8	static
C:/Users/user/Desktop/ENPH479_2020_MotorController/Firmware/solar_lv_motor/Src/main.c:1991:6:sendCANMessage	16	static
C:/Users/user/Desktop/ENPH479_2020_MotorController/Firmware/solar_lv_motor/Src/main.c:1799:7:state602	16	static
C:/Users/user/Desktop/ENPH479_2020_MotorController/Firmware/solar_lv_motor/Src/main.c:1815:6:state603	16	static
C:/Users/user/Desktop/ENPH479_2020_MotorController/Firmware/solar_lv_motor/Src/main.c:1844:6:state605	16	static
C:/Users/user/Desktop/ENPH479_2020_MotorController/Firmware/solar_lv_motor/Src/main.c:2025:6:printState	8	static
C:/Users/user/Desktop/ENPH479_2020_MotorController/Firmware/solar_lv_motor/Src/main.c:375:5:main	144	static,ignoring_inline_asm
C:/Users/user/Desktop/ENPH479_2020_MotorController/Firmware/solar_lv_motor/Src/main.c:2035:6:printNum	8	static
C:/Users/user/Desktop/ENPH479_2020_MotorController/Firmware/solar_lv_motor/Src/main.c:2049:6:Error_Handler	0	static,ignoring_inline_asm
