main.c:434:6:SystemClock_Config	112	static,ignoring_inline_asm
main.c:923:6:state000	8	static
main.c:937:6:state001	8	static
main.c:947:6:state099	0	static
main.c:956:6:state100	0	static
main.c:964:6:state101	0	static
main.c:973:6:state102	8	static
main.c:993:6:state103	8	static
main.c:1003:6:state104	8	static
main.c:1012:6:state105	8	static
main.c:1030:6:state106	8	static
main.c:1048:6:state107	8	static
main.c:1068:6:state108	8	static
main.c:1087:6:state109	8	static
main.c:1106:6:state110	0	static
main.c:1127:6:state111	0	static
main.c:1149:6:state200	0	static
main.c:1157:6:state201	8	static
main.c:1166:6:state202	8	static
main.c:1191:6:state298	8	static
main.c:1217:6:state300	0	static
main.c:1225:6:state301	0	static
main.c:1233:6:state302	0	static
main.c:1241:6:state303	0	static
main.c:1250:6:state400	0	static
main.c:1258:6:state401	16	static
main.c:1273:6:state402	16	static
main.c:1289:6:state403	16	static
main.c:1304:6:state404	16	static
main.c:1319:6:state405	16	static
main.c:1342:6:state406	16	static
main.c:1365:6:state407	24	static
main.c:1387:6:state499	8	static
main.c:1410:6:state500	0	static
main.c:1418:6:state501	24	static
main.c:1468:6:state502	16	static
main.c:1482:6:state503	16	static
main.c:1496:6:state504	24	static
main.c:1513:6:state505	24	static
main.c:1619:6:state600	0	static
main.c:1627:6:state601	0	static
main.c:1635:6:state602	0	static
main.c:1643:6:state603	0	static
main.c:1656:6:fsmInit	16	static
main.c:332:5:main	144	static,ignoring_inline_asm
main.c:1709:7:convertTempVal	8	static
main.c:1724:6:faultState	8	static
main.c:1735:6:clearFault	8	static
main.c:1744:6:printState	8	static
main.c:1754:6:printNum	8	static
main.c:1768:6:Error_Handler	0	static,ignoring_inline_asm
