C:/Users/user/Desktop/ENPH479_2020_MotorController/Firmware/solar_lv_motor/Src/stm32f4xx_mc_it.c:70:6:ADC_IRQHandler	0	static
C:/Users/user/Desktop/ENPH479_2020_MotorController/Firmware/solar_lv_motor/Src/stm32f4xx_mc_it.c:101:6:TIM1_UP_TIM10_IRQHandler	0	static
C:/Users/user/Desktop/ENPH479_2020_MotorController/Firmware/solar_lv_motor/Src/stm32f4xx_mc_it.c:119:6:TIM1_BRK_TIM9_IRQHandler	8	static
C:/Users/user/Desktop/ENPH479_2020_MotorController/Firmware/solar_lv_motor/Src/stm32f4xx_mc_it.c:143:6:USART2_IRQHandler	16	static
C:/Users/user/Desktop/ENPH479_2020_MotorController/Firmware/solar_lv_motor/Src/stm32f4xx_mc_it.c:193:6:HardFault_Handler	16	static
C:/Users/user/Desktop/ENPH479_2020_MotorController/Firmware/solar_lv_motor/Src/stm32f4xx_mc_it.c:241:6:SysTick_Handler	8	static
