C:/Users/user/Desktop/ENPH479_2020_MotorController/Firmware/solar_lv_motor/Src/stm32f4xx_hal_msp.c:66:6:HAL_MspInit	8	static
C:/Users/user/Desktop/ENPH479_2020_MotorController/Firmware/solar_lv_motor/Src/stm32f4xx_hal_msp.c:90:6:HAL_ADC_MspInit	56	static
C:/Users/user/Desktop/ENPH479_2020_MotorController/Firmware/solar_lv_motor/Src/stm32f4xx_hal_msp.c:166:6:HAL_ADC_MspDeInit	8	static
C:/Users/user/Desktop/ENPH479_2020_MotorController/Firmware/solar_lv_motor/Src/stm32f4xx_hal_msp.c:243:6:HAL_CAN_MspInit	48	static
C:/Users/user/Desktop/ENPH479_2020_MotorController/Firmware/solar_lv_motor/Src/stm32f4xx_hal_msp.c:282:6:HAL_CAN_MspDeInit	8	static
C:/Users/user/Desktop/ENPH479_2020_MotorController/Firmware/solar_lv_motor/Src/stm32f4xx_hal_msp.c:313:6:HAL_TIM_Base_MspInit	48	static
C:/Users/user/Desktop/ENPH479_2020_MotorController/Firmware/solar_lv_motor/Src/stm32f4xx_hal_msp.c:353:6:HAL_TIM_MspPostInit	48	static
C:/Users/user/Desktop/ENPH479_2020_MotorController/Firmware/solar_lv_motor/Src/stm32f4xx_hal_msp.c:398:6:HAL_TIM_Base_MspDeInit	8	static
C:/Users/user/Desktop/ENPH479_2020_MotorController/Firmware/solar_lv_motor/Src/stm32f4xx_hal_msp.c:451:6:HAL_UART_MspInit	40	static
C:/Users/user/Desktop/ENPH479_2020_MotorController/Firmware/solar_lv_motor/Src/stm32f4xx_hal_msp.c:487:6:HAL_UART_MspDeInit	8	static
