stm32f4xx_hal_msp.c:66:6:HAL_MspInit	8	static
stm32f4xx_hal_msp.c:90:6:HAL_ADC_MspInit	64	static
stm32f4xx_hal_msp.c:166:6:HAL_ADC_MspDeInit	8	static
stm32f4xx_hal_msp.c:243:6:HAL_CAN_MspInit	48	static
stm32f4xx_hal_msp.c:279:6:HAL_CAN_MspDeInit	0	static
stm32f4xx_hal_msp.c:308:6:HAL_TIM_Base_MspInit	56	static
stm32f4xx_hal_msp.c:348:6:HAL_TIM_MspPostInit	48	static
stm32f4xx_hal_msp.c:393:6:HAL_TIM_Base_MspDeInit	8	static
stm32f4xx_hal_msp.c:446:6:HAL_UART_MspInit	48	static
stm32f4xx_hal_msp.c:482:6:HAL_UART_MspDeInit	8	static
